---------------------------------------
Begin Slurm Prolog: Jun-08-2026 08:56:01
Job ID:    9622359
User ID:   hjiang420
Account:   gts-aivanova7-lab
Job name:  job5b_pythia_resume.sh
Partition: gpu-a100
QOS:       inferno
---------------------------------------
Resuming from: runs/pythia-5b/checkpoint_0076292
Tokens so far: 2499936256 | Training until: 3749936256
Warning: You are sending unauthenticated requests to the HF Hub. Please set a HF_TOKEN to enable higher rate limits and faster downloads.
Loading EleutherAI/pythia-160m ...
Params: 162,914,304 total, 162,914,304 trainable
Layer split: Pre=3, Loop=6, Coda=3
mu_rec=1, mu_bwd=1 (= ceil(1/2))
Effective batch: 32768 tokens = 16 seqs x 2048 tok
Grad accum: 4 | World size: 1
Max steps: 114,438 | Warmup: 1144 | Cooldown: 11443
Resumed from step 76292, 2,499,936,256 tokens
wandb: [wandb.login()] Loaded credentials for https://api.wandb.ai from /storage/home/hcoda1/3/hjiang420/.netrc.
wandb: Currently logged in as: henryyjiang42 (henryyjiang42-georgia-institute-of-technology) to https://api.wandb.ai. Use `wandb login --relogin` to force relogin
wandb: setting up run 2rbe6rix
wandb: Tracking run with wandb version 0.27.0
wandb: Run data is saved locally in runs/pythia-5b/wandb/run-20260608_085744-2rbe6rix
wandb: Run `wandb offline` to turn off syncing.
wandb: Syncing run pythia-5b
wandb: ⭐️ View project at https://wandb.ai/henryyjiang42-georgia-institute-of-technology/cortex-gpt
wandb: 🚀 View run at https://wandb.ai/henryyjiang42-georgia-institute-of-technology/cortex-gpt/runs/2rbe6rix
`trust_remote_code` is not supported anymore.
Please check that the Hugging Face dataset 'EleutherAI/the_pile_deduplicated' isn't based on a loading script and remove `trust_remote_code`.
If the dataset is based on a loading script, please ask the dataset author to remove it and convert it to a standard format like Parquet.
`trust_remote_code` is not supported anymore.
Please check that the Hugging Face dataset 'EleutherAI/the_pile_deduplicated' isn't based on a loading script and remove `trust_remote_code`.
If the dataset is based on a loading script, please ask the dataset author to remove it and convert it to a standard format like Parquet.
Traceback (most recent call last):
  File "/storage/home/hcoda1/3/hjiang420/cortex/train.py", line 846, in <module>
    train(args)
  File "/storage/home/hcoda1/3/hjiang420/cortex/train.py", line 663, in train
    batch = next(data_iter)
            ^^^^^^^^^^^^^^^
  File "/storage/home/hcoda1/3/hjiang420/.conda/envs/cortex/lib/python3.11/site-packages/torch/utils/data/dataloader.py", line 701, in __next__
    data = self._next_data()
           ^^^^^^^^^^^^^^^^^
  File "/storage/home/hcoda1/3/hjiang420/.conda/envs/cortex/lib/python3.11/site-packages/torch/utils/data/dataloader.py", line 1465, in _next_data
    return self._process_data(data)
           ^^^^^^^^^^^^^^^^^^^^^^^^
  File "/storage/home/hcoda1/3/hjiang420/.conda/envs/cortex/lib/python3.11/site-packages/torch/utils/data/dataloader.py", line 1491, in _process_data
    data.reraise()
  File "/storage/home/hcoda1/3/hjiang420/.conda/envs/cortex/lib/python3.11/site-packages/torch/_utils.py", line 715, in reraise
    raise exception
OSError: Caught OSError in DataLoader worker process 0.
Original Traceback (most recent call last):
  File "/storage/home/hcoda1/3/hjiang420/.conda/envs/cortex/lib/python3.11/site-packages/torch/utils/data/_utils/worker.py", line 351, in _worker_loop
    data = fetcher.fetch(index)  # type: ignore[possibly-undefined]
           ^^^^^^^^^^^^^^^^^^^^
  File "/storage/home/hcoda1/3/hjiang420/.conda/envs/cortex/lib/python3.11/site-packages/torch/utils/data/_utils/fetch.py", line 33, in fetch
    data.append(next(self.dataset_iter))
                ^^^^^^^^^^^^^^^^^^^^^^^
  File "/storage/home/hcoda1/3/hjiang420/cortex/data.py", line 101, in __iter__
    _fill(stream)
  File "/storage/home/hcoda1/3/hjiang420/cortex/data.py", line 95, in _fill
    for doc in stream:
  File "/storage/home/hcoda1/3/hjiang420/cortex/data.py", line 69, in _stream
    ds = load_dataset(
         ^^^^^^^^^^^^^
  File "/storage/home/hcoda1/3/hjiang420/.conda/envs/cortex/lib/python3.11/site-packages/datasets/load.py", line 1688, in load_dataset
    builder_instance = load_dataset_builder(
                       ^^^^^^^^^^^^^^^^^^^^^
  File "/storage/home/hcoda1/3/hjiang420/.conda/envs/cortex/lib/python3.11/site-packages/datasets/load.py", line 1353, in load_dataset_builder
    builder_instance: DatasetBuilder = builder_cls(
                                       ^^^^^^^^^^^^
  File "/storage/home/hcoda1/3/hjiang420/.conda/envs/cortex/lib/python3.11/site-packages/datasets/builder.py", line 389, in __init__
    with FileLock(lock_path):
  File "/storage/home/hcoda1/3/hjiang420/.conda/envs/cortex/lib/python3.11/site-packages/filelock/_api.py", line 554, in __enter__
    self.acquire()
  File "/storage/home/hcoda1/3/hjiang420/.conda/envs/cortex/lib/python3.11/site-packages/filelock/_api.py", line 502, in acquire
    self._acquire()
  File "/storage/home/hcoda1/3/hjiang420/.conda/envs/cortex/lib/python3.11/site-packages/filelock/_unix.py", line 76, in _acquire
    fcntl.flock(fd, fcntl.LOCK_EX | fcntl.LOCK_NB)
OSError: [Errno 116] Stale file handle

[1;34mwandb[0m: 
[1;34mwandb[0m: 🚀 View run [33mpythia-5b[0m at: [34mhttps://wandb.ai/henryyjiang42-georgia-institute-of-technology/cortex-gpt/runs/2rbe6rix[0m
---------------------------------------
Begin Slurm Epilog: Jun-08-2026 08:57:50
Job ID:        9622359
User ID:       hjiang420
Account:       gts-aivanova7-lab
Job name:      job5b_pythia_resume.sh
Resources:     cpu=8,gres/gpu:a100=1,mem=64G,node=1
Rsrc Used:     cput=00:14:32,vmem=0,walltime=00:01:49,mem=1871948K,energy_used=0
Partition:     gpu-a100
QOS:           inferno
Nodes:         atl1-1-02-018-33-0
---------------------------------------
