---------------------------------------
Begin Slurm Prolog: Jun-11-2026 09:28:03
Job ID:    9824303
User ID:   hjiang420
Account:   gts-aivanova7-lab
Job name:  job_eval_basic.sh
Partition: gpu-a100
QOS:       inferno
---------------------------------------
============================================================
Multiple choice
============================================================
[cortex-5b]
Warning: You are sending unauthenticated requests to the HF Hub. Please set a HF_TOKEN to enable higher rate limits and faster downloads.
`trust_remote_code` is not supported anymore.
Please check that the Hugging Face dataset 'allenai/winogrande' isn't based on a loading script and remove `trust_remote_code`.
If the dataset is based on a loading script, please ask the dataset author to remove it and convert it to a standard format like Parquet.
Loading checkpoint: runs/cortex-5b/checkpoint_0154441/checkpoint.pt
T=8  tasks=['hellaswag', 'winogrande', 'arc_easy', 'arc_challenge', 'piqa']

=======================================================
Task: hellaswag
=======================================================
  [hellaswag] 200/10042  acc=0.2950
  [hellaswag] 400/10042  acc=0.2700
  [hellaswag] 600/10042  acc=0.2833
  [hellaswag] 800/10042  acc=0.2863
  [hellaswag] 1000/10042  acc=0.2850
  [hellaswag] 1200/10042  acc=0.2842
  [hellaswag] 1400/10042  acc=0.2829
  [hellaswag] 1600/10042  acc=0.2812
  [hellaswag] 1800/10042  acc=0.2783
  [hellaswag] 2000/10042  acc=0.2730
  [hellaswag] 2200/10042  acc=0.2727
  [hellaswag] 2400/10042  acc=0.2733
  [hellaswag] 2600/10042  acc=0.2727
  [hellaswag] 2800/10042  acc=0.2761
  [hellaswag] 3000/10042  acc=0.2797
  [hellaswag] 3200/10042  acc=0.2844
  [hellaswag] 3400/10042  acc=0.2826
  [hellaswag] 3600/10042  acc=0.2814
  [hellaswag] 3800/10042  acc=0.2800
  [hellaswag] 4000/10042  acc=0.2745
  [hellaswag] 4200/10042  acc=0.2738
  [hellaswag] 4400/10042  acc=0.2734
  [hellaswag] 4600/10042  acc=0.2704
  [hellaswag] 4800/10042  acc=0.2673
  [hellaswag] 5000/10042  acc=0.2672
  [hellaswag] 5200/10042  acc=0.2654
  [hellaswag] 5400/10042  acc=0.2637
  [hellaswag] 5600/10042  acc=0.2629
  [hellaswag] 5800/10042  acc=0.2624
  [hellaswag] 6000/10042  acc=0.2618
  [hellaswag] 6200/10042  acc=0.2602
  [hellaswag] 6400/10042  acc=0.2594
  [hellaswag] 6600/10042  acc=0.2598
  [hellaswag] 6800/10042  acc=0.2599
  [hellaswag] 7000/10042  acc=0.2586
  [hellaswag] 7200/10042  acc=0.2569
  [hellaswag] 7400/10042  acc=0.2561
  [hellaswag] 7600/10042  acc=0.2547
  [hellaswag] 7800/10042  acc=0.2547
  [hellaswag] 8000/10042  acc=0.2539
  [hellaswag] 8200/10042  acc=0.2534
  [hellaswag] 8400/10042  acc=0.2530
  [hellaswag] 8600/10042  acc=0.2519
  [hellaswag] 8800/10042  acc=0.2506
  [hellaswag] 9000/10042  acc=0.2498
  [hellaswag] 9200/10042  acc=0.2505
  [hellaswag] 9400/10042  acc=0.2509
  [hellaswag] 9600/10042  acc=0.2506
  [hellaswag] 9800/10042  acc=0.2498
  [hellaswag] 10000/10042  acc=0.2502
  hellaswag: 2505/10042 = 0.2495

=======================================================
Task: winogrande
=======================================================
  [winogrande] 200/1267  acc=0.4900
  [winogrande] 400/1267  acc=0.4925
  [winogrande] 600/1267  acc=0.5050
  [winogrande] 800/1267  acc=0.5200
  [winogrande] 1000/1267  acc=0.5190
  [winogrande] 1200/1267  acc=0.5192
  winogrande: 653/1267 = 0.5154

=======================================================
Task: arc_easy
=======================================================
  [arc_easy] 200/570  acc=0.2550
  [arc_easy] 400/570  acc=0.2650
  arc_easy: 151/570 = 0.2649

=======================================================
Task: arc_challenge
=======================================================
  [arc_challenge] 200/299  acc=0.2200
  arc_challenge: 69/299 = 0.2308

=======================================================
Task: piqa
=======================================================
Traceback (most recent call last):
  File "/storage/home/hcoda1/3/hjiang420/cortex/evals/eval_multiple_choice.py", line 215, in <module>
    main()
  File "/storage/home/hcoda1/3/hjiang420/cortex/evals/eval_multiple_choice.py", line 193, in main
    examples = LOADERS[task](args.max_examples)
               ^^^^^^^^^^^^^^^^^^^^^^^^^^^^^^^^
  File "/storage/home/hcoda1/3/hjiang420/cortex/evals/eval_multiple_choice.py", line 141, in <lambda>
    "piqa":          lambda n: load_piqa(n),
                               ^^^^^^^^^^^^
  File "/storage/home/hcoda1/3/hjiang420/cortex/evals/eval_multiple_choice.py", line 130, in load_piqa
    ds = load_dataset("piqa", split="validation")
         ^^^^^^^^^^^^^^^^^^^^^^^^^^^^^^^^^^^^^^^^
  File "/storage/home/hcoda1/3/hjiang420/.conda/envs/cortex/lib/python3.11/site-packages/datasets/load.py", line 1688, in load_dataset
    builder_instance = load_dataset_builder(
                       ^^^^^^^^^^^^^^^^^^^^^
  File "/storage/home/hcoda1/3/hjiang420/.conda/envs/cortex/lib/python3.11/site-packages/datasets/load.py", line 1315, in load_dataset_builder
    dataset_module = dataset_module_factory(
                     ^^^^^^^^^^^^^^^^^^^^^^^
  File "/storage/home/hcoda1/3/hjiang420/.conda/envs/cortex/lib/python3.11/site-packages/datasets/load.py", line 1207, in dataset_module_factory
    raise e1 from None
  File "/storage/home/hcoda1/3/hjiang420/.conda/envs/cortex/lib/python3.11/site-packages/datasets/load.py", line 1167, in dataset_module_factory
    raise RuntimeError(f"Dataset scripts are no longer supported, but found {filename}")
RuntimeError: Dataset scripts are no longer supported, but found piqa.py
[cortex-5b-k4]
Warning: You are sending unauthenticated requests to the HF Hub. Please set a HF_TOKEN to enable higher rate limits and faster downloads.
`trust_remote_code` is not supported anymore.
Please check that the Hugging Face dataset 'allenai/winogrande' isn't based on a loading script and remove `trust_remote_code`.
If the dataset is based on a loading script, please ask the dataset author to remove it and convert it to a standard format like Parquet.
Loading checkpoint: runs/cortex-5b-k4/checkpoint_0152584/checkpoint.pt
T=8  tasks=['hellaswag', 'winogrande', 'arc_easy', 'arc_challenge', 'piqa']

=======================================================
Task: hellaswag
=======================================================
  [hellaswag] 200/10042  acc=0.2850
  [hellaswag] 400/10042  acc=0.2600
  [hellaswag] 600/10042  acc=0.2733
  [hellaswag] 800/10042  acc=0.2787
  [hellaswag] 1000/10042  acc=0.2760
  [hellaswag] 1200/10042  acc=0.2808
  [hellaswag] 1400/10042  acc=0.2871
  [hellaswag] 1600/10042  acc=0.2838
  [hellaswag] 1800/10042  acc=0.2806
  [hellaswag] 2000/10042  acc=0.2755
  [hellaswag] 2200/10042  acc=0.2782
  [hellaswag] 2400/10042  acc=0.2771
  [hellaswag] 2600/10042  acc=0.2769
  [hellaswag] 2800/10042  acc=0.2782
  [hellaswag] 3000/10042  acc=0.2813
  [hellaswag] 3200/10042  acc=0.2847
  [hellaswag] 3400/10042  acc=0.2829
  [hellaswag] 3600/10042  acc=0.2808
  [hellaswag] 3800/10042  acc=0.2768
  [hellaswag] 4000/10042  acc=0.2727
  [hellaswag] 4200/10042  acc=0.2729
  [hellaswag] 4400/10042  acc=0.2725
  [hellaswag] 4600/10042  acc=0.2709
  [hellaswag] 4800/10042  acc=0.2681
  [hellaswag] 5000/10042  acc=0.2680
  [hellaswag] 5200/10042  acc=0.2667
  [hellaswag] 5400/10042  acc=0.2648
  [hellaswag] 5600/10042  acc=0.2641
  [hellaswag] 5800/10042  acc=0.2626
  [hellaswag] 6000/10042  acc=0.2628
  [hellaswag] 6200/10042  acc=0.2619
  [hellaswag] 6400/10042  acc=0.2606
  [hellaswag] 6600/10042  acc=0.2617
  [hellaswag] 6800/10042  acc=0.2610
  [hellaswag] 7000/10042  acc=0.2600
  [hellaswag] 7200/10042  acc=0.2582
  [hellaswag] 7400/10042  acc=0.2578
  [hellaswag] 7600/10042  acc=0.2563
  [hellaswag] 7800/10042  acc=0.2568
  [hellaswag] 8000/10042  acc=0.2551
  [hellaswag] 8200/10042  acc=0.2544
  [hellaswag] 8400/10042  acc=0.2542
  [hellaswag] 8600/10042  acc=0.2530
  [hellaswag] 8800/10042  acc=0.2516
  [hellaswag] 9000/10042  acc=0.2510
  [hellaswag] 9200/10042  acc=0.2513
  [hellaswag] 9400/10042  acc=0.2516
  [hellaswag] 9600/10042  acc=0.2514
  [hellaswag] 9800/10042  acc=0.2504
  [hellaswag] 10000/10042  acc=0.2511
  hellaswag: 2515/10042 = 0.2504

=======================================================
Task: winogrande
=======================================================
  [winogrande] 200/1267  acc=0.5050
  [winogrande] 400/1267  acc=0.5100
  [winogrande] 600/1267  acc=0.5100
  [winogrande] 800/1267  acc=0.5188
  [winogrande] 1000/1267  acc=0.5110
  [winogrande] 1200/1267  acc=0.5167
  winogrande: 651/1267 = 0.5138

=======================================================
Task: arc_easy
=======================================================
  [arc_easy] 200/570  acc=0.2400
  [arc_easy] 400/570  acc=0.2625
  arc_easy: 150/570 = 0.2632

=======================================================
Task: arc_challenge
=======================================================
  [arc_challenge] 200/299  acc=0.2050
  arc_challenge: 69/299 = 0.2308

=======================================================
Task: piqa
=======================================================
Traceback (most recent call last):
  File "/storage/home/hcoda1/3/hjiang420/cortex/evals/eval_multiple_choice.py", line 215, in <module>
    main()
  File "/storage/home/hcoda1/3/hjiang420/cortex/evals/eval_multiple_choice.py", line 193, in main
    examples = LOADERS[task](args.max_examples)
               ^^^^^^^^^^^^^^^^^^^^^^^^^^^^^^^^
  File "/storage/home/hcoda1/3/hjiang420/cortex/evals/eval_multiple_choice.py", line 141, in <lambda>
    "piqa":          lambda n: load_piqa(n),
                               ^^^^^^^^^^^^
  File "/storage/home/hcoda1/3/hjiang420/cortex/evals/eval_multiple_choice.py", line 130, in load_piqa
    ds = load_dataset("piqa", split="validation")
         ^^^^^^^^^^^^^^^^^^^^^^^^^^^^^^^^^^^^^^^^
  File "/storage/home/hcoda1/3/hjiang420/.conda/envs/cortex/lib/python3.11/site-packages/datasets/load.py", line 1688, in load_dataset
    builder_instance = load_dataset_builder(
                       ^^^^^^^^^^^^^^^^^^^^^
  File "/storage/home/hcoda1/3/hjiang420/.conda/envs/cortex/lib/python3.11/site-packages/datasets/load.py", line 1315, in load_dataset_builder
    dataset_module = dataset_module_factory(
                     ^^^^^^^^^^^^^^^^^^^^^^^
  File "/storage/home/hcoda1/3/hjiang420/.conda/envs/cortex/lib/python3.11/site-packages/datasets/load.py", line 1207, in dataset_module_factory
    raise e1 from None
  File "/storage/home/hcoda1/3/hjiang420/.conda/envs/cortex/lib/python3.11/site-packages/datasets/load.py", line 1167, in dataset_module_factory
    raise RuntimeError(f"Dataset scripts are no longer supported, but found {filename}")
RuntimeError: Dataset scripts are no longer supported, but found piqa.py
[pythia-5b]
Warning: You are sending unauthenticated requests to the HF Hub. Please set a HF_TOKEN to enable higher rate limits and faster downloads.
`trust_remote_code` is not supported anymore.
Please check that the Hugging Face dataset 'allenai/winogrande' isn't based on a loading script and remove `trust_remote_code`.
If the dataset is based on a loading script, please ask the dataset author to remove it and convert it to a standard format like Parquet.
Loading checkpoint: runs/pythia-5b/checkpoint_0152584/checkpoint.pt
T=1  tasks=['hellaswag', 'winogrande', 'arc_easy', 'arc_challenge', 'piqa']

=======================================================
Task: hellaswag
=======================================================
  [hellaswag] 200/10042  acc=0.2600
  [hellaswag] 400/10042  acc=0.2475
  [hellaswag] 600/10042  acc=0.2700
  [hellaswag] 800/10042  acc=0.2712
  [hellaswag] 1000/10042  acc=0.2770
  [hellaswag] 1200/10042  acc=0.2842
  [hellaswag] 1400/10042  acc=0.2807
  [hellaswag] 1600/10042  acc=0.2769
  [hellaswag] 1800/10042  acc=0.2706
  [hellaswag] 2000/10042  acc=0.2685
  [hellaswag] 2200/10042  acc=0.2714
  [hellaswag] 2400/10042  acc=0.2692
  [hellaswag] 2600/10042  acc=0.2700
  [hellaswag] 2800/10042  acc=0.2725
  [hellaswag] 3000/10042  acc=0.2770
  [hellaswag] 3200/10042  acc=0.2822
  [hellaswag] 3400/10042  acc=0.2809
  [hellaswag] 3600/10042  acc=0.2789
  [hellaswag] 3800/10042  acc=0.2771
  [hellaswag] 4000/10042  acc=0.2727
  [hellaswag] 4200/10042  acc=0.2738
  [hellaswag] 4400/10042  acc=0.2730
  [hellaswag] 4600/10042  acc=0.2707
  [hellaswag] 4800/10042  acc=0.2669
  [hellaswag] 5000/10042  acc=0.2664
  [hellaswag] 5200/10042  acc=0.2640
  [hellaswag] 5400/10042  acc=0.2630
  [hellaswag] 5600/10042  acc=0.2629
  [hellaswag] 5800/10042  acc=0.2621
  [hellaswag] 6000/10042  acc=0.2623
  [hellaswag] 6200/10042  acc=0.2605
  [hellaswag] 6400/10042  acc=0.2597
  [hellaswag] 6600/10042  acc=0.2603
  [hellaswag] 6800/10042  acc=0.2601
  [hellaswag] 7000/10042  acc=0.2594
  [hellaswag] 7200/10042  acc=0.2579
  [hellaswag] 7400/10042  acc=0.2576
  [hellaswag] 7600/10042  acc=0.2566
  [hellaswag] 7800/10042  acc=0.2564
  [hellaswag] 8000/10042  acc=0.2560
  [hellaswag] 8200/10042  acc=0.2549
  [hellaswag] 8400/10042  acc=0.2555
  [hellaswag] 8600/10042  acc=0.2543
  [hellaswag] 8800/10042  acc=0.2527
  [hellaswag] 9000/10042  acc=0.2516
  [hellaswag] 9200/10042  acc=0.2518
  [hellaswag] 9400/10042  acc=0.2522
  [hellaswag] 9600/10042  acc=0.2519
  [hellaswag] 9800/10042  acc=0.2505
  [hellaswag] 10000/10042  acc=0.2511
  hellaswag: 2516/10042 = 0.2505

=======================================================
Task: winogrande
=======================================================
  [winogrande] 200/1267  acc=0.4900
  [winogrande] 400/1267  acc=0.5000
  [winogrande] 600/1267  acc=0.5150
  [winogrande] 800/1267  acc=0.5188
  [winogrande] 1000/1267  acc=0.5150
  [winogrande] 1200/1267  acc=0.5133
  winogrande: 645/1267 = 0.5091

=======================================================
Task: arc_easy
=======================================================
  [arc_easy] 200/570  acc=0.2200
  [arc_easy] 400/570  acc=0.2575
  arc_easy: 151/570 = 0.2649

=======================================================
Task: arc_challenge
=======================================================
  [arc_challenge] 200/299  acc=0.2050
  arc_challenge: 67/299 = 0.2241

=======================================================
Task: piqa
=======================================================
Traceback (most recent call last):
  File "/storage/home/hcoda1/3/hjiang420/cortex/evals/eval_multiple_choice.py", line 215, in <module>
    main()
  File "/storage/home/hcoda1/3/hjiang420/cortex/evals/eval_multiple_choice.py", line 193, in main
    examples = LOADERS[task](args.max_examples)
               ^^^^^^^^^^^^^^^^^^^^^^^^^^^^^^^^
  File "/storage/home/hcoda1/3/hjiang420/cortex/evals/eval_multiple_choice.py", line 141, in <lambda>
    "piqa":          lambda n: load_piqa(n),
                               ^^^^^^^^^^^^
  File "/storage/home/hcoda1/3/hjiang420/cortex/evals/eval_multiple_choice.py", line 130, in load_piqa
    ds = load_dataset("piqa", split="validation")
         ^^^^^^^^^^^^^^^^^^^^^^^^^^^^^^^^^^^^^^^^
  File "/storage/home/hcoda1/3/hjiang420/.conda/envs/cortex/lib/python3.11/site-packages/datasets/load.py", line 1688, in load_dataset
    builder_instance = load_dataset_builder(
                       ^^^^^^^^^^^^^^^^^^^^^
  File "/storage/home/hcoda1/3/hjiang420/.conda/envs/cortex/lib/python3.11/site-packages/datasets/load.py", line 1315, in load_dataset_builder
    dataset_module = dataset_module_factory(
                     ^^^^^^^^^^^^^^^^^^^^^^^
  File "/storage/home/hcoda1/3/hjiang420/.conda/envs/cortex/lib/python3.11/site-packages/datasets/load.py", line 1207, in dataset_module_factory
    raise e1 from None
  File "/storage/home/hcoda1/3/hjiang420/.conda/envs/cortex/lib/python3.11/site-packages/datasets/load.py", line 1167, in dataset_module_factory
    raise RuntimeError(f"Dataset scripts are no longer supported, but found {filename}")
RuntimeError: Dataset scripts are no longer supported, but found piqa.py
[parcae-5b]
Warning: You are sending unauthenticated requests to the HF Hub. Please set a HF_TOKEN to enable higher rate limits and faster downloads.
`trust_remote_code` is not supported anymore.
Please check that the Hugging Face dataset 'allenai/winogrande' isn't based on a loading script and remove `trust_remote_code`.
If the dataset is based on a loading script, please ask the dataset author to remove it and convert it to a standard format like Parquet.
Loading checkpoint: runs/parcae-5b/checkpoint_0154441/checkpoint.pt
T=8  tasks=['hellaswag', 'winogrande', 'arc_easy', 'arc_challenge', 'piqa']

=======================================================
Task: hellaswag
=======================================================
  [hellaswag] 200/10042  acc=0.3000
  [hellaswag] 400/10042  acc=0.2775
  [hellaswag] 600/10042  acc=0.2833
  [hellaswag] 800/10042  acc=0.2888
  [hellaswag] 1000/10042  acc=0.2920
  [hellaswag] 1200/10042  acc=0.2925
  [hellaswag] 1400/10042  acc=0.2943
  [hellaswag] 1600/10042  acc=0.2881
  [hellaswag] 1800/10042  acc=0.2844
  [hellaswag] 2000/10042  acc=0.2810
  [hellaswag] 2200/10042  acc=0.2805
  [hellaswag] 2400/10042  acc=0.2808
  [hellaswag] 2600/10042  acc=0.2823
  [hellaswag] 2800/10042  acc=0.2857
  [hellaswag] 3000/10042  acc=0.2877
  [hellaswag] 3200/10042  acc=0.2928
  [hellaswag] 3400/10042  acc=0.2903
  [hellaswag] 3600/10042  acc=0.2875
  [hellaswag] 3800/10042  acc=0.2850
  [hellaswag] 4000/10042  acc=0.2810
  [hellaswag] 4200/10042  acc=0.2810
  [hellaswag] 4400/10042  acc=0.2800
  [hellaswag] 4600/10042  acc=0.2770
  [hellaswag] 4800/10042  acc=0.2737
  [hellaswag] 5000/10042  acc=0.2726
  [hellaswag] 5200/10042  acc=0.2708
  [hellaswag] 5400/10042  acc=0.2689
  [hellaswag] 5600/10042  acc=0.2684
  [hellaswag] 5800/10042  acc=0.2678
  [hellaswag] 6000/10042  acc=0.2677
  [hellaswag] 6200/10042  acc=0.2669
  [hellaswag] 6400/10042  acc=0.2653
  [hellaswag] 6600/10042  acc=0.2648
  [hellaswag] 6800/10042  acc=0.2647
  [hellaswag] 7000/10042  acc=0.2636
  [hellaswag] 7200/10042  acc=0.2611
  [hellaswag] 7400/10042  acc=0.2600
  [hellaswag] 7600/10042  acc=0.2580
  [hellaswag] 7800/10042  acc=0.2579
  [hellaswag] 8000/10042  acc=0.2569
  [hellaswag] 8200/10042  acc=0.2559
  [hellaswag] 8400/10042  acc=0.2558
  [hellaswag] 8600/10042  acc=0.2548
  [hellaswag] 8800/10042  acc=0.2533
  [hellaswag] 9000/10042  acc=0.2527
  [hellaswag] 9200/10042  acc=0.2535
  [hellaswag] 9400/10042  acc=0.2541
  [hellaswag] 9600/10042  acc=0.2540
  [hellaswag] 9800/10042  acc=0.2533
  [hellaswag] 10000/10042  acc=0.2539
  hellaswag: 2544/10042 = 0.2533

=======================================================
Task: winogrande
=======================================================
  [winogrande] 200/1267  acc=0.4900
  [winogrande] 400/1267  acc=0.4975
  [winogrande] 600/1267  acc=0.5083
  [winogrande] 800/1267  acc=0.5138
  [winogrande] 1000/1267  acc=0.5140
  [winogrande] 1200/1267  acc=0.5150
  winogrande: 651/1267 = 0.5138

=======================================================
Task: arc_easy
=======================================================
  [arc_easy] 200/570  acc=0.2550
  [arc_easy] 400/570  acc=0.2700
  arc_easy: 154/570 = 0.2702

=======================================================
Task: arc_challenge
=======================================================
  [arc_challenge] 200/299  acc=0.2450
  arc_challenge: 78/299 = 0.2609

=======================================================
Task: piqa
=======================================================
Traceback (most recent call last):
  File "/storage/home/hcoda1/3/hjiang420/cortex/evals/eval_multiple_choice.py", line 215, in <module>
    main()
  File "/storage/home/hcoda1/3/hjiang420/cortex/evals/eval_multiple_choice.py", line 193, in main
    examples = LOADERS[task](args.max_examples)
               ^^^^^^^^^^^^^^^^^^^^^^^^^^^^^^^^
  File "/storage/home/hcoda1/3/hjiang420/cortex/evals/eval_multiple_choice.py", line 141, in <lambda>
    "piqa":          lambda n: load_piqa(n),
                               ^^^^^^^^^^^^
  File "/storage/home/hcoda1/3/hjiang420/cortex/evals/eval_multiple_choice.py", line 130, in load_piqa
    ds = load_dataset("piqa", split="validation")
         ^^^^^^^^^^^^^^^^^^^^^^^^^^^^^^^^^^^^^^^^
  File "/storage/home/hcoda1/3/hjiang420/.conda/envs/cortex/lib/python3.11/site-packages/datasets/load.py", line 1688, in load_dataset
    builder_instance = load_dataset_builder(
                       ^^^^^^^^^^^^^^^^^^^^^
  File "/storage/home/hcoda1/3/hjiang420/.conda/envs/cortex/lib/python3.11/site-packages/datasets/load.py", line 1315, in load_dataset_builder
    dataset_module = dataset_module_factory(
                     ^^^^^^^^^^^^^^^^^^^^^^^
  File "/storage/home/hcoda1/3/hjiang420/.conda/envs/cortex/lib/python3.11/site-packages/datasets/load.py", line 1207, in dataset_module_factory
    raise e1 from None
  File "/storage/home/hcoda1/3/hjiang420/.conda/envs/cortex/lib/python3.11/site-packages/datasets/load.py", line 1167, in dataset_module_factory
    raise RuntimeError(f"Dataset scripts are no longer supported, but found {filename}")
RuntimeError: Dataset scripts are no longer supported, but found piqa.py
============================================================
GSM8K
============================================================
[cortex-5b]
Warning: You are sending unauthenticated requests to the HF Hub. Please set a HF_TOKEN to enable higher rate limits and faster downloads.
