---------------------------------------
Begin Slurm Prolog: Jul-06-2026 13:44:16
Job ID:    10813878
User ID:   hjiang420
Account:   gts-aivanova7-lab
Job name:  job_eval_easy_cortex.sh
Partition: gpu-a100
QOS:       inferno
---------------------------------------
============================================================
Easy evals [cortex-5b]: LAMBADA, BLIMP, SciQ, ARC-Easy, PIQA
============================================================
[cortex-5b] runs/cortex-5b/checkpoint_0152584/checkpoint.pt
Warning: You are sending unauthenticated requests to the HF Hub. Please set a HF_TOKEN to enable higher rate limits and faster downloads.
Loading checkpoint: runs/cortex-5b/checkpoint_0152584/checkpoint.pt
T=8  tasks=['lambada', 'blimp', 'sciq', 'arc_easy', 'piqa']

=======================================================
Task: lambada
=======================================================
  [lambada] 500/5153  acc=0.2580
  [lambada] 1000/5153  acc=0.2600
  [lambada] 1500/5153  acc=0.2620
  [lambada] 2000/5153  acc=0.2695
  [lambada] 2500/5153  acc=0.2672
  [lambada] 3000/5153  acc=0.2670
  [lambada] 3500/5153  acc=0.2666
  [lambada] 4000/5153  acc=0.2727
  [lambada] 4500/5153  acc=0.2738
  [lambada] 5000/5153  acc=0.2756
  lambada: 1425/5153 = 0.2765

=======================================================
Task: blimp
=======================================================
  [blimp/adjunct_island] 845/1000 = 0.8450
  [blimp/anaphor_gender_agreement] 887/1000 = 0.8870
  [blimp/anaphor_number_agreement] 969/1000 = 0.9690
  [blimp/animate_subject_passive] 759/1000 = 0.7590
  [blimp/animate_subject_trans] 770/1000 = 0.7700
  [blimp/causative] 678/1000 = 0.6780
  [blimp/complex_NP_island] 591/1000 = 0.5910
  [blimp/coordinate_structure_constraint_complex_left_branch] 552/1000 = 0.5520
  [blimp/coordinate_structure_constraint_object_extraction] 814/1000 = 0.8140
  [blimp/determiner_noun_agreement_1] 973/1000 = 0.9730
  [blimp/determiner_noun_agreement_2] 962/1000 = 0.9620
  [blimp/determiner_noun_agreement_irregular_1] 864/1000 = 0.8640
  [blimp/determiner_noun_agreement_irregular_2] 960/1000 = 0.9600
  [blimp/determiner_noun_agreement_with_adj_2] 887/1000 = 0.8870
  [blimp/determiner_noun_agreement_with_adj_irregular_1] 873/1000 = 0.8730
  [blimp/determiner_noun_agreement_with_adj_irregular_2] 903/1000 = 0.9030
  [blimp/determiner_noun_agreement_with_adjective_1] 922/1000 = 0.9220
  [blimp/distractor_agreement_relational_noun] 815/1000 = 0.8150
  [blimp/distractor_agreement_relative_clause] 678/1000 = 0.6780
  [blimp/drop_argument] 777/1000 = 0.7770
  [blimp/ellipsis_n_bar_1] 825/1000 = 0.8250
  [blimp/ellipsis_n_bar_2] 864/1000 = 0.8640
  [blimp/existential_there_object_raising] 817/1000 = 0.8170
  [blimp/existential_there_quantifiers_1] 972/1000 = 0.9720
  [blimp/existential_there_quantifiers_2] 401/1000 = 0.4010
  [blimp/existential_there_subject_raising] 851/1000 = 0.8510
  [blimp/expletive_it_object_raising] 791/1000 = 0.7910
  [blimp/inchoative] 620/1000 = 0.6200
  [blimp/intransitive] 797/1000 = 0.7970
  [blimp/irregular_past_participle_adjectives] 733/1000 = 0.7330
  [blimp/irregular_past_participle_verbs] 843/1000 = 0.8430
  [blimp/irregular_plural_subject_verb_agreement_1] 855/1000 = 0.8550
  [blimp/irregular_plural_subject_verb_agreement_2] 884/1000 = 0.8840
  [blimp/left_branch_island_echo_question] 357/1000 = 0.3570
  [blimp/left_branch_island_simple_question] 593/1000 = 0.5930
  [blimp/matrix_question_npi_licensor_present] 652/1000 = 0.6520
  [blimp/npi_present_1] 576/1000 = 0.5760
  [blimp/npi_present_2] 610/1000 = 0.6100
  [blimp/only_npi_licensor_present] 729/1000 = 0.7290
  [blimp/only_npi_scope] 767/1000 = 0.7670
  [blimp/passive_1] 872/1000 = 0.8720
  [blimp/passive_2] 854/1000 = 0.8540
  [blimp/principle_A_c_command] 627/1000 = 0.6270
  [blimp/principle_A_case_1] 1000/1000 = 1.0000
  [blimp/principle_A_case_2] 915/1000 = 0.9150
  [blimp/principle_A_domain_1] 992/1000 = 0.9920
  [blimp/principle_A_domain_2] 869/1000 = 0.8690
  [blimp/principle_A_domain_3] 527/1000 = 0.5270
  [blimp/principle_A_reconstruction] 453/1000 = 0.4530
  [blimp/regular_plural_subject_verb_agreement_1] 873/1000 = 0.8730
  [blimp/regular_plural_subject_verb_agreement_2] 838/1000 = 0.8380
  [blimp/sentential_negation_npi_licensor_present] 991/1000 = 0.9910
  [blimp/sentential_negation_npi_scope] 537/1000 = 0.5370
  [blimp/sentential_subject_island] 267/1000 = 0.2670
  [blimp/superlative_quantifiers_1] 812/1000 = 0.8120
  [blimp/superlative_quantifiers_2] 930/1000 = 0.9300
  [blimp/tough_vs_raising_1] 634/1000 = 0.6340
  [blimp/tough_vs_raising_2] 828/1000 = 0.8280
  [blimp/transitive] 828/1000 = 0.8280
  [blimp/wh_island] 772/1000 = 0.7720
  [blimp/wh_questions_object_gap] 780/1000 = 0.7800
  [blimp/wh_questions_subject_gap] 920/1000 = 0.9200
  [blimp/wh_questions_subject_gap_long_distance] 905/1000 = 0.9050
  [blimp/wh_vs_that_no_gap] 959/1000 = 0.9590
  [blimp/wh_vs_that_no_gap_long_distance] 986/1000 = 0.9860
  [blimp/wh_vs_that_with_gap] 663/1000 = 0.6630
  [blimp/wh_vs_that_with_gap_long_distance] 358/1000 = 0.3580
  blimp: 52006/67000 = 0.7762

=======================================================
Task: sciq
=======================================================
  [sciq] 200/1000  acc=0.4700
  [sciq] 400/1000  acc=0.5050
  [sciq] 600/1000  acc=0.4967
  [sciq] 800/1000  acc=0.5088
  [sciq] 1000/1000  acc=0.4990
  sciq: 499/1000 = 0.4990

=======================================================
Task: arc_easy
=======================================================
  [arc_easy] 200/570  acc=0.2650
  [arc_easy] 400/570  acc=0.3250
  arc_easy: 181/570 = 0.3175

=======================================================
Task: piqa
=======================================================
  [piqa] 200/1838  acc=0.6250
  [piqa] 400/1838  acc=0.6100
  [piqa] 600/1838  acc=0.6250
  [piqa] 800/1838  acc=0.6112
  [piqa] 1000/1838  acc=0.6120
  [piqa] 1200/1838  acc=0.6158
  [piqa] 1400/1838  acc=0.6114
  [piqa] 1600/1838  acc=0.6206
  [piqa] 1800/1838  acc=0.6161
  piqa: 1131/1838 = 0.6153

Task                Correct    Total      Acc
---------------------------------------------
lambada                1425     5153   0.2765
blimp                 52006    67000   0.7762
sciq                    499     1000   0.4990
arc_easy                181      570   0.3175
piqa                   1131     1838   0.6153

Results saved -> eval_results/easy_20260706/cortex-5b
Results written to eval_results/easy_20260706/cortex-5b

Easy benchmarks -- accuracy (eval_results/easy_20260706)
-----------------------------------------------------------------------
Model           lambada       blimp        sciq    arc_easy        piqa
-----------------------------------------------------------------------
pythia-5b        0.2961      0.7642      0.5380      0.3018      0.6099
parcae-5b        0.2843      0.7811      0.5130      0.3105      0.6137
cortex-5b        0.2765      0.7762      0.4990      0.3175      0.6153
-----------------------------------------------------------------------
still missing: ccot-5b, cortex-5b-k4
---------------------------------------
Begin Slurm Epilog: Jul-06-2026 14:57:27
Job ID:        10813878
User ID:       hjiang420
Account:       gts-aivanova7-lab
Job name:      job_eval_easy_cortex.sh
Resources:     cpu=8,gres/gpu:a100=1,mem=64G,node=1
Rsrc Used:     cput=09:45:36,vmem=0,walltime=01:13:12,mem=3506440K,energy_used=0
Partition:     gpu-a100
QOS:           inferno
Nodes:         atl1-1-02-018-35-0
---------------------------------------
