---------------------------------------
Begin Slurm Prolog: Jun-06-2026 12:14:52
Job ID:    9504166
User ID:   hjiang420
Account:   gts-aivanova7-lab
Job name:  job5b_parcae_resume.sh
Partition: gpu-a100
QOS:       inferno
---------------------------------------

CondaError: Run 'conda init' before 'conda deactivate'

Resuming from: runs/parcae-5b/checkpoint_0040000
Tokens so far: 1310728192 | Training until: 2560728192
Warning: You are sending unauthenticated requests to the HF Hub. Please set a HF_TOKEN to enable higher rate limits and faster downloads.
Loading EleutherAI/pythia-160m ...
Params: 162,915,840 total, 162,915,840 trainable
Layer split: Pre=3, Loop=6, Coda=3
mu_rec=8, mu_bwd=4 (= ceil(8/2))
Effective batch: 32768 tokens = 16 seqs x 2048 tok
Grad accum: 4 | World size: 1
Max steps: 78,147 | Warmup: 781 | Cooldown: 7814
Curriculum: mu_rec ramps 1->8 over 3800 steps
Resumed from step 40000, 1,310,728,192 tokens
`trust_remote_code` is not supported anymore.
Please check that the Hugging Face dataset 'EleutherAI/the_pile_deduplicated' isn't based on a loading script and remove `trust_remote_code`.
If the dataset is based on a loading script, please ask the dataset author to remove it and convert it to a standard format like Parquet.
`trust_remote_code` is not supported anymore.
Please check that the Hugging Face dataset 'EleutherAI/the_pile_deduplicated' isn't based on a loading script and remove `trust_remote_code`.
If the dataset is based on a loading script, please ask the dataset author to remove it and convert it to a standard format like Parquet.
wandb: WARNING `resume` will be ignored since W&B syncing is set to `offline`. Starting a new run with run id niohhdqn.
wandb: Tracking run with wandb version 0.27.0
wandb: W&B syncing is set to `offline` in this directory. Run `wandb online` or set WANDB_MODE=online to enable cloud syncing.
wandb: Run data is saved locally in runs/parcae-5b/wandb/offline-run-20260606_121515-niohhdqn
[2026-06-06T12:30:56.465] error: *** JOB 9504166 ON atl1-1-01-006-11-0 CANCELLED AT 2026-06-06T12:30:56 DUE to SIGNAL Terminated ***
---------------------------------------
Begin Slurm Epilog: Jun-06-2026 12:30:59
Job ID:        9504166
User ID:       hjiang420
Account:       gts-aivanova7-lab
Job name:      job5b_parcae_resume.sh
Resources:     cpu=8,gres/gpu:a100=1,mem=64G,node=1
Rsrc Used:     cput=02:08:32,vmem=0,walltime=00:16:04,mem=5580504K,energy_used=0
Partition:     gpu-a100
QOS:           inferno
Nodes:         atl1-1-01-006-11-0
---------------------------------------
