---------------------------------------
Begin Slurm Prolog: Jun-17-2026 14:52:28
Job ID:    10046815
User ID:   hjiang420
Account:   gts-aivanova7-lab
Job name:  job5b2.sh
Partition: gpu-a100
QOS:       inferno
---------------------------------------
Warning: You are sending unauthenticated requests to the HF Hub. Please set a HF_TOKEN to enable higher rate limits and faster downloads.
Loading EleutherAI/pythia-160m ...
Params: 171,184,130 total, 171,184,130 trainable
Arch: cortex (training_mode=cortex)
Layer split: Pre=3, Loop=6, Coda=3
mu_rec=8, mu_bwd=4 (= ceil(8/2))
Effective batch: 32768 tokens = 16 seqs x 2048 tok
Grad accum: 1 | Cross-chunks: 4 | World size: 1
Max steps: 38,146 | Warmup: 381 | Cooldown: 3814
Curriculum: mu_rec ramps 1->8 over 3800 steps
wandb: [wandb.login()] Loaded credentials for https://api.wandb.ai from /storage/home/hcoda1/3/hjiang420/.netrc.
wandb: Currently logged in as: henryyjiang42 (henryyjiang42-georgia-institute-of-technology) to https://api.wandb.ai. Use `wandb login --relogin` to force relogin
`trust_remote_code` is not supported anymore.
Please check that the Hugging Face dataset 'EleutherAI/the_pile_deduplicated' isn't based on a loading script and remove `trust_remote_code`.
If the dataset is based on a loading script, please ask the dataset author to remove it and convert it to a standard format like Parquet.
`trust_remote_code` is not supported anymore.
Please check that the Hugging Face dataset 'EleutherAI/the_pile_deduplicated' isn't based on a loading script and remove `trust_remote_code`.
If the dataset is based on a loading script, please ask the dataset author to remove it and convert it to a standard format like Parquet.
wandb: setting up run r5dlje0o
wandb: Tracking run with wandb version 0.27.0
wandb: Run data is saved locally in runs/cortex-5b-k4/wandb/run-20260617_145431-r5dlje0o
wandb: Run `wandb offline` to turn off syncing.
wandb: Syncing run cortex-5b-k4
wandb: ⭐️ View project at https://wandb.ai/henryyjiang42-georgia-institute-of-technology/cortex-gpt
wandb: 🚀 View run at https://wandb.ai/henryyjiang42-georgia-institute-of-technology/cortex-gpt/runs/r5dlje0o
'_ssl.c:999: The handshake operation timed out' thrown while requesting GET https://huggingface.co/datasets/EleutherAI/the_pile_deduplicated/resolve/fcbfcfde4222cbb1acd1d33bad0be250ee14b1bb/data/train-00001-of-01650-172fc1a0c346b36e.parquet
Retrying in 1s [Retry 1/5].
step=    10 | loss=11.0065 | lr=7.09e-06 | wd=0.1000 | mom=0.8530 | T=1.5 k=1.0 (mu_rec=1 mu_bwd=1) | grad=4.312 | tok/s=9,047 | tokens=0.00B
step=    20 | loss=10.9689 | lr=1.50e-05 | wd=0.1000 | mom=0.8563 | T=1.5 k=1.0 (mu_rec=1 mu_bwd=1) | grad=3.328 | tok/s=57,160 | tokens=0.00B
step=    30 | loss=10.8893 | lr=2.28e-05 | wd=0.0999 | mom=0.8597 | T=2.0 k=1.0 (mu_rec=1 mu_bwd=1) | grad=5.375 | tok/s=57,268 | tokens=0.00B
step=    40 | loss=10.7819 | lr=3.07e-05 | wd=0.0999 | mom=0.8630 | T=1.2 k=1.0 (mu_rec=1 mu_bwd=1) | grad=3.688 | tok/s=58,871 | tokens=0.00B
step=    50 | loss=10.6268 | lr=3.86e-05 | wd=0.0999 | mom=0.8663 | T=1.8 k=1.0 (mu_rec=1 mu_bwd=1) | grad=4.312 | tok/s=57,076 | tokens=0.00B
step=    60 | loss=10.4157 | lr=4.65e-05 | wd=0.0998 | mom=0.8697 | T=1.2 k=1.0 (mu_rec=1 mu_bwd=1) | grad=3.406 | tok/s=57,062 | tokens=0.00B
step=    70 | loss=10.1942 | lr=5.43e-05 | wd=0.0998 | mom=0.8730 | T=1.0 k=1.0 (mu_rec=1 mu_bwd=1) | grad=3.047 | tok/s=56,671 | tokens=0.00B
step=    80 | loss=10.0491 | lr=6.22e-05 | wd=0.0998 | mom=0.8763 | T=1.0 k=1.0 (mu_rec=1 mu_bwd=1) | grad=3.047 | tok/s=53,677 | tokens=0.00B
step=    90 | loss=9.6796 | lr=7.01e-05 | wd=0.0998 | mom=0.8797 | T=1.5 k=1.0 (mu_rec=1 mu_bwd=1) | grad=3.109 | tok/s=56,227 | tokens=0.00B
step=   100 | loss=9.2038 | lr=7.80e-05 | wd=0.0997 | mom=0.8830 | T=1.2 k=1.0 (mu_rec=1 mu_bwd=1) | grad=2.453 | tok/s=55,650 | tokens=0.00B
step=   110 | loss=8.8432 | lr=8.58e-05 | wd=0.0997 | mom=0.8863 | T=1.2 k=1.0 (mu_rec=1 mu_bwd=1) | grad=1.992 | tok/s=55,896 | tokens=0.00B
step=   120 | loss=8.5115 | lr=9.37e-05 | wd=0.0997 | mom=0.8897 | T=1.8 k=1.0 (mu_rec=1 mu_bwd=1) | grad=1.828 | tok/s=55,675 | tokens=0.00B
step=   130 | loss=8.3960 | lr=1.02e-04 | wd=0.0997 | mom=0.8930 | T=2.0 k=1.0 (mu_rec=1 mu_bwd=1) | grad=5.406 | tok/s=55,921 | tokens=0.00B
step=   140 | loss=8.0504 | lr=1.09e-04 | wd=0.0996 | mom=0.8963 | T=1.5 k=1.0 (mu_rec=1 mu_bwd=1) | grad=2.109 | tok/s=56,937 | tokens=0.00B
step=   150 | loss=7.9333 | lr=1.17e-04 | wd=0.0996 | mom=0.8997 | T=2.0 k=1.0 (mu_rec=1 mu_bwd=1) | grad=1.562 | tok/s=54,180 | tokens=0.00B
step=   160 | loss=7.9070 | lr=1.25e-04 | wd=0.0996 | mom=0.9030 | T=1.5 k=1.0 (mu_rec=1 mu_bwd=1) | grad=0.953 | tok/s=56,672 | tokens=0.01B
step=   170 | loss=7.7484 | lr=1.33e-04 | wd=0.0996 | mom=0.9063 | T=1.5 k=1.0 (mu_rec=1 mu_bwd=1) | grad=1.320 | tok/s=55,513 | tokens=0.01B
step=   180 | loss=7.5457 | lr=1.41e-04 | wd=0.0995 | mom=0.9097 | T=1.2 k=1.0 (mu_rec=1 mu_bwd=1) | grad=0.867 | tok/s=54,295 | tokens=0.01B
step=   190 | loss=7.5168 | lr=1.49e-04 | wd=0.0995 | mom=0.9130 | T=1.0 k=1.0 (mu_rec=1 mu_bwd=1) | grad=0.875 | tok/s=56,188 | tokens=0.01B
step=   200 | loss=7.4325 | lr=1.57e-04 | wd=0.0995 | mom=0.9163 | T=1.2 k=1.0 (mu_rec=1 mu_bwd=1) | grad=0.969 | tok/s=56,571 | tokens=0.01B
step=   210 | loss=7.4658 | lr=1.65e-04 | wd=0.0995 | mom=0.9197 | T=1.0 k=1.0 (mu_rec=1 mu_bwd=1) | grad=1.141 | tok/s=56,697 | tokens=0.01B
step=   220 | loss=7.4213 | lr=1.72e-04 | wd=0.0994 | mom=0.9230 | T=1.8 k=1.0 (mu_rec=1 mu_bwd=1) | grad=1.398 | tok/s=56,560 | tokens=0.01B
step=   230 | loss=7.2954 | lr=1.80e-04 | wd=0.0994 | mom=0.9263 | T=1.8 k=1.0 (mu_rec=1 mu_bwd=1) | grad=0.801 | tok/s=55,205 | tokens=0.01B
step=   240 | loss=7.3063 | lr=1.88e-04 | wd=0.0994 | mom=0.9297 | T=2.0 k=1.0 (mu_rec=1 mu_bwd=1) | grad=3.234 | tok/s=56,904 | tokens=0.01B
step=   250 | loss=7.2074 | lr=1.96e-04 | wd=0.0993 | mom=0.9330 | T=1.5 k=1.0 (mu_rec=1 mu_bwd=1) | grad=1.000 | tok/s=53,847 | tokens=0.01B
step=   260 | loss=7.0767 | lr=2.04e-04 | wd=0.0993 | mom=0.9363 | T=1.8 k=1.0 (mu_rec=1 mu_bwd=1) | grad=2.797 | tok/s=55,183 | tokens=0.01B
step=   270 | loss=7.4479 | lr=2.12e-04 | wd=0.0993 | mom=0.9397 | T=1.8 k=1.0 (mu_rec=1 mu_bwd=1) | grad=0.750 | tok/s=55,031 | tokens=0.01B
step=   280 | loss=6.9805 | lr=2.20e-04 | wd=0.0993 | mom=0.9430 | T=1.2 k=1.0 (mu_rec=2 mu_bwd=1) | grad=1.781 | tok/s=51,902 | tokens=0.01B
step=   290 | loss=6.8631 | lr=2.28e-04 | wd=0.0992 | mom=0.9463 | T=2.2 k=1.0 (mu_rec=2 mu_bwd=1) | grad=0.875 | tok/s=50,709 | tokens=0.01B
step=   300 | loss=6.7315 | lr=2.35e-04 | wd=0.0992 | mom=0.9497 | T=1.2 k=1.0 (mu_rec=2 mu_bwd=1) | grad=0.938 | tok/s=52,245 | tokens=0.01B
step=   310 | loss=7.0218 | lr=2.43e-04 | wd=0.0992 | mom=0.9500 | T=1.5 k=1.0 (mu_rec=2 mu_bwd=1) | grad=1.391 | tok/s=49,211 | tokens=0.01B
step=   320 | loss=6.6787 | lr=2.51e-04 | wd=0.0992 | mom=0.9500 | T=1.5 k=1.0 (mu_rec=2 mu_bwd=1) | grad=1.445 | tok/s=53,617 | tokens=0.01B
step=   330 | loss=6.8133 | lr=2.59e-04 | wd=0.0991 | mom=0.9500 | T=2.5 k=1.0 (mu_rec=2 mu_bwd=1) | grad=1.148 | tok/s=52,791 | tokens=0.01B
step=   340 | loss=6.8222 | lr=2.67e-04 | wd=0.0991 | mom=0.9500 | T=1.2 k=1.0 (mu_rec=2 mu_bwd=1) | grad=1.484 | tok/s=49,328 | tokens=0.01B
step=   350 | loss=6.4702 | lr=2.75e-04 | wd=0.0991 | mom=0.9500 | T=1.2 k=1.0 (mu_rec=2 mu_bwd=1) | grad=1.094 | tok/s=52,822 | tokens=0.01B
step=   360 | loss=6.5551 | lr=2.83e-04 | wd=0.0991 | mom=0.9500 | T=1.5 k=1.0 (mu_rec=2 mu_bwd=1) | grad=1.188 | tok/s=50,442 | tokens=0.01B
step=   370 | loss=6.4619 | lr=2.91e-04 | wd=0.0990 | mom=0.9500 | T=2.2 k=1.0 (mu_rec=2 mu_bwd=1) | grad=1.172 | tok/s=50,132 | tokens=0.01B
step=   380 | loss=6.4992 | lr=2.98e-04 | wd=0.0990 | mom=0.9500 | T=1.2 k=1.0 (mu_rec=2 mu_bwd=1) | grad=1.516 | tok/s=50,697 | tokens=0.01B
step=   390 | loss=6.6322 | lr=3.00e-04 | wd=0.0990 | mom=0.9500 | T=3.5 k=1.0 (mu_rec=2 mu_bwd=1) | grad=1.266 | tok/s=49,376 | tokens=0.01B
step=   400 | loss=6.8916 | lr=3.00e-04 | wd=0.0990 | mom=0.9500 | T=1.2 k=1.0 (mu_rec=2 mu_bwd=1) | grad=1.547 | tok/s=52,070 | tokens=0.01B
step=   410 | loss=6.6568 | lr=3.00e-04 | wd=0.0989 | mom=0.9500 | T=1.8 k=1.0 (mu_rec=2 mu_bwd=1) | grad=2.750 | tok/s=50,058 | tokens=0.01B
step=   420 | loss=6.7451 | lr=3.00e-04 | wd=0.0989 | mom=0.9500 | T=1.5 k=1.0 (mu_rec=2 mu_bwd=1) | grad=1.312 | tok/s=51,905 | tokens=0.01B
step=   430 | loss=7.6651 | lr=3.00e-04 | wd=0.0989 | mom=0.9500 | T=2.2 k=1.0 (mu_rec=2 mu_bwd=1) | grad=3.297 | tok/s=52,309 | tokens=0.01B
step=   440 | loss=6.6262 | lr=3.00e-04 | wd=0.0988 | mom=0.9500 | T=1.2 k=1.0 (mu_rec=2 mu_bwd=1) | grad=1.906 | tok/s=50,221 | tokens=0.01B
step=   450 | loss=6.6989 | lr=3.00e-04 | wd=0.0988 | mom=0.9500 | T=1.2 k=1.0 (mu_rec=2 mu_bwd=1) | grad=4.188 | tok/s=50,516 | tokens=0.01B
step=   460 | loss=6.3930 | lr=3.00e-04 | wd=0.0988 | mom=0.9500 | T=2.2 k=1.0 (mu_rec=2 mu_bwd=1) | grad=2.891 | tok/s=52,221 | tokens=0.02B
step=   470 | loss=6.5700 | lr=3.00e-04 | wd=0.0988 | mom=0.9500 | T=1.5 k=1.0 (mu_rec=2 mu_bwd=1) | grad=2.391 | tok/s=48,181 | tokens=0.02B
step=   480 | loss=6.7904 | lr=3.00e-04 | wd=0.0987 | mom=0.9500 | T=3.0 k=1.0 (mu_rec=2 mu_bwd=1) | grad=2.141 | tok/s=50,309 | tokens=0.02B
step=   490 | loss=6.5639 | lr=3.00e-04 | wd=0.0987 | mom=0.9500 | T=3.8 k=1.0 (mu_rec=2 mu_bwd=1) | grad=1.227 | tok/s=51,170 | tokens=0.02B
step=   500 | loss=6.3753 | lr=3.00e-04 | wd=0.0987 | mom=0.9500 | T=2.2 k=1.0 (mu_rec=2 mu_bwd=1) | grad=1.195 | tok/s=50,879 | tokens=0.02B
step=   510 | loss=6.3206 | lr=3.00e-04 | wd=0.0987 | mom=0.9500 | T=1.5 k=1.0 (mu_rec=2 mu_bwd=1) | grad=0.934 | tok/s=51,676 | tokens=0.02B
step=   520 | loss=6.8485 | lr=3.00e-04 | wd=0.0986 | mom=0.9500 | T=1.5 k=1.0 (mu_rec=2 mu_bwd=1) | grad=1.141 | tok/s=50,371 | tokens=0.02B
step=   530 | loss=6.3999 | lr=3.00e-04 | wd=0.0986 | mom=0.9500 | T=1.5 k=1.0 (mu_rec=2 mu_bwd=1) | grad=0.812 | tok/s=54,099 | tokens=0.02B
step=   540 | loss=6.1419 | lr=3.00e-04 | wd=0.0986 | mom=0.9500 | T=2.2 k=1.0 (mu_rec=2 mu_bwd=1) | grad=1.547 | tok/s=51,194 | tokens=0.02B
step=   550 | loss=6.3328 | lr=3.00e-04 | wd=0.0986 | mom=0.9500 | T=2.0 k=1.0 (mu_rec=2 mu_bwd=1) | grad=0.910 | tok/s=50,783 | tokens=0.02B
step=   560 | loss=7.2365 | lr=3.00e-04 | wd=0.0985 | mom=0.9500 | T=3.0 k=1.0 (mu_rec=2 mu_bwd=1) | grad=1.523 | tok/s=50,162 | tokens=0.02B
step=   570 | loss=7.4922 | lr=3.00e-04 | wd=0.0985 | mom=0.9500 | T=1.8 k=1.0 (mu_rec=2 mu_bwd=1) | grad=2.016 | tok/s=51,513 | tokens=0.02B
step=   580 | loss=6.4195 | lr=3.00e-04 | wd=0.0985 | mom=0.9500 | T=2.8 k=1.0 (mu_rec=2 mu_bwd=1) | grad=4.719 | tok/s=50,019 | tokens=0.02B
step=   590 | loss=6.2140 | lr=3.00e-04 | wd=0.0985 | mom=0.9500 | T=1.5 k=1.0 (mu_rec=2 mu_bwd=1) | grad=1.086 | tok/s=49,434 | tokens=0.02B
step=   600 | loss=6.2383 | lr=3.00e-04 | wd=0.0984 | mom=0.9500 | T=3.0 k=1.0 (mu_rec=2 mu_bwd=1) | grad=1.461 | tok/s=49,296 | tokens=0.02B
step=   610 | loss=6.3590 | lr=3.00e-04 | wd=0.0984 | mom=0.9500 | T=2.5 k=1.0 (mu_rec=2 mu_bwd=1) | grad=0.914 | tok/s=50,855 | tokens=0.02B
step=   620 | loss=6.2463 | lr=3.00e-04 | wd=0.0984 | mom=0.9500 | T=2.0 k=1.0 (mu_rec=2 mu_bwd=1) | grad=1.945 | tok/s=49,910 | tokens=0.02B
step=   630 | loss=6.0416 | lr=3.00e-04 | wd=0.0984 | mom=0.9500 | T=2.2 k=1.0 (mu_rec=2 mu_bwd=1) | grad=1.172 | tok/s=51,995 | tokens=0.02B
step=   640 | loss=6.3965 | lr=3.00e-04 | wd=0.0983 | mom=0.9500 | T=2.0 k=1.0 (mu_rec=2 mu_bwd=1) | grad=1.180 | tok/s=50,911 | tokens=0.02B
step=   650 | loss=6.2319 | lr=3.00e-04 | wd=0.0983 | mom=0.9500 | T=5.5 k=1.0 (mu_rec=2 mu_bwd=1) | grad=1.039 | tok/s=51,400 | tokens=0.02B
step=   660 | loss=6.1856 | lr=3.00e-04 | wd=0.0983 | mom=0.9500 | T=1.2 k=1.0 (mu_rec=2 mu_bwd=1) | grad=1.023 | tok/s=51,302 | tokens=0.02B
step=   670 | loss=6.2367 | lr=3.00e-04 | wd=0.0982 | mom=0.9500 | T=1.5 k=1.0 (mu_rec=2 mu_bwd=1) | grad=1.305 | tok/s=52,715 | tokens=0.02B
step=   680 | loss=6.0657 | lr=3.00e-04 | wd=0.0982 | mom=0.9500 | T=3.0 k=1.0 (mu_rec=2 mu_bwd=1) | grad=1.672 | tok/s=51,078 | tokens=0.02B
step=   690 | loss=6.2328 | lr=3.00e-04 | wd=0.0982 | mom=0.9500 | T=1.2 k=1.0 (mu_rec=2 mu_bwd=1) | grad=1.375 | tok/s=54,223 | tokens=0.02B
step=   700 | loss=6.2282 | lr=3.00e-04 | wd=0.0982 | mom=0.9500 | T=2.5 k=1.0 (mu_rec=2 mu_bwd=1) | grad=1.414 | tok/s=52,706 | tokens=0.02B
step=   710 | loss=6.3851 | lr=3.00e-04 | wd=0.0981 | mom=0.9500 | T=4.0 k=1.0 (mu_rec=2 mu_bwd=1) | grad=0.836 | tok/s=50,015 | tokens=0.02B
step=   720 | loss=6.0754 | lr=3.00e-04 | wd=0.0981 | mom=0.9500 | T=1.8 k=1.0 (mu_rec=2 mu_bwd=1) | grad=1.109 | tok/s=51,928 | tokens=0.02B
step=   730 | loss=6.1033 | lr=3.00e-04 | wd=0.0981 | mom=0.9500 | T=3.0 k=1.0 (mu_rec=2 mu_bwd=1) | grad=2.141 | tok/s=47,791 | tokens=0.02B
step=   740 | loss=6.2852 | lr=3.00e-04 | wd=0.0981 | mom=0.9500 | T=1.5 k=1.0 (mu_rec=2 mu_bwd=1) | grad=2.328 | tok/s=51,127 | tokens=0.02B
step=   750 | loss=6.2182 | lr=3.00e-04 | wd=0.0980 | mom=0.9500 | T=1.0 k=1.0 (mu_rec=2 mu_bwd=1) | grad=0.969 | tok/s=51,068 | tokens=0.02B
step=   760 | loss=5.8042 | lr=3.00e-04 | wd=0.0980 | mom=0.9500 | T=3.5 k=1.0 (mu_rec=2 mu_bwd=1) | grad=1.484 | tok/s=50,169 | tokens=0.02B
step=   770 | loss=6.1736 | lr=3.00e-04 | wd=0.0980 | mom=0.9500 | T=4.5 k=1.0 (mu_rec=2 mu_bwd=1) | grad=0.871 | tok/s=48,533 | tokens=0.03B
step=   780 | loss=6.3360 | lr=3.00e-04 | wd=0.0980 | mom=0.9500 | T=2.5 k=1.0 (mu_rec=2 mu_bwd=1) | grad=0.969 | tok/s=51,765 | tokens=0.03B
step=   790 | loss=6.1552 | lr=3.00e-04 | wd=0.0979 | mom=0.9500 | T=1.8 k=1.0 (mu_rec=2 mu_bwd=1) | grad=1.156 | tok/s=50,084 | tokens=0.03B
step=   800 | loss=6.2094 | lr=3.00e-04 | wd=0.0979 | mom=0.9500 | T=2.8 k=1.0 (mu_rec=2 mu_bwd=1) | grad=1.188 | tok/s=50,446 | tokens=0.03B
step=   810 | loss=6.0881 | lr=3.00e-04 | wd=0.0979 | mom=0.9500 | T=1.0 k=1.0 (mu_rec=2 mu_bwd=1) | grad=4.344 | tok/s=54,930 | tokens=0.03B
step=   820 | loss=6.1471 | lr=3.00e-04 | wd=0.0979 | mom=0.9500 | T=3.0 k=1.8 (mu_rec=3 mu_bwd=2) | grad=0.871 | tok/s=43,819 | tokens=0.03B
step=   830 | loss=5.9693 | lr=3.00e-04 | wd=0.0978 | mom=0.9500 | T=3.0 k=1.2 (mu_rec=3 mu_bwd=2) | grad=1.211 | tok/s=39,260 | tokens=0.03B
step=   840 | loss=5.9854 | lr=3.00e-04 | wd=0.0978 | mom=0.9500 | T=1.5 k=1.5 (mu_rec=3 mu_bwd=2) | grad=2.578 | tok/s=6,777 | tokens=0.03B
step=   850 | loss=6.1213 | lr=3.00e-04 | wd=0.0978 | mom=0.9500 | T=4.2 k=2.0 (mu_rec=3 mu_bwd=2) | grad=2.062 | tok/s=40,478 | tokens=0.03B
step=   860 | loss=5.8336 | lr=3.00e-04 | wd=0.0977 | mom=0.9500 | T=2.5 k=1.5 (mu_rec=3 mu_bwd=2) | grad=1.727 | tok/s=42,041 | tokens=0.03B
step=   870 | loss=6.2048 | lr=3.00e-04 | wd=0.0977 | mom=0.9500 | T=3.2 k=1.8 (mu_rec=3 mu_bwd=2) | grad=1.617 | tok/s=38,928 | tokens=0.03B
step=   880 | loss=6.1475 | lr=3.00e-04 | wd=0.0977 | mom=0.9500 | T=2.5 k=1.5 (mu_rec=3 mu_bwd=2) | grad=1.695 | tok/s=38,784 | tokens=0.03B
step=   890 | loss=6.1978 | lr=3.00e-04 | wd=0.0977 | mom=0.9500 | T=3.2 k=1.5 (mu_rec=3 mu_bwd=2) | grad=1.391 | tok/s=39,994 | tokens=0.03B
step=   900 | loss=5.8968 | lr=3.00e-04 | wd=0.0976 | mom=0.9500 | T=3.2 k=2.0 (mu_rec=3 mu_bwd=2) | grad=1.125 | tok/s=39,349 | tokens=0.03B
step=   910 | loss=6.1434 | lr=3.00e-04 | wd=0.0976 | mom=0.9500 | T=3.2 k=2.0 (mu_rec=3 mu_bwd=2) | grad=1.008 | tok/s=41,353 | tokens=0.03B
step=   920 | loss=6.2040 | lr=3.00e-04 | wd=0.0976 | mom=0.9500 | T=4.5 k=2.0 (mu_rec=3 mu_bwd=2) | grad=1.094 | tok/s=40,770 | tokens=0.03B
step=   930 | loss=6.1734 | lr=3.00e-04 | wd=0.0976 | mom=0.9500 | T=2.8 k=1.5 (mu_rec=3 mu_bwd=2) | grad=2.078 | tok/s=40,867 | tokens=0.03B
step=   940 | loss=5.9564 | lr=3.00e-04 | wd=0.0975 | mom=0.9500 | T=2.5 k=2.0 (mu_rec=3 mu_bwd=2) | grad=1.664 | tok/s=39,181 | tokens=0.03B
step=   950 | loss=5.9076 | lr=3.00e-04 | wd=0.0975 | mom=0.9500 | T=1.8 k=1.5 (mu_rec=3 mu_bwd=2) | grad=2.594 | tok/s=39,992 | tokens=0.03B
step=   960 | loss=6.0345 | lr=3.00e-04 | wd=0.0975 | mom=0.9500 | T=3.8 k=1.8 (mu_rec=3 mu_bwd=2) | grad=1.047 | tok/s=38,548 | tokens=0.03B
step=   970 | loss=6.0873 | lr=3.00e-04 | wd=0.0975 | mom=0.9500 | T=1.5 k=1.2 (mu_rec=3 mu_bwd=2) | grad=2.219 | tok/s=41,193 | tokens=0.03B
step=   980 | loss=5.7214 | lr=3.00e-04 | wd=0.0974 | mom=0.9500 | T=1.8 k=1.8 (mu_rec=3 mu_bwd=2) | grad=2.734 | tok/s=41,014 | tokens=0.03B
step=   990 | loss=6.2303 | lr=3.00e-04 | wd=0.0974 | mom=0.9500 | T=2.2 k=1.8 (mu_rec=3 mu_bwd=2) | grad=1.422 | tok/s=39,564 | tokens=0.03B
step=  1000 | loss=6.1116 | lr=3.00e-04 | wd=0.0974 | mom=0.9500 | T=3.8 k=2.0 (mu_rec=3 mu_bwd=2) | grad=1.547 | tok/s=37,106 | tokens=0.03B
step=  1010 | loss=6.0464 | lr=3.00e-04 | wd=0.0974 | mom=0.9500 | T=1.5 k=1.5 (mu_rec=3 mu_bwd=2) | grad=1.906 | tok/s=38,484 | tokens=0.03B
step=  1020 | loss=6.0056 | lr=3.00e-04 | wd=0.0973 | mom=0.9500 | T=2.2 k=1.8 (mu_rec=3 mu_bwd=2) | grad=1.844 | tok/s=38,019 | tokens=0.03B
step=  1030 | loss=6.0048 | lr=3.00e-04 | wd=0.0973 | mom=0.9500 | T=2.8 k=2.0 (mu_rec=3 mu_bwd=2) | grad=1.414 | tok/s=40,535 | tokens=0.03B
step=  1040 | loss=6.1015 | lr=3.00e-04 | wd=0.0973 | mom=0.9500 | T=2.2 k=1.8 (mu_rec=3 mu_bwd=2) | grad=1.633 | tok/s=42,838 | tokens=0.03B
step=  1050 | loss=6.0683 | lr=3.00e-04 | wd=0.0973 | mom=0.9500 | T=4.0 k=1.8 (mu_rec=3 mu_bwd=2) | grad=0.898 | tok/s=40,133 | tokens=0.03B
step=  1060 | loss=6.0402 | lr=3.00e-04 | wd=0.0972 | mom=0.9500 | T=2.0 k=1.8 (mu_rec=3 mu_bwd=2) | grad=1.086 | tok/s=40,125 | tokens=0.03B
step=  1070 | loss=5.9885 | lr=3.00e-04 | wd=0.0972 | mom=0.9500 | T=2.8 k=2.0 (mu_rec=3 mu_bwd=2) | grad=2.859 | tok/s=38,073 | tokens=0.04B
step=  1080 | loss=5.9154 | lr=3.00e-04 | wd=0.0972 | mom=0.9500 | T=3.2 k=1.8 (mu_rec=3 mu_bwd=2) | grad=1.398 | tok/s=36,909 | tokens=0.04B
step=  1090 | loss=6.0705 | lr=3.00e-04 | wd=0.0971 | mom=0.9500 | T=3.0 k=1.5 (mu_rec=3 mu_bwd=2) | grad=2.172 | tok/s=39,621 | tokens=0.04B
step=  1100 | loss=5.9742 | lr=3.00e-04 | wd=0.0971 | mom=0.9500 | T=2.2 k=1.5 (mu_rec=3 mu_bwd=2) | grad=1.539 | tok/s=40,875 | tokens=0.04B
step=  1110 | loss=6.1575 | lr=3.00e-04 | wd=0.0971 | mom=0.9500 | T=3.2 k=1.2 (mu_rec=3 mu_bwd=2) | grad=2.516 | tok/s=43,766 | tokens=0.04B
step=  1120 | loss=5.9588 | lr=3.00e-04 | wd=0.0971 | mom=0.9500 | T=3.5 k=2.0 (mu_rec=3 mu_bwd=2) | grad=1.492 | tok/s=38,600 | tokens=0.04B
step=  1130 | loss=5.8106 | lr=3.00e-04 | wd=0.0970 | mom=0.9500 | T=2.5 k=1.8 (mu_rec=3 mu_bwd=2) | grad=2.531 | tok/s=39,045 | tokens=0.04B
step=  1140 | loss=5.6647 | lr=3.00e-04 | wd=0.0970 | mom=0.9500 | T=2.0 k=1.8 (mu_rec=3 mu_bwd=2) | grad=1.711 | tok/s=41,572 | tokens=0.04B
step=  1150 | loss=6.2389 | lr=3.00e-04 | wd=0.0970 | mom=0.9500 | T=2.0 k=1.5 (mu_rec=3 mu_bwd=2) | grad=1.641 | tok/s=39,579 | tokens=0.04B
step=  1160 | loss=6.0639 | lr=3.00e-04 | wd=0.0970 | mom=0.9500 | T=3.8 k=1.8 (mu_rec=3 mu_bwd=2) | grad=1.539 | tok/s=40,652 | tokens=0.04B
step=  1170 | loss=5.7746 | lr=3.00e-04 | wd=0.0969 | mom=0.9500 | T=2.8 k=1.5 (mu_rec=3 mu_bwd=2) | grad=2.391 | tok/s=39,293 | tokens=0.04B
step=  1180 | loss=5.9449 | lr=3.00e-04 | wd=0.0969 | mom=0.9500 | T=5.2 k=1.8 (mu_rec=3 mu_bwd=2) | grad=1.219 | tok/s=40,477 | tokens=0.04B
step=  1190 | loss=5.9153 | lr=3.00e-04 | wd=0.0969 | mom=0.9500 | T=4.0 k=1.5 (mu_rec=3 mu_bwd=2) | grad=1.422 | tok/s=39,918 | tokens=0.04B
step=  1200 | loss=5.8917 | lr=3.00e-04 | wd=0.0969 | mom=0.9500 | T=2.8 k=2.0 (mu_rec=3 mu_bwd=2) | grad=0.953 | tok/s=42,007 | tokens=0.04B
step=  1210 | loss=5.8988 | lr=3.00e-04 | wd=0.0968 | mom=0.9500 | T=4.2 k=2.0 (mu_rec=3 mu_bwd=2) | grad=1.039 | tok/s=38,296 | tokens=0.04B
step=  1220 | loss=5.9711 | lr=3.00e-04 | wd=0.0968 | mom=0.9500 | T=2.0 k=1.2 (mu_rec=3 mu_bwd=2) | grad=1.578 | tok/s=39,467 | tokens=0.04B
step=  1230 | loss=6.0629 | lr=3.00e-04 | wd=0.0968 | mom=0.9500 | T=2.5 k=1.8 (mu_rec=3 mu_bwd=2) | grad=1.258 | tok/s=39,943 | tokens=0.04B
step=  1240 | loss=6.0588 | lr=3.00e-04 | wd=0.0968 | mom=0.9500 | T=4.2 k=1.8 (mu_rec=3 mu_bwd=2) | grad=2.016 | tok/s=38,903 | tokens=0.04B
step=  1250 | loss=5.9806 | lr=3.00e-04 | wd=0.0967 | mom=0.9500 | T=3.2 k=1.8 (mu_rec=3 mu_bwd=2) | grad=1.281 | tok/s=39,118 | tokens=0.04B
step=  1260 | loss=5.8783 | lr=3.00e-04 | wd=0.0967 | mom=0.9500 | T=2.5 k=1.5 (mu_rec=3 mu_bwd=2) | grad=1.586 | tok/s=42,635 | tokens=0.04B
step=  1270 | loss=5.8513 | lr=3.00e-04 | wd=0.0967 | mom=0.9500 | T=3.0 k=1.5 (mu_rec=3 mu_bwd=2) | grad=0.812 | tok/s=39,727 | tokens=0.04B
step=  1280 | loss=5.9150 | lr=3.00e-04 | wd=0.0966 | mom=0.9500 | T=5.0 k=1.8 (mu_rec=3 mu_bwd=2) | grad=1.383 | tok/s=39,378 | tokens=0.04B
step=  1290 | loss=5.8758 | lr=3.00e-04 | wd=0.0966 | mom=0.9500 | T=2.5 k=1.8 (mu_rec=3 mu_bwd=2) | grad=2.391 | tok/s=41,392 | tokens=0.04B
step=  1300 | loss=5.6948 | lr=3.00e-04 | wd=0.0966 | mom=0.9500 | T=2.8 k=2.0 (mu_rec=3 mu_bwd=2) | grad=1.609 | tok/s=40,527 | tokens=0.04B
step=  1310 | loss=6.0341 | lr=3.00e-04 | wd=0.0966 | mom=0.9500 | T=2.2 k=1.5 (mu_rec=3 mu_bwd=2) | grad=4.000 | tok/s=40,909 | tokens=0.04B
step=  1320 | loss=5.9888 | lr=3.00e-04 | wd=0.0965 | mom=0.9500 | T=1.5 k=1.2 (mu_rec=3 mu_bwd=2) | grad=1.195 | tok/s=42,692 | tokens=0.04B
step=  1330 | loss=5.8328 | lr=3.00e-04 | wd=0.0965 | mom=0.9500 | T=2.0 k=1.5 (mu_rec=3 mu_bwd=2) | grad=1.398 | tok/s=39,364 | tokens=0.04B
step=  1340 | loss=5.8425 | lr=3.00e-04 | wd=0.0965 | mom=0.9500 | T=2.5 k=1.5 (mu_rec=3 mu_bwd=2) | grad=1.711 | tok/s=40,543 | tokens=0.04B
step=  1350 | loss=5.8958 | lr=3.00e-04 | wd=0.0965 | mom=0.9500 | T=3.2 k=2.0 (mu_rec=3 mu_bwd=2) | grad=1.211 | tok/s=40,394 | tokens=0.04B
step=  1360 | loss=5.9241 | lr=3.00e-04 | wd=0.0964 | mom=0.9500 | T=4.8 k=2.0 (mu_rec=4 mu_bwd=2) | grad=2.078 | tok/s=39,049 | tokens=0.04B
step=  1370 | loss=6.0593 | lr=3.00e-04 | wd=0.0964 | mom=0.9500 | T=6.0 k=2.0 (mu_rec=4 mu_bwd=2) | grad=0.910 | tok/s=34,502 | tokens=0.04B
step=  1380 | loss=5.6843 | lr=3.00e-04 | wd=0.0964 | mom=0.9500 | T=2.2 k=1.8 (mu_rec=4 mu_bwd=2) | grad=3.438 | tok/s=37,432 | tokens=0.05B
step=  1390 | loss=5.6509 | lr=3.00e-04 | wd=0.0964 | mom=0.9500 | T=3.2 k=1.8 (mu_rec=4 mu_bwd=2) | grad=1.148 | tok/s=37,442 | tokens=0.05B
step=  1400 | loss=6.0032 | lr=3.00e-04 | wd=0.0963 | mom=0.9500 | T=2.8 k=1.2 (mu_rec=4 mu_bwd=2) | grad=1.344 | tok/s=37,764 | tokens=0.05B
step=  1410 | loss=5.9188 | lr=3.00e-04 | wd=0.0963 | mom=0.9500 | T=3.0 k=2.0 (mu_rec=4 mu_bwd=2) | grad=1.578 | tok/s=35,987 | tokens=0.05B
step=  1420 | loss=5.9583 | lr=3.00e-04 | wd=0.0963 | mom=0.9500 | T=5.5 k=1.8 (mu_rec=4 mu_bwd=2) | grad=1.258 | tok/s=37,016 | tokens=0.05B
step=  1430 | loss=5.9679 | lr=3.00e-04 | wd=0.0963 | mom=0.9500 | T=2.2 k=1.5 (mu_rec=4 mu_bwd=2) | grad=2.828 | tok/s=34,819 | tokens=0.05B
step=  1440 | loss=5.7770 | lr=3.00e-04 | wd=0.0962 | mom=0.9500 | T=4.8 k=1.8 (mu_rec=4 mu_bwd=2) | grad=2.500 | tok/s=34,899 | tokens=0.05B
step=  1450 | loss=6.0647 | lr=3.00e-04 | wd=0.0962 | mom=0.9500 | T=5.5 k=2.0 (mu_rec=4 mu_bwd=2) | grad=2.656 | tok/s=36,338 | tokens=0.05B
step=  1460 | loss=5.9109 | lr=3.00e-04 | wd=0.0962 | mom=0.9500 | T=2.8 k=1.5 (mu_rec=4 mu_bwd=2) | grad=3.156 | tok/s=37,837 | tokens=0.05B
step=  1470 | loss=5.6445 | lr=3.00e-04 | wd=0.0961 | mom=0.9500 | T=5.0 k=2.0 (mu_rec=4 mu_bwd=2) | grad=2.078 | tok/s=35,691 | tokens=0.05B
step=  1480 | loss=5.8924 | lr=3.00e-04 | wd=0.0961 | mom=0.9500 | T=1.2 k=1.2 (mu_rec=4 mu_bwd=2) | grad=2.156 | tok/s=40,220 | tokens=0.05B
step=  1490 | loss=5.9248 | lr=3.00e-04 | wd=0.0961 | mom=0.9500 | T=3.5 k=2.0 (mu_rec=4 mu_bwd=2) | grad=1.672 | tok/s=37,183 | tokens=0.05B
step=  1500 | loss=5.9616 | lr=3.00e-04 | wd=0.0961 | mom=0.9500 | T=7.2 k=2.0 (mu_rec=4 mu_bwd=2) | grad=2.734 | tok/s=36,139 | tokens=0.05B
step=  1510 | loss=6.0905 | lr=3.00e-04 | wd=0.0960 | mom=0.9500 | T=2.8 k=1.8 (mu_rec=4 mu_bwd=2) | grad=1.625 | tok/s=38,057 | tokens=0.05B
step=  1520 | loss=5.9843 | lr=3.00e-04 | wd=0.0960 | mom=0.9500 | T=2.8 k=1.5 (mu_rec=4 mu_bwd=2) | grad=1.195 | tok/s=36,762 | tokens=0.05B
step=  1530 | loss=5.8359 | lr=3.00e-04 | wd=0.0960 | mom=0.9500 | T=5.8 k=2.0 (mu_rec=4 mu_bwd=2) | grad=1.164 | tok/s=37,578 | tokens=0.05B
step=  1540 | loss=5.9213 | lr=3.00e-04 | wd=0.0960 | mom=0.9500 | T=5.0 k=2.0 (mu_rec=4 mu_bwd=2) | grad=1.133 | tok/s=36,501 | tokens=0.05B
step=  1550 | loss=5.9568 | lr=3.00e-04 | wd=0.0959 | mom=0.9500 | T=5.5 k=2.0 (mu_rec=4 mu_bwd=2) | grad=2.562 | tok/s=34,767 | tokens=0.05B
step=  1560 | loss=5.7965 | lr=3.00e-04 | wd=0.0959 | mom=0.9500 | T=3.0 k=1.8 (mu_rec=4 mu_bwd=2) | grad=1.281 | tok/s=37,384 | tokens=0.05B
step=  1570 | loss=5.8830 | lr=3.00e-04 | wd=0.0959 | mom=0.9500 | T=2.8 k=1.8 (mu_rec=4 mu_bwd=2) | grad=1.734 | tok/s=35,971 | tokens=0.05B
step=  1580 | loss=5.8389 | lr=3.00e-04 | wd=0.0959 | mom=0.9500 | T=1.0 k=1.0 (mu_rec=4 mu_bwd=2) | grad=1.891 | tok/s=36,921 | tokens=0.05B
step=  1590 | loss=5.8631 | lr=3.00e-04 | wd=0.0958 | mom=0.9500 | T=4.0 k=1.8 (mu_rec=4 mu_bwd=2) | grad=1.273 | tok/s=34,611 | tokens=0.05B
step=  1600 | loss=5.8134 | lr=3.00e-04 | wd=0.0958 | mom=0.9500 | T=4.2 k=2.0 (mu_rec=4 mu_bwd=2) | grad=1.438 | tok/s=35,717 | tokens=0.05B
step=  1610 | loss=5.6739 | lr=3.00e-04 | wd=0.0958 | mom=0.9500 | T=4.0 k=2.0 (mu_rec=4 mu_bwd=2) | grad=1.688 | tok/s=37,066 | tokens=0.05B
step=  1620 | loss=5.8192 | lr=3.00e-04 | wd=0.0958 | mom=0.9500 | T=4.2 k=1.8 (mu_rec=4 mu_bwd=2) | grad=2.375 | tok/s=37,827 | tokens=0.05B
step=  1630 | loss=5.7710 | lr=3.00e-04 | wd=0.0957 | mom=0.9500 | T=4.2 k=1.8 (mu_rec=4 mu_bwd=2) | grad=1.508 | tok/s=38,455 | tokens=0.05B
step=  1640 | loss=5.8111 | lr=3.00e-04 | wd=0.0957 | mom=0.9500 | T=2.5 k=1.8 (mu_rec=4 mu_bwd=2) | grad=1.156 | tok/s=37,931 | tokens=0.05B
step=  1650 | loss=5.9105 | lr=3.00e-04 | wd=0.0957 | mom=0.9500 | T=4.0 k=2.0 (mu_rec=4 mu_bwd=2) | grad=0.875 | tok/s=36,110 | tokens=0.05B
step=  1660 | loss=5.5991 | lr=3.00e-04 | wd=0.0957 | mom=0.9500 | T=4.0 k=2.0 (mu_rec=4 mu_bwd=2) | grad=2.109 | tok/s=36,626 | tokens=0.05B
step=  1670 | loss=5.9044 | lr=3.00e-04 | wd=0.0956 | mom=0.9500 | T=3.0 k=1.8 (mu_rec=4 mu_bwd=2) | grad=3.188 | tok/s=11,819 | tokens=0.05B
step=  1680 | loss=5.7456 | lr=3.00e-04 | wd=0.0956 | mom=0.9500 | T=3.5 k=2.0 (mu_rec=4 mu_bwd=2) | grad=1.484 | tok/s=35,412 | tokens=0.06B
step=  1690 | loss=5.8744 | lr=3.00e-04 | wd=0.0956 | mom=0.9500 | T=2.2 k=1.5 (mu_rec=4 mu_bwd=2) | grad=1.844 | tok/s=10,895 | tokens=0.06B
step=  1700 | loss=5.7769 | lr=3.00e-04 | wd=0.0955 | mom=0.9500 | T=3.0 k=1.8 (mu_rec=4 mu_bwd=2) | grad=2.391 | tok/s=36,199 | tokens=0.06B
step=  1710 | loss=5.7134 | lr=3.00e-04 | wd=0.0955 | mom=0.9500 | T=4.2 k=2.0 (mu_rec=4 mu_bwd=2) | grad=1.789 | tok/s=37,183 | tokens=0.06B
step=  1720 | loss=5.4942 | lr=3.00e-04 | wd=0.0955 | mom=0.9500 | T=5.0 k=2.0 (mu_rec=4 mu_bwd=2) | grad=1.156 | tok/s=35,874 | tokens=0.06B
step=  1730 | loss=5.7002 | lr=3.00e-04 | wd=0.0955 | mom=0.9500 | T=4.0 k=1.8 (mu_rec=4 mu_bwd=2) | grad=1.820 | tok/s=34,827 | tokens=0.06B
step=  1740 | loss=6.1105 | lr=3.00e-04 | wd=0.0954 | mom=0.9500 | T=6.8 k=1.8 (mu_rec=4 mu_bwd=2) | grad=1.195 | tok/s=37,331 | tokens=0.06B
step=  1750 | loss=5.6337 | lr=3.00e-04 | wd=0.0954 | mom=0.9500 | T=9.5 k=1.8 (mu_rec=4 mu_bwd=2) | grad=1.820 | tok/s=34,658 | tokens=0.06B
step=  1760 | loss=5.7819 | lr=3.00e-04 | wd=0.0954 | mom=0.9500 | T=3.5 k=2.0 (mu_rec=4 mu_bwd=2) | grad=1.125 | tok/s=37,725 | tokens=0.06B
step=  1770 | loss=6.0077 | lr=3.00e-04 | wd=0.0954 | mom=0.9500 | T=5.2 k=1.8 (mu_rec=4 mu_bwd=2) | grad=1.164 | tok/s=37,492 | tokens=0.06B
step=  1780 | loss=5.9027 | lr=3.00e-04 | wd=0.0953 | mom=0.9500 | T=2.5 k=1.8 (mu_rec=4 mu_bwd=2) | grad=1.289 | tok/s=34,812 | tokens=0.06B
step=  1790 | loss=5.8899 | lr=3.00e-04 | wd=0.0953 | mom=0.9500 | T=4.0 k=1.8 (mu_rec=4 mu_bwd=2) | grad=1.148 | tok/s=34,931 | tokens=0.06B
step=  1800 | loss=6.3112 | lr=3.00e-04 | wd=0.0953 | mom=0.9500 | T=2.2 k=1.8 (mu_rec=4 mu_bwd=2) | grad=2.297 | tok/s=37,404 | tokens=0.06B
step=  1810 | loss=5.8776 | lr=3.00e-04 | wd=0.0953 | mom=0.9500 | T=5.0 k=2.0 (mu_rec=4 mu_bwd=2) | grad=1.820 | tok/s=34,331 | tokens=0.06B
step=  1820 | loss=6.9193 | lr=3.00e-04 | wd=0.0952 | mom=0.9500 | T=5.8 k=2.0 (mu_rec=4 mu_bwd=2) | grad=0.984 | tok/s=35,350 | tokens=0.06B
step=  1830 | loss=6.0064 | lr=3.00e-04 | wd=0.0952 | mom=0.9500 | T=5.8 k=2.0 (mu_rec=4 mu_bwd=2) | grad=1.648 | tok/s=36,228 | tokens=0.06B
step=  1840 | loss=6.1240 | lr=3.00e-04 | wd=0.0952 | mom=0.9500 | T=5.0 k=2.0 (mu_rec=4 mu_bwd=2) | grad=1.680 | tok/s=34,159 | tokens=0.06B
step=  1850 | loss=5.9807 | lr=3.00e-04 | wd=0.0952 | mom=0.9500 | T=3.0 k=1.8 (mu_rec=4 mu_bwd=2) | grad=0.945 | tok/s=38,150 | tokens=0.06B
step=  1860 | loss=5.9216 | lr=3.00e-04 | wd=0.0951 | mom=0.9500 | T=4.8 k=1.8 (mu_rec=4 mu_bwd=2) | grad=3.781 | tok/s=35,647 | tokens=0.06B
step=  1870 | loss=5.8608 | lr=3.00e-04 | wd=0.0951 | mom=0.9500 | T=3.8 k=1.8 (mu_rec=4 mu_bwd=2) | grad=1.625 | tok/s=36,566 | tokens=0.06B
step=  1880 | loss=5.8514 | lr=3.00e-04 | wd=0.0951 | mom=0.9500 | T=3.2 k=1.5 (mu_rec=4 mu_bwd=2) | grad=1.148 | tok/s=38,750 | tokens=0.06B
step=  1890 | loss=5.8007 | lr=3.00e-04 | wd=0.0950 | mom=0.9500 | T=3.0 k=1.8 (mu_rec=4 mu_bwd=2) | grad=1.000 | tok/s=36,700 | tokens=0.06B
step=  1900 | loss=5.7507 | lr=3.00e-04 | wd=0.0950 | mom=0.9500 | T=3.2 k=2.0 (mu_rec=4 mu_bwd=2) | grad=1.258 | tok/s=34,884 | tokens=0.06B
step=  1910 | loss=5.7348 | lr=3.00e-04 | wd=0.0950 | mom=0.9500 | T=3.8 k=2.5 (mu_rec=5 mu_bwd=3) | grad=1.242 | tok/s=31,168 | tokens=0.06B
step=  1920 | loss=5.6689 | lr=3.00e-04 | wd=0.0950 | mom=0.9500 | T=4.0 k=2.8 (mu_rec=5 mu_bwd=3) | grad=2.766 | tok/s=32,878 | tokens=0.06B
step=  1930 | loss=5.8140 | lr=3.00e-04 | wd=0.0949 | mom=0.9500 | T=6.0 k=3.0 (mu_rec=5 mu_bwd=3) | grad=0.945 | tok/s=31,255 | tokens=0.06B
step=  1940 | loss=5.7513 | lr=3.00e-04 | wd=0.0949 | mom=0.9500 | T=5.2 k=3.0 (mu_rec=5 mu_bwd=3) | grad=1.648 | tok/s=30,090 | tokens=0.06B
step=  1950 | loss=5.6193 | lr=3.00e-04 | wd=0.0949 | mom=0.9500 | T=3.2 k=2.5 (mu_rec=5 mu_bwd=3) | grad=1.734 | tok/s=31,850 | tokens=0.06B
step=  1960 | loss=5.8568 | lr=3.00e-04 | wd=0.0949 | mom=0.9500 | T=4.2 k=2.5 (mu_rec=5 mu_bwd=3) | grad=1.320 | tok/s=31,149 | tokens=0.06B
step=  1970 | loss=5.7168 | lr=3.00e-04 | wd=0.0948 | mom=0.9500 | T=7.0 k=2.5 (mu_rec=5 mu_bwd=3) | grad=2.906 | tok/s=28,702 | tokens=0.06B
step=  1980 | loss=5.9149 | lr=3.00e-04 | wd=0.0948 | mom=0.9500 | T=4.8 k=2.5 (mu_rec=5 mu_bwd=3) | grad=2.047 | tok/s=30,681 | tokens=0.06B
step=  1990 | loss=5.8326 | lr=3.00e-04 | wd=0.0948 | mom=0.9500 | T=5.2 k=2.8 (mu_rec=5 mu_bwd=3) | grad=3.594 | tok/s=30,368 | tokens=0.07B
step=  2000 | loss=5.8558 | lr=3.00e-04 | wd=0.0948 | mom=0.9500 | T=4.2 k=2.2 (mu_rec=5 mu_bwd=3) | grad=1.094 | tok/s=29,133 | tokens=0.07B
step=  2010 | loss=5.8185 | lr=3.00e-04 | wd=0.0947 | mom=0.9500 | T=6.2 k=2.5 (mu_rec=5 mu_bwd=3) | grad=1.164 | tok/s=29,613 | tokens=0.07B
step=  2020 | loss=5.9548 | lr=3.00e-04 | wd=0.0947 | mom=0.9500 | T=6.8 k=3.0 (mu_rec=5 mu_bwd=3) | grad=1.367 | tok/s=31,597 | tokens=0.07B
step=  2030 | loss=6.0101 | lr=3.00e-04 | wd=0.0947 | mom=0.9500 | T=5.0 k=2.5 (mu_rec=5 mu_bwd=3) | grad=1.602 | tok/s=32,008 | tokens=0.07B
step=  2040 | loss=5.8740 | lr=3.00e-04 | wd=0.0947 | mom=0.9500 | T=5.2 k=3.0 (mu_rec=5 mu_bwd=3) | grad=1.047 | tok/s=30,503 | tokens=0.07B
step=  2050 | loss=5.8657 | lr=3.00e-04 | wd=0.0946 | mom=0.9500 | T=5.0 k=3.0 (mu_rec=5 mu_bwd=3) | grad=5.469 | tok/s=30,141 | tokens=0.07B
step=  2060 | loss=5.7954 | lr=3.00e-04 | wd=0.0946 | mom=0.9500 | T=3.5 k=2.0 (mu_rec=5 mu_bwd=3) | grad=1.336 | tok/s=29,449 | tokens=0.07B
step=  2070 | loss=5.9764 | lr=3.00e-04 | wd=0.0946 | mom=0.9500 | T=2.8 k=2.0 (mu_rec=5 mu_bwd=3) | grad=1.773 | tok/s=31,335 | tokens=0.07B
step=  2080 | loss=5.7191 | lr=3.00e-04 | wd=0.0945 | mom=0.9500 | T=6.0 k=2.5 (mu_rec=5 mu_bwd=3) | grad=2.734 | tok/s=30,560 | tokens=0.07B
step=  2090 | loss=5.7641 | lr=3.00e-04 | wd=0.0945 | mom=0.9500 | T=4.2 k=2.5 (mu_rec=5 mu_bwd=3) | grad=1.062 | tok/s=29,079 | tokens=0.07B
step=  2100 | loss=5.8328 | lr=3.00e-04 | wd=0.0945 | mom=0.9500 | T=1.8 k=1.8 (mu_rec=5 mu_bwd=3) | grad=1.547 | tok/s=29,991 | tokens=0.07B
step=  2110 | loss=5.9096 | lr=3.00e-04 | wd=0.0945 | mom=0.9500 | T=7.8 k=3.0 (mu_rec=5 mu_bwd=3) | grad=7.375 | tok/s=28,916 | tokens=0.07B
step=  2120 | loss=5.7437 | lr=3.00e-04 | wd=0.0944 | mom=0.9500 | T=4.8 k=2.8 (mu_rec=5 mu_bwd=3) | grad=0.910 | tok/s=30,844 | tokens=0.07B
step=  2130 | loss=5.7561 | lr=3.00e-04 | wd=0.0944 | mom=0.9500 | T=3.8 k=3.0 (mu_rec=5 mu_bwd=3) | grad=1.016 | tok/s=29,680 | tokens=0.07B
step=  2140 | loss=5.7715 | lr=3.00e-04 | wd=0.0944 | mom=0.9500 | T=6.0 k=3.0 (mu_rec=5 mu_bwd=3) | grad=1.445 | tok/s=29,487 | tokens=0.07B
step=  2150 | loss=5.7523 | lr=3.00e-04 | wd=0.0944 | mom=0.9500 | T=5.8 k=2.5 (mu_rec=5 mu_bwd=3) | grad=4.781 | tok/s=31,139 | tokens=0.07B
step=  2160 | loss=5.8020 | lr=3.00e-04 | wd=0.0943 | mom=0.9500 | T=5.2 k=3.0 (mu_rec=5 mu_bwd=3) | grad=1.055 | tok/s=30,167 | tokens=0.07B
step=  2170 | loss=5.7981 | lr=3.00e-04 | wd=0.0943 | mom=0.9500 | T=4.0 k=2.5 (mu_rec=5 mu_bwd=3) | grad=1.836 | tok/s=30,544 | tokens=0.07B
step=  2180 | loss=5.7908 | lr=3.00e-04 | wd=0.0943 | mom=0.9500 | T=3.8 k=2.8 (mu_rec=5 mu_bwd=3) | grad=2.703 | tok/s=28,559 | tokens=0.07B
step=  2190 | loss=5.6696 | lr=3.00e-04 | wd=0.0943 | mom=0.9500 | T=4.5 k=2.5 (mu_rec=5 mu_bwd=3) | grad=2.859 | tok/s=29,286 | tokens=0.07B
step=  2200 | loss=5.7988 | lr=3.00e-04 | wd=0.0942 | mom=0.9500 | T=3.5 k=2.8 (mu_rec=5 mu_bwd=3) | grad=1.758 | tok/s=32,365 | tokens=0.07B
step=  2210 | loss=5.6694 | lr=3.00e-04 | wd=0.0942 | mom=0.9500 | T=3.5 k=2.8 (mu_rec=5 mu_bwd=3) | grad=1.984 | tok/s=32,134 | tokens=0.07B
step=  2220 | loss=5.5447 | lr=3.00e-04 | wd=0.0942 | mom=0.9500 | T=4.5 k=2.2 (mu_rec=5 mu_bwd=3) | grad=1.266 | tok/s=28,686 | tokens=0.07B
step=  2230 | loss=5.4308 | lr=3.00e-04 | wd=0.0942 | mom=0.9500 | T=7.8 k=3.0 (mu_rec=5 mu_bwd=3) | grad=1.719 | tok/s=29,129 | tokens=0.07B
step=  2240 | loss=5.9047 | lr=3.00e-04 | wd=0.0941 | mom=0.9500 | T=5.2 k=2.5 (mu_rec=5 mu_bwd=3) | grad=2.016 | tok/s=31,550 | tokens=0.07B
step=  2250 | loss=5.6870 | lr=3.00e-04 | wd=0.0941 | mom=0.9500 | T=2.8 k=2.5 (mu_rec=5 mu_bwd=3) | grad=2.688 | tok/s=31,403 | tokens=0.07B
step=  2260 | loss=5.7169 | lr=3.00e-04 | wd=0.0941 | mom=0.9500 | T=1.5 k=1.5 (mu_rec=5 mu_bwd=3) | grad=2.250 | tok/s=30,927 | tokens=0.07B
step=  2270 | loss=5.8288 | lr=3.00e-04 | wd=0.0941 | mom=0.9500 | T=9.2 k=3.0 (mu_rec=5 mu_bwd=3) | grad=1.867 | tok/s=30,305 | tokens=0.07B
step=  2280 | loss=5.8744 | lr=3.00e-04 | wd=0.0940 | mom=0.9500 | T=4.5 k=2.8 (mu_rec=5 mu_bwd=3) | grad=3.438 | tok/s=30,117 | tokens=0.07B
step=  2290 | loss=6.0081 | lr=3.00e-04 | wd=0.0940 | mom=0.9500 | T=3.2 k=2.0 (mu_rec=5 mu_bwd=3) | grad=2.969 | tok/s=31,340 | tokens=0.08B
step=  2300 | loss=6.2871 | lr=3.00e-04 | wd=0.0940 | mom=0.9500 | T=9.8 k=3.0 (mu_rec=5 mu_bwd=3) | grad=2.094 | tok/s=31,164 | tokens=0.08B
step=  2310 | loss=6.0684 | lr=3.00e-04 | wd=0.0939 | mom=0.9500 | T=4.8 k=2.8 (mu_rec=5 mu_bwd=3) | grad=1.953 | tok/s=30,522 | tokens=0.08B
step=  2320 | loss=5.9095 | lr=3.00e-04 | wd=0.0939 | mom=0.9500 | T=6.5 k=3.0 (mu_rec=5 mu_bwd=3) | grad=2.766 | tok/s=28,913 | tokens=0.08B
step=  2330 | loss=5.8467 | lr=3.00e-04 | wd=0.0939 | mom=0.9500 | T=5.5 k=2.2 (mu_rec=5 mu_bwd=3) | grad=1.758 | tok/s=30,023 | tokens=0.08B
step=  2340 | loss=5.6861 | lr=3.00e-04 | wd=0.0939 | mom=0.9500 | T=6.8 k=3.0 (mu_rec=5 mu_bwd=3) | grad=2.062 | tok/s=28,987 | tokens=0.08B
step=  2350 | loss=5.8996 | lr=3.00e-04 | wd=0.0938 | mom=0.9500 | T=5.0 k=3.0 (mu_rec=5 mu_bwd=3) | grad=1.328 | tok/s=31,193 | tokens=0.08B
step=  2360 | loss=5.6967 | lr=3.00e-04 | wd=0.0938 | mom=0.9500 | T=4.2 k=2.5 (mu_rec=5 mu_bwd=3) | grad=2.828 | tok/s=29,244 | tokens=0.08B
step=  2370 | loss=5.6432 | lr=3.00e-04 | wd=0.0938 | mom=0.9500 | T=6.5 k=3.0 (mu_rec=5 mu_bwd=3) | grad=1.383 | tok/s=29,718 | tokens=0.08B
step=  2380 | loss=5.8033 | lr=3.00e-04 | wd=0.0938 | mom=0.9500 | T=3.0 k=2.2 (mu_rec=5 mu_bwd=3) | grad=1.500 | tok/s=28,997 | tokens=0.08B
step=  2390 | loss=5.7724 | lr=3.00e-04 | wd=0.0937 | mom=0.9500 | T=4.0 k=2.5 (mu_rec=5 mu_bwd=3) | grad=1.422 | tok/s=31,136 | tokens=0.08B
step=  2400 | loss=5.7010 | lr=3.00e-04 | wd=0.0937 | mom=0.9500 | T=3.0 k=2.0 (mu_rec=5 mu_bwd=3) | grad=1.305 | tok/s=29,579 | tokens=0.08B
step=  2410 | loss=5.6816 | lr=3.00e-04 | wd=0.0937 | mom=0.9500 | T=10.8 k=3.0 (mu_rec=5 mu_bwd=3) | grad=1.312 | tok/s=28,053 | tokens=0.08B
step=  2420 | loss=5.5952 | lr=3.00e-04 | wd=0.0937 | mom=0.9500 | T=4.5 k=2.0 (mu_rec=5 mu_bwd=3) | grad=3.797 | tok/s=31,584 | tokens=0.08B
step=  2430 | loss=5.7471 | lr=3.00e-04 | wd=0.0936 | mom=0.9500 | T=3.0 k=2.2 (mu_rec=5 mu_bwd=3) | grad=1.055 | tok/s=33,759 | tokens=0.08B
step=  2440 | loss=5.7466 | lr=3.00e-04 | wd=0.0936 | mom=0.9500 | T=3.0 k=2.5 (mu_rec=5 mu_bwd=3) | grad=1.383 | tok/s=30,303 | tokens=0.08B
step=  2450 | loss=5.9719 | lr=3.00e-04 | wd=0.0936 | mom=0.9500 | T=4.5 k=2.5 (mu_rec=6 mu_bwd=3) | grad=3.531 | tok/s=28,259 | tokens=0.08B
step=  2460 | loss=5.6496 | lr=3.00e-04 | wd=0.0936 | mom=0.9500 | T=6.5 k=2.5 (mu_rec=6 mu_bwd=3) | grad=1.047 | tok/s=26,188 | tokens=0.08B
step=  2470 | loss=5.7112 | lr=3.00e-04 | wd=0.0935 | mom=0.9500 | T=4.8 k=2.5 (mu_rec=6 mu_bwd=3) | grad=2.375 | tok/s=28,741 | tokens=0.08B
step=  2480 | loss=5.6602 | lr=3.00e-04 | wd=0.0935 | mom=0.9500 | T=5.5 k=2.8 (mu_rec=6 mu_bwd=3) | grad=1.844 | tok/s=27,867 | tokens=0.08B
step=  2490 | loss=5.6115 | lr=3.00e-04 | wd=0.0935 | mom=0.9500 | T=7.2 k=2.8 (mu_rec=6 mu_bwd=3) | grad=1.320 | tok/s=10,382 | tokens=0.08B
step=  2500 | loss=5.8583 | lr=3.00e-04 | wd=0.0934 | mom=0.9500 | T=5.8 k=3.0 (mu_rec=6 mu_bwd=3) | grad=1.445 | tok/s=28,293 | tokens=0.08B
step=  2510 | loss=5.7424 | lr=3.00e-04 | wd=0.0934 | mom=0.9500 | T=7.8 k=3.0 (mu_rec=6 mu_bwd=3) | grad=1.781 | tok/s=29,502 | tokens=0.08B
step=  2520 | loss=5.7705 | lr=3.00e-04 | wd=0.0934 | mom=0.9500 | T=4.8 k=2.5 (mu_rec=6 mu_bwd=3) | grad=1.141 | tok/s=26,583 | tokens=0.08B
step=  2530 | loss=5.7462 | lr=3.00e-04 | wd=0.0934 | mom=0.9500 | T=7.2 k=2.8 (mu_rec=6 mu_bwd=3) | grad=3.203 | tok/s=27,988 | tokens=0.08B
step=  2540 | loss=5.6730 | lr=3.00e-04 | wd=0.0933 | mom=0.9500 | T=8.8 k=3.0 (mu_rec=6 mu_bwd=3) | grad=1.492 | tok/s=29,055 | tokens=0.08B
step=  2550 | loss=5.9090 | lr=3.00e-04 | wd=0.0933 | mom=0.9500 | T=4.2 k=2.5 (mu_rec=6 mu_bwd=3) | grad=1.234 | tok/s=29,226 | tokens=0.08B
step=  2560 | loss=5.7134 | lr=3.00e-04 | wd=0.0933 | mom=0.9500 | T=4.0 k=2.8 (mu_rec=6 mu_bwd=3) | grad=1.977 | tok/s=9,584 | tokens=0.08B
step=  2570 | loss=5.8867 | lr=3.00e-04 | wd=0.0933 | mom=0.9500 | T=4.2 k=2.0 (mu_rec=6 mu_bwd=3) | grad=1.445 | tok/s=26,168 | tokens=0.08B
step=  2580 | loss=5.6777 | lr=3.00e-04 | wd=0.0932 | mom=0.9500 | T=6.5 k=2.5 (mu_rec=6 mu_bwd=3) | grad=2.141 | tok/s=29,852 | tokens=0.08B
step=  2590 | loss=5.6277 | lr=3.00e-04 | wd=0.0932 | mom=0.9500 | T=4.5 k=3.0 (mu_rec=6 mu_bwd=3) | grad=1.336 | tok/s=27,520 | tokens=0.08B
step=  2600 | loss=6.4154 | lr=3.00e-04 | wd=0.0932 | mom=0.9500 | T=4.8 k=2.8 (mu_rec=6 mu_bwd=3) | grad=4.031 | tok/s=29,750 | tokens=0.09B
step=  2610 | loss=5.8763 | lr=3.00e-04 | wd=0.0932 | mom=0.9500 | T=4.8 k=3.0 (mu_rec=6 mu_bwd=3) | grad=1.188 | tok/s=28,138 | tokens=0.09B
step=  2620 | loss=5.6159 | lr=3.00e-04 | wd=0.0931 | mom=0.9500 | T=9.5 k=3.0 (mu_rec=6 mu_bwd=3) | grad=1.492 | tok/s=28,707 | tokens=0.09B
step=  2630 | loss=5.7197 | lr=3.00e-04 | wd=0.0931 | mom=0.9500 | T=11.8 k=2.8 (mu_rec=6 mu_bwd=3) | grad=3.469 | tok/s=26,423 | tokens=0.09B
step=  2640 | loss=5.6837 | lr=3.00e-04 | wd=0.0931 | mom=0.9500 | T=4.2 k=3.0 (mu_rec=6 mu_bwd=3) | grad=1.781 | tok/s=26,737 | tokens=0.09B
step=  2650 | loss=5.4967 | lr=3.00e-04 | wd=0.0931 | mom=0.9500 | T=9.5 k=3.0 (mu_rec=6 mu_bwd=3) | grad=6.531 | tok/s=26,218 | tokens=0.09B
step=  2660 | loss=5.5115 | lr=3.00e-04 | wd=0.0930 | mom=0.9500 | T=6.8 k=2.5 (mu_rec=6 mu_bwd=3) | grad=1.609 | tok/s=28,598 | tokens=0.09B
step=  2670 | loss=5.7418 | lr=3.00e-04 | wd=0.0930 | mom=0.9500 | T=6.2 k=2.5 (mu_rec=6 mu_bwd=3) | grad=2.250 | tok/s=28,677 | tokens=0.09B
step=  2680 | loss=5.7388 | lr=3.00e-04 | wd=0.0930 | mom=0.9500 | T=6.5 k=3.0 (mu_rec=6 mu_bwd=3) | grad=1.398 | tok/s=27,902 | tokens=0.09B
step=  2690 | loss=5.5539 | lr=3.00e-04 | wd=0.0930 | mom=0.9500 | T=3.5 k=2.0 (mu_rec=6 mu_bwd=3) | grad=1.398 | tok/s=27,808 | tokens=0.09B
step=  2700 | loss=5.7838 | lr=3.00e-04 | wd=0.0929 | mom=0.9500 | T=5.2 k=3.0 (mu_rec=6 mu_bwd=3) | grad=1.273 | tok/s=26,765 | tokens=0.09B
step=  2710 | loss=5.9131 | lr=3.00e-04 | wd=0.0929 | mom=0.9500 | T=6.5 k=3.0 (mu_rec=6 mu_bwd=3) | grad=1.953 | tok/s=27,635 | tokens=0.09B
step=  2720 | loss=5.6656 | lr=3.00e-04 | wd=0.0929 | mom=0.9500 | T=5.5 k=3.0 (mu_rec=6 mu_bwd=3) | grad=1.594 | tok/s=27,104 | tokens=0.09B
step=  2730 | loss=5.6907 | lr=3.00e-04 | wd=0.0928 | mom=0.9500 | T=6.2 k=2.8 (mu_rec=6 mu_bwd=3) | grad=2.141 | tok/s=27,256 | tokens=0.09B
step=  2740 | loss=5.8395 | lr=3.00e-04 | wd=0.0928 | mom=0.9500 | T=7.2 k=2.8 (mu_rec=6 mu_bwd=3) | grad=1.234 | tok/s=27,084 | tokens=0.09B
step=  2750 | loss=5.6910 | lr=3.00e-04 | wd=0.0928 | mom=0.9500 | T=5.0 k=2.8 (mu_rec=6 mu_bwd=3) | grad=1.523 | tok/s=29,325 | tokens=0.09B
step=  2760 | loss=5.7194 | lr=3.00e-04 | wd=0.0928 | mom=0.9500 | T=4.8 k=2.5 (mu_rec=6 mu_bwd=3) | grad=1.641 | tok/s=30,673 | tokens=0.09B
step=  2770 | loss=5.6611 | lr=3.00e-04 | wd=0.0927 | mom=0.9500 | T=6.2 k=2.5 (mu_rec=6 mu_bwd=3) | grad=1.352 | tok/s=27,795 | tokens=0.09B
step=  2780 | loss=5.8547 | lr=3.00e-04 | wd=0.0927 | mom=0.9500 | T=4.5 k=2.5 (mu_rec=6 mu_bwd=3) | grad=1.469 | tok/s=25,716 | tokens=0.09B
step=  2790 | loss=5.7299 | lr=3.00e-04 | wd=0.0927 | mom=0.9500 | T=5.0 k=2.2 (mu_rec=6 mu_bwd=3) | grad=1.172 | tok/s=29,207 | tokens=0.09B
step=  2800 | loss=5.8177 | lr=3.00e-04 | wd=0.0927 | mom=0.9500 | T=4.8 k=2.5 (mu_rec=6 mu_bwd=3) | grad=1.359 | tok/s=28,266 | tokens=0.09B
step=  2810 | loss=7.0053 | lr=3.00e-04 | wd=0.0926 | mom=0.9500 | T=6.5 k=3.0 (mu_rec=6 mu_bwd=3) | grad=3.516 | tok/s=27,532 | tokens=0.09B
step=  2820 | loss=5.8522 | lr=3.00e-04 | wd=0.0926 | mom=0.9500 | T=5.5 k=3.0 (mu_rec=6 mu_bwd=3) | grad=3.109 | tok/s=30,171 | tokens=0.09B
step=  2830 | loss=5.7868 | lr=3.00e-04 | wd=0.0926 | mom=0.9500 | T=6.5 k=2.8 (mu_rec=6 mu_bwd=3) | grad=1.773 | tok/s=26,265 | tokens=0.09B
step=  2840 | loss=6.5847 | lr=3.00e-04 | wd=0.0926 | mom=0.9500 | T=5.2 k=2.8 (mu_rec=6 mu_bwd=3) | grad=2.984 | tok/s=28,637 | tokens=0.09B
step=  2850 | loss=6.7484 | lr=3.00e-04 | wd=0.0925 | mom=0.9500 | T=5.2 k=2.5 (mu_rec=6 mu_bwd=3) | grad=2.500 | tok/s=27,532 | tokens=0.09B
step=  2860 | loss=6.2242 | lr=3.00e-04 | wd=0.0925 | mom=0.9500 | T=6.0 k=2.8 (mu_rec=6 mu_bwd=3) | grad=2.250 | tok/s=28,694 | tokens=0.09B
step=  2870 | loss=5.9289 | lr=3.00e-04 | wd=0.0925 | mom=0.9500 | T=6.8 k=3.0 (mu_rec=6 mu_bwd=3) | grad=1.680 | tok/s=27,594 | tokens=0.09B
step=  2880 | loss=5.8073 | lr=3.00e-04 | wd=0.0925 | mom=0.9500 | T=6.0 k=3.0 (mu_rec=6 mu_bwd=3) | grad=1.742 | tok/s=28,467 | tokens=0.09B
step=  2890 | loss=5.6771 | lr=3.00e-04 | wd=0.0924 | mom=0.9500 | T=8.0 k=3.0 (mu_rec=6 mu_bwd=3) | grad=1.703 | tok/s=27,328 | tokens=0.09B
step=  2900 | loss=5.8048 | lr=3.00e-04 | wd=0.0924 | mom=0.9500 | T=8.5 k=3.0 (mu_rec=6 mu_bwd=3) | grad=1.234 | tok/s=26,487 | tokens=0.10B
step=  2910 | loss=5.6753 | lr=3.00e-04 | wd=0.0924 | mom=0.9500 | T=5.8 k=3.0 (mu_rec=6 mu_bwd=3) | grad=3.172 | tok/s=26,345 | tokens=0.10B
step=  2920 | loss=5.6761 | lr=3.00e-04 | wd=0.0923 | mom=0.9500 | T=7.0 k=2.8 (mu_rec=6 mu_bwd=3) | grad=1.828 | tok/s=27,007 | tokens=0.10B
step=  2930 | loss=5.8354 | lr=3.00e-04 | wd=0.0923 | mom=0.9500 | T=9.0 k=3.0 (mu_rec=6 mu_bwd=3) | grad=1.750 | tok/s=28,239 | tokens=0.10B
step=  2940 | loss=5.7468 | lr=3.00e-04 | wd=0.0923 | mom=0.9500 | T=7.2 k=3.0 (mu_rec=6 mu_bwd=3) | grad=1.758 | tok/s=25,406 | tokens=0.10B
step=  2950 | loss=5.8131 | lr=3.00e-04 | wd=0.0923 | mom=0.9500 | T=6.2 k=2.5 (mu_rec=6 mu_bwd=3) | grad=1.086 | tok/s=29,089 | tokens=0.10B
step=  2960 | loss=5.7569 | lr=3.00e-04 | wd=0.0922 | mom=0.9500 | T=5.2 k=2.5 (mu_rec=6 mu_bwd=3) | grad=1.391 | tok/s=26,383 | tokens=0.10B
step=  2970 | loss=5.5963 | lr=3.00e-04 | wd=0.0922 | mom=0.9500 | T=8.5 k=3.0 (mu_rec=6 mu_bwd=3) | grad=1.570 | tok/s=25,284 | tokens=0.10B
step=  2980 | loss=5.6168 | lr=3.00e-04 | wd=0.0922 | mom=0.9500 | T=8.0 k=2.5 (mu_rec=6 mu_bwd=3) | grad=1.328 | tok/s=25,888 | tokens=0.10B
Traceback (most recent call last):
  File "/storage/home/hcoda1/3/hjiang420/cortex/train.py", line 1000, in <module>
    train(args)
  File "/storage/home/hcoda1/3/hjiang420/cortex/train.py", line 874, in train
    (micro_loss / grad_accum_steps).backward()
  File "/storage/home/hcoda1/3/hjiang420/.conda/envs/cortex/lib/python3.11/site-packages/torch/_tensor.py", line 581, in backward
    torch.autograd.backward(
  File "/storage/home/hcoda1/3/hjiang420/.conda/envs/cortex/lib/python3.11/site-packages/torch/autograd/__init__.py", line 347, in backward
    _engine_run_backward(
  File "/storage/home/hcoda1/3/hjiang420/.conda/envs/cortex/lib/python3.11/site-packages/torch/autograd/graph.py", line 825, in _engine_run_backward
    return Variable._execution_engine.run_backward(  # Calls into the C++ engine to run the backward pass
           ^^^^^^^^^^^^^^^^^^^^^^^^^^^^^^^^^^^^^^^^^^^^^^^^^^^^^^^^^^^^^^^^^^^^^^^^^^^^^^^^^^^^^^^^^^^^^^
torch.OutOfMemoryError: CUDA out of memory. Tried to allocate 1.54 GiB. GPU 0 has a total capacity of 39.49 GiB of which 102.56 MiB is free. Including non-PyTorch memory, this process has 39.38 GiB memory in use. Of the allocated memory 38.64 GiB is allocated by PyTorch, and 251.45 MiB is reserved by PyTorch but unallocated. If reserved but unallocated memory is large try setting PYTORCH_CUDA_ALLOC_CONF=expandable_segments:True to avoid fragmentation.  See documentation for Memory Management  (https://pytorch.org/docs/stable/notes/cuda.html#environment-variables)
[1;34mwandb[0m: 
[1;34mwandb[0m: 🚀 View run [33mcortex-5b-k4[0m at: [34mhttps://wandb.ai/henryyjiang42-georgia-institute-of-technology/cortex-gpt/runs/r5dlje0o[0m
---------------------------------------
Begin Slurm Epilog: Jun-17-2026 15:41:47
Job ID:        10046815
User ID:       hjiang420
Account:       gts-aivanova7-lab
Job name:      job5b2.sh
Resources:     cpu=8,gres/gpu:a100=1,mem=64G,node=1
Rsrc Used:     cput=06:34:32,vmem=0,walltime=00:49:19,mem=5300120K,energy_used=0
Partition:     gpu-a100
QOS:           inferno
Nodes:         atl1-1-02-018-35-0
---------------------------------------
