---------------------------------------
Begin Slurm Prolog: Jun-06-2026 12:14:57
Job ID:    9504168
User ID:   hjiang420
Account:   gts-aivanova7-lab
Job name:  job5b_pythia_resume.sh
Partition: gpu-a100
QOS:       inferno
---------------------------------------

CondaError: Run 'conda init' before 'conda deactivate'

Resuming from: runs/pythia-5b/checkpoint_0010000
Traceback (most recent call last):
  File "<string>", line 1, in <module>
  File "/storage/home/hcoda1/3/hjiang420/.conda/envs/cortex/lib/python3.11/site-packages/torch/serialization.py", line 1326, in load
    with _open_zipfile_reader(opened_file) as opened_zipfile:
         ^^^^^^^^^^^^^^^^^^^^^^^^^^^^^^^^^
  File "/storage/home/hcoda1/3/hjiang420/.conda/envs/cortex/lib/python3.11/site-packages/torch/serialization.py", line 671, in __init__
    super().__init__(torch._C.PyTorchFileReader(name_or_buffer))
                     ^^^^^^^^^^^^^^^^^^^^^^^^^^^^^^^^^^^^^^^^^^
RuntimeError: PytorchStreamReader failed reading zip archive: failed finding central directory
Tokens so far:  | Training until: 1250000000
Loading EleutherAI/pythia-160m ...
Params: 162,914,304 total, 162,914,304 trainable
Layer split: Pre=3, Loop=6, Coda=3
mu_rec=1, mu_bwd=1 (= ceil(1/2))
Effective batch: 32768 tokens = 16 seqs x 2048 tok
Grad accum: 4 | World size: 1
Max steps: 38,146 | Warmup: 381 | Cooldown: 3814
Traceback (most recent call last):
  File "/storage/home/hcoda1/3/hjiang420/cortex/train.py", line 861, in <module>
    train(args)
  File "/storage/home/hcoda1/3/hjiang420/cortex/train.py", line 590, in train
    start_step, total_tokens, _, wandb_run_id = load_checkpoint(
                                                ^^^^^^^^^^^^^^^^
  File "/storage/home/hcoda1/3/hjiang420/cortex/train.py", line 483, in load_checkpoint
    ckpt = torch.load(os.path.join(resume_path, "checkpoint.pt"), map_location=device, weights_only=False)
           ^^^^^^^^^^^^^^^^^^^^^^^^^^^^^^^^^^^^^^^^^^^^^^^^^^^^^^^^^^^^^^^^^^^^^^^^^^^^^^^^^^^^^^^^^^^^^^^
  File "/storage/home/hcoda1/3/hjiang420/.conda/envs/cortex/lib/python3.11/site-packages/torch/serialization.py", line 1326, in load
    with _open_zipfile_reader(opened_file) as opened_zipfile:
         ^^^^^^^^^^^^^^^^^^^^^^^^^^^^^^^^^
  File "/storage/home/hcoda1/3/hjiang420/.conda/envs/cortex/lib/python3.11/site-packages/torch/serialization.py", line 671, in __init__
    super().__init__(torch._C.PyTorchFileReader(name_or_buffer))
                     ^^^^^^^^^^^^^^^^^^^^^^^^^^^^^^^^^^^^^^^^^^
RuntimeError: PytorchStreamReader failed reading zip archive: failed finding central directory
---------------------------------------
Begin Slurm Epilog: Jun-06-2026 12:15:21
Job ID:        9504168
User ID:       hjiang420
Account:       gts-aivanova7-lab
Job name:      job5b_pythia_resume.sh
Resources:     cpu=8,gres/gpu:a100=1,mem=64G,node=1
Rsrc Used:     cput=00:03:20,vmem=0,walltime=00:00:25,mem=752968K,energy_used=0
Partition:     gpu-a100
QOS:           inferno
Nodes:         atl1-1-02-018-29-0
---------------------------------------
