---------------------------------------
Begin Slurm Prolog: Jun-06-2026 11:07:25
Job ID:    9500185
User ID:   hjiang420
Account:   gts-aivanova7-lab
Job name:  job5b2.sh
Partition: gpu-a100
QOS:       inferno
---------------------------------------

CondaError: Run 'conda init' before 'conda deactivate'

Warning: You are sending unauthenticated requests to the HF Hub. Please set a HF_TOKEN to enable higher rate limits and faster downloads.
Loading EleutherAI/pythia-160m ...
Params: 171,773,954 total, 171,773,954 trainable
Layer split: Pre=3, Loop=6, Coda=3
mu_rec=8, mu_bwd=4 (= ceil(8/2))
Effective batch: 32768 tokens = 16 seqs x 2048 tok
Grad accum: 4 | World size: 1
Max steps: 38,146 | Warmup: 381 | Cooldown: 3814
Curriculum: mu_rec ramps 1->8 over 3800 steps
`trust_remote_code` is not supported anymore.
Please check that the Hugging Face dataset 'EleutherAI/the_pile_deduplicated' isn't based on a loading script and remove `trust_remote_code`.
If the dataset is based on a loading script, please ask the dataset author to remove it and convert it to a standard format like Parquet.
`trust_remote_code` is not supported anymore.
Please check that the Hugging Face dataset 'EleutherAI/the_pile_deduplicated' isn't based on a loading script and remove `trust_remote_code`.
If the dataset is based on a loading script, please ask the dataset author to remove it and convert it to a standard format like Parquet.
wandb: [wandb.login()] Loaded credentials for https://api.wandb.ai from /storage/home/hcoda1/3/hjiang420/.netrc.
wandb: Currently logged in as: henryyjiang42 (henryyjiang42-georgia-institute-of-technology) to https://api.wandb.ai. Use `wandb login --relogin` to force relogin
wandb: Tracking run with wandb version 0.27.0
wandb: Run data is saved locally in runs/cortex-5b-k4/wandb/run-20260606_110753-w8rcsabv
wandb: Run `wandb offline` to turn off syncing.
wandb: Syncing run cortex-5b-k4
wandb: ⭐️ View project at https://wandb.ai/henryyjiang42-georgia-institute-of-technology/cortex-gpt
wandb: 🚀 View run at https://wandb.ai/henryyjiang42-georgia-institute-of-technology/cortex-gpt/runs/w8rcsabv
step=    10 | loss=10.9873 | lr=7.09e-06 | wd=0.1000 | mom=0.8530 | T=1.5 k=1.0 (mu_rec=1 mu_bwd=1) | grad=3.781 | tok/s=10,191 | tokens=0.00B
step=    20 | loss=10.9514 | lr=1.50e-05 | wd=0.1000 | mom=0.8563 | T=1.5 k=1.0 (mu_rec=1 mu_bwd=1) | grad=3.516 | tok/s=62,569 | tokens=0.00B
step=    30 | loss=10.8827 | lr=2.28e-05 | wd=0.0999 | mom=0.8597 | T=2.0 k=1.0 (mu_rec=1 mu_bwd=1) | grad=3.281 | tok/s=62,418 | tokens=0.00B
step=    40 | loss=10.7787 | lr=3.07e-05 | wd=0.0999 | mom=0.8630 | T=1.2 k=1.0 (mu_rec=1 mu_bwd=1) | grad=3.250 | tok/s=64,285 | tokens=0.00B
step=    50 | loss=10.6135 | lr=3.86e-05 | wd=0.0999 | mom=0.8663 | T=1.8 k=1.0 (mu_rec=1 mu_bwd=1) | grad=2.953 | tok/s=62,277 | tokens=0.00B
step=    60 | loss=10.3835 | lr=4.65e-05 | wd=0.0998 | mom=0.8697 | T=1.2 k=1.0 (mu_rec=1 mu_bwd=1) | grad=3.781 | tok/s=62,373 | tokens=0.00B
step=    70 | loss=10.0508 | lr=5.43e-05 | wd=0.0998 | mom=0.8730 | T=1.0 k=1.0 (mu_rec=1 mu_bwd=1) | grad=3.344 | tok/s=61,799 | tokens=0.00B
step=    80 | loss=9.8279 | lr=6.22e-05 | wd=0.0998 | mom=0.8763 | T=1.0 k=1.0 (mu_rec=1 mu_bwd=1) | grad=3.125 | tok/s=59,172 | tokens=0.00B
step=    90 | loss=9.5035 | lr=7.01e-05 | wd=0.0998 | mom=0.8797 | T=1.5 k=1.0 (mu_rec=1 mu_bwd=1) | grad=2.625 | tok/s=61,379 | tokens=0.00B
step=   100 | loss=9.1771 | lr=7.80e-05 | wd=0.0997 | mom=0.8830 | T=1.2 k=1.0 (mu_rec=1 mu_bwd=1) | grad=2.516 | tok/s=60,512 | tokens=0.00B
step=   110 | loss=8.7199 | lr=8.58e-05 | wd=0.0997 | mom=0.8863 | T=1.2 k=1.0 (mu_rec=1 mu_bwd=1) | grad=1.977 | tok/s=60,805 | tokens=0.00B
step=   120 | loss=8.5017 | lr=9.37e-05 | wd=0.0997 | mom=0.8897 | T=1.8 k=1.0 (mu_rec=1 mu_bwd=1) | grad=2.422 | tok/s=60,547 | tokens=0.00B
step=   130 | loss=8.3156 | lr=1.02e-04 | wd=0.0997 | mom=0.8930 | T=2.0 k=1.0 (mu_rec=1 mu_bwd=1) | grad=1.578 | tok/s=60,748 | tokens=0.00B
step=   140 | loss=8.2188 | lr=1.09e-04 | wd=0.0996 | mom=0.8963 | T=1.5 k=1.0 (mu_rec=1 mu_bwd=1) | grad=2.281 | tok/s=62,071 | tokens=0.00B
step=   150 | loss=8.2938 | lr=1.17e-04 | wd=0.0996 | mom=0.8997 | T=2.0 k=1.0 (mu_rec=1 mu_bwd=1) | grad=1.508 | tok/s=58,800 | tokens=0.00B
step=   160 | loss=7.8472 | lr=1.25e-04 | wd=0.0996 | mom=0.9030 | T=1.5 k=1.0 (mu_rec=1 mu_bwd=1) | grad=1.062 | tok/s=61,658 | tokens=0.01B
step=   170 | loss=7.7528 | lr=1.33e-04 | wd=0.0996 | mom=0.9063 | T=1.5 k=1.0 (mu_rec=1 mu_bwd=1) | grad=2.453 | tok/s=60,306 | tokens=0.01B
step=   180 | loss=7.6895 | lr=1.41e-04 | wd=0.0995 | mom=0.9097 | T=1.2 k=1.0 (mu_rec=1 mu_bwd=1) | grad=0.969 | tok/s=58,903 | tokens=0.01B
step=   190 | loss=7.6252 | lr=1.49e-04 | wd=0.0995 | mom=0.9130 | T=1.0 k=1.0 (mu_rec=1 mu_bwd=1) | grad=1.359 | tok/s=61,576 | tokens=0.01B
step=   200 | loss=7.4669 | lr=1.57e-04 | wd=0.0995 | mom=0.9163 | T=1.2 k=1.0 (mu_rec=1 mu_bwd=1) | grad=0.996 | tok/s=62,174 | tokens=0.01B
step=   210 | loss=7.4727 | lr=1.65e-04 | wd=0.0995 | mom=0.9197 | T=1.0 k=1.0 (mu_rec=1 mu_bwd=1) | grad=2.797 | tok/s=62,098 | tokens=0.01B
step=   220 | loss=7.3939 | lr=1.72e-04 | wd=0.0994 | mom=0.9230 | T=1.8 k=1.0 (mu_rec=1 mu_bwd=1) | grad=1.039 | tok/s=62,039 | tokens=0.01B
step=   230 | loss=7.3540 | lr=1.80e-04 | wd=0.0994 | mom=0.9263 | T=1.8 k=1.0 (mu_rec=1 mu_bwd=1) | grad=1.664 | tok/s=60,516 | tokens=0.01B
step=   240 | loss=7.3072 | lr=1.88e-04 | wd=0.0994 | mom=0.9297 | T=2.0 k=1.0 (mu_rec=1 mu_bwd=1) | grad=0.750 | tok/s=62,548 | tokens=0.01B
step=   250 | loss=7.1388 | lr=1.96e-04 | wd=0.0993 | mom=0.9330 | T=1.5 k=1.0 (mu_rec=1 mu_bwd=1) | grad=1.992 | tok/s=58,845 | tokens=0.01B
step=   260 | loss=6.9279 | lr=2.04e-04 | wd=0.0993 | mom=0.9363 | T=1.8 k=1.0 (mu_rec=1 mu_bwd=1) | grad=1.258 | tok/s=60,336 | tokens=0.01B
step=   270 | loss=7.0919 | lr=2.12e-04 | wd=0.0993 | mom=0.9397 | T=1.8 k=1.0 (mu_rec=1 mu_bwd=1) | grad=1.578 | tok/s=60,107 | tokens=0.01B
step=   280 | loss=7.0603 | lr=2.20e-04 | wd=0.0993 | mom=0.9430 | T=1.2 k=1.0 (mu_rec=2 mu_bwd=1) | grad=1.148 | tok/s=56,484 | tokens=0.01B
step=   290 | loss=7.0773 | lr=2.28e-04 | wd=0.0992 | mom=0.9463 | T=2.2 k=1.0 (mu_rec=2 mu_bwd=1) | grad=2.172 | tok/s=55,128 | tokens=0.01B
step=   300 | loss=6.9966 | lr=2.35e-04 | wd=0.0992 | mom=0.9497 | T=1.2 k=1.0 (mu_rec=2 mu_bwd=1) | grad=2.188 | tok/s=56,782 | tokens=0.01B
step=   310 | loss=6.8003 | lr=2.43e-04 | wd=0.0992 | mom=0.9500 | T=1.5 k=1.0 (mu_rec=2 mu_bwd=1) | grad=1.125 | tok/s=53,610 | tokens=0.01B
step=   320 | loss=6.2229 | lr=2.51e-04 | wd=0.0992 | mom=0.9500 | T=1.5 k=1.0 (mu_rec=2 mu_bwd=1) | grad=1.391 | tok/s=58,522 | tokens=0.01B
step=   330 | loss=6.6976 | lr=2.59e-04 | wd=0.0991 | mom=0.9500 | T=2.5 k=1.0 (mu_rec=2 mu_bwd=1) | grad=1.609 | tok/s=57,532 | tokens=0.01B
step=   340 | loss=6.6781 | lr=2.67e-04 | wd=0.0991 | mom=0.9500 | T=1.2 k=1.0 (mu_rec=2 mu_bwd=1) | grad=1.141 | tok/s=53,498 | tokens=0.01B
step=   350 | loss=6.7964 | lr=2.75e-04 | wd=0.0991 | mom=0.9500 | T=1.2 k=1.0 (mu_rec=2 mu_bwd=1) | grad=2.406 | tok/s=57,568 | tokens=0.01B
step=   360 | loss=6.7756 | lr=2.83e-04 | wd=0.0991 | mom=0.9500 | T=1.5 k=1.0 (mu_rec=2 mu_bwd=1) | grad=0.863 | tok/s=54,784 | tokens=0.01B
step=   370 | loss=6.8659 | lr=2.91e-04 | wd=0.0990 | mom=0.9500 | T=2.2 k=1.0 (mu_rec=2 mu_bwd=1) | grad=1.328 | tok/s=54,453 | tokens=0.01B
step=   380 | loss=6.7942 | lr=2.98e-04 | wd=0.0990 | mom=0.9500 | T=1.2 k=1.0 (mu_rec=2 mu_bwd=1) | grad=1.570 | tok/s=54,915 | tokens=0.01B
step=   390 | loss=7.0470 | lr=3.00e-04 | wd=0.0990 | mom=0.9500 | T=3.5 k=1.0 (mu_rec=2 mu_bwd=1) | grad=1.602 | tok/s=53,627 | tokens=0.01B
step=   400 | loss=6.5927 | lr=3.00e-04 | wd=0.0990 | mom=0.9500 | T=1.2 k=1.0 (mu_rec=2 mu_bwd=1) | grad=1.281 | tok/s=56,535 | tokens=0.01B
step=   410 | loss=6.6949 | lr=3.00e-04 | wd=0.0989 | mom=0.9500 | T=1.8 k=1.0 (mu_rec=2 mu_bwd=1) | grad=1.352 | tok/s=54,276 | tokens=0.01B
step=   420 | loss=6.5551 | lr=3.00e-04 | wd=0.0989 | mom=0.9500 | T=1.5 k=1.0 (mu_rec=2 mu_bwd=1) | grad=2.719 | tok/s=56,616 | tokens=0.01B
step=   430 | loss=6.5535 | lr=3.00e-04 | wd=0.0989 | mom=0.9500 | T=2.2 k=1.0 (mu_rec=2 mu_bwd=1) | grad=2.469 | tok/s=57,058 | tokens=0.01B
step=   440 | loss=6.4914 | lr=3.00e-04 | wd=0.0988 | mom=0.9500 | T=1.2 k=1.0 (mu_rec=2 mu_bwd=1) | grad=1.508 | tok/s=54,548 | tokens=0.01B
step=   450 | loss=6.4875 | lr=3.00e-04 | wd=0.0988 | mom=0.9500 | T=1.2 k=1.0 (mu_rec=2 mu_bwd=1) | grad=1.211 | tok/s=54,851 | tokens=0.01B
step=   460 | loss=6.5105 | lr=3.00e-04 | wd=0.0988 | mom=0.9500 | T=2.2 k=1.0 (mu_rec=2 mu_bwd=1) | grad=0.844 | tok/s=56,806 | tokens=0.02B
step=   470 | loss=6.6238 | lr=3.00e-04 | wd=0.0988 | mom=0.9500 | T=1.5 k=1.0 (mu_rec=2 mu_bwd=1) | grad=2.891 | tok/s=52,257 | tokens=0.02B
step=   480 | loss=6.3460 | lr=3.00e-04 | wd=0.0987 | mom=0.9500 | T=3.0 k=1.0 (mu_rec=2 mu_bwd=1) | grad=0.965 | tok/s=54,559 | tokens=0.02B
step=   490 | loss=6.5375 | lr=3.00e-04 | wd=0.0987 | mom=0.9500 | T=3.8 k=1.0 (mu_rec=2 mu_bwd=1) | grad=0.965 | tok/s=55,682 | tokens=0.02B
step=   500 | loss=6.3863 | lr=3.00e-04 | wd=0.0987 | mom=0.9500 | T=2.2 k=1.0 (mu_rec=2 mu_bwd=1) | grad=1.406 | tok/s=55,297 | tokens=0.02B
step=   510 | loss=6.1830 | lr=3.00e-04 | wd=0.0987 | mom=0.9500 | T=1.5 k=1.0 (mu_rec=2 mu_bwd=1) | grad=1.070 | tok/s=56,135 | tokens=0.02B
step=   520 | loss=6.7882 | lr=3.00e-04 | wd=0.0986 | mom=0.9500 | T=1.5 k=1.0 (mu_rec=2 mu_bwd=1) | grad=1.312 | tok/s=54,656 | tokens=0.02B
step=   530 | loss=6.8397 | lr=3.00e-04 | wd=0.0986 | mom=0.9500 | T=1.5 k=1.0 (mu_rec=2 mu_bwd=1) | grad=0.992 | tok/s=58,882 | tokens=0.02B
step=   540 | loss=6.2502 | lr=3.00e-04 | wd=0.0986 | mom=0.9500 | T=2.2 k=1.0 (mu_rec=2 mu_bwd=1) | grad=1.055 | tok/s=55,539 | tokens=0.02B
step=   550 | loss=6.0594 | lr=3.00e-04 | wd=0.0986 | mom=0.9500 | T=2.0 k=1.0 (mu_rec=2 mu_bwd=1) | grad=0.891 | tok/s=55,072 | tokens=0.02B
step=   560 | loss=6.0944 | lr=3.00e-04 | wd=0.0985 | mom=0.9500 | T=3.0 k=1.0 (mu_rec=2 mu_bwd=1) | grad=1.430 | tok/s=54,364 | tokens=0.02B
step=   570 | loss=6.2893 | lr=3.00e-04 | wd=0.0985 | mom=0.9500 | T=1.8 k=1.0 (mu_rec=2 mu_bwd=1) | grad=1.156 | tok/s=56,023 | tokens=0.02B
step=   580 | loss=6.4148 | lr=3.00e-04 | wd=0.0985 | mom=0.9500 | T=2.8 k=1.0 (mu_rec=2 mu_bwd=1) | grad=1.094 | tok/s=55,101 | tokens=0.02B
step=   590 | loss=6.6370 | lr=3.00e-04 | wd=0.0985 | mom=0.9500 | T=1.5 k=1.0 (mu_rec=2 mu_bwd=1) | grad=1.453 | tok/s=53,613 | tokens=0.02B
step=   600 | loss=6.3237 | lr=3.00e-04 | wd=0.0984 | mom=0.9500 | T=3.0 k=1.0 (mu_rec=2 mu_bwd=1) | grad=1.539 | tok/s=53,600 | tokens=0.02B
step=   610 | loss=6.4780 | lr=3.00e-04 | wd=0.0984 | mom=0.9500 | T=2.5 k=1.0 (mu_rec=2 mu_bwd=1) | grad=1.750 | tok/s=55,290 | tokens=0.02B
step=   620 | loss=6.1685 | lr=3.00e-04 | wd=0.0984 | mom=0.9500 | T=2.0 k=1.0 (mu_rec=2 mu_bwd=1) | grad=1.570 | tok/s=54,180 | tokens=0.02B
step=   630 | loss=6.2615 | lr=3.00e-04 | wd=0.0984 | mom=0.9500 | T=2.2 k=1.0 (mu_rec=2 mu_bwd=1) | grad=1.305 | tok/s=56,527 | tokens=0.02B
step=   640 | loss=6.2931 | lr=3.00e-04 | wd=0.0983 | mom=0.9500 | T=2.0 k=1.0 (mu_rec=2 mu_bwd=1) | grad=4.594 | tok/s=55,390 | tokens=0.02B
step=   650 | loss=6.2109 | lr=3.00e-04 | wd=0.0983 | mom=0.9500 | T=5.5 k=1.0 (mu_rec=2 mu_bwd=1) | grad=1.500 | tok/s=55,904 | tokens=0.02B
step=   660 | loss=6.3560 | lr=3.00e-04 | wd=0.0983 | mom=0.9500 | T=1.2 k=1.0 (mu_rec=2 mu_bwd=1) | grad=1.391 | tok/s=55,722 | tokens=0.02B
step=   670 | loss=6.1843 | lr=3.00e-04 | wd=0.0982 | mom=0.9500 | T=1.5 k=1.0 (mu_rec=2 mu_bwd=1) | grad=1.383 | tok/s=57,527 | tokens=0.02B
step=   680 | loss=6.3821 | lr=3.00e-04 | wd=0.0982 | mom=0.9500 | T=3.0 k=1.0 (mu_rec=2 mu_bwd=1) | grad=1.523 | tok/s=55,439 | tokens=0.02B
step=   690 | loss=6.3523 | lr=3.00e-04 | wd=0.0982 | mom=0.9500 | T=1.2 k=1.0 (mu_rec=2 mu_bwd=1) | grad=1.438 | tok/s=59,079 | tokens=0.02B
step=   700 | loss=6.1150 | lr=3.00e-04 | wd=0.0982 | mom=0.9500 | T=2.5 k=1.0 (mu_rec=2 mu_bwd=1) | grad=0.922 | tok/s=57,179 | tokens=0.02B
step=   710 | loss=6.2661 | lr=3.00e-04 | wd=0.0981 | mom=0.9500 | T=4.0 k=1.0 (mu_rec=2 mu_bwd=1) | grad=1.688 | tok/s=54,309 | tokens=0.02B
step=   720 | loss=6.1717 | lr=3.00e-04 | wd=0.0981 | mom=0.9500 | T=1.8 k=1.0 (mu_rec=2 mu_bwd=1) | grad=1.281 | tok/s=56,456 | tokens=0.02B
step=   730 | loss=6.1970 | lr=3.00e-04 | wd=0.0981 | mom=0.9500 | T=3.0 k=1.0 (mu_rec=2 mu_bwd=1) | grad=0.812 | tok/s=51,666 | tokens=0.02B
step=   740 | loss=6.1271 | lr=3.00e-04 | wd=0.0981 | mom=0.9500 | T=1.5 k=1.0 (mu_rec=2 mu_bwd=1) | grad=1.203 | tok/s=55,486 | tokens=0.02B
step=   750 | loss=6.1321 | lr=3.00e-04 | wd=0.0980 | mom=0.9500 | T=1.0 k=1.0 (mu_rec=2 mu_bwd=1) | grad=1.547 | tok/s=55,482 | tokens=0.02B
step=   760 | loss=6.0931 | lr=3.00e-04 | wd=0.0980 | mom=0.9500 | T=3.5 k=1.0 (mu_rec=2 mu_bwd=1) | grad=0.730 | tok/s=54,437 | tokens=0.02B
step=   770 | loss=6.1718 | lr=3.00e-04 | wd=0.0980 | mom=0.9500 | T=4.5 k=1.0 (mu_rec=2 mu_bwd=1) | grad=0.844 | tok/s=52,513 | tokens=0.03B
step=   780 | loss=6.2389 | lr=3.00e-04 | wd=0.0980 | mom=0.9500 | T=2.5 k=1.0 (mu_rec=2 mu_bwd=1) | grad=2.609 | tok/s=56,299 | tokens=0.03B
step=   790 | loss=5.9546 | lr=3.00e-04 | wd=0.0979 | mom=0.9500 | T=1.8 k=1.0 (mu_rec=2 mu_bwd=1) | grad=1.086 | tok/s=54,358 | tokens=0.03B
step=   800 | loss=6.3774 | lr=3.00e-04 | wd=0.0979 | mom=0.9500 | T=2.8 k=1.0 (mu_rec=2 mu_bwd=1) | grad=1.539 | tok/s=54,759 | tokens=0.03B
step=   810 | loss=6.1539 | lr=3.00e-04 | wd=0.0979 | mom=0.9500 | T=1.0 k=1.0 (mu_rec=2 mu_bwd=1) | grad=2.422 | tok/s=59,861 | tokens=0.03B
step=   820 | loss=6.2479 | lr=3.00e-04 | wd=0.0979 | mom=0.9500 | T=3.0 k=1.8 (mu_rec=3 mu_bwd=2) | grad=1.305 | tok/s=10,783 | tokens=0.03B
step=   830 | loss=6.0811 | lr=3.00e-04 | wd=0.0978 | mom=0.9500 | T=3.0 k=1.2 (mu_rec=3 mu_bwd=2) | grad=1.500 | tok/s=42,596 | tokens=0.03B
step=   840 | loss=6.1998 | lr=3.00e-04 | wd=0.0978 | mom=0.9500 | T=1.5 k=1.5 (mu_rec=3 mu_bwd=2) | grad=2.484 | tok/s=45,914 | tokens=0.03B
step=   850 | loss=6.0468 | lr=3.00e-04 | wd=0.0978 | mom=0.9500 | T=4.2 k=2.0 (mu_rec=3 mu_bwd=2) | grad=1.164 | tok/s=43,252 | tokens=0.03B
step=   860 | loss=6.0263 | lr=3.00e-04 | wd=0.0977 | mom=0.9500 | T=2.5 k=1.5 (mu_rec=3 mu_bwd=2) | grad=1.141 | tok/s=45,240 | tokens=0.03B
step=   870 | loss=6.0818 | lr=3.00e-04 | wd=0.0977 | mom=0.9500 | T=3.2 k=1.8 (mu_rec=3 mu_bwd=2) | grad=1.383 | tok/s=41,750 | tokens=0.03B
step=   880 | loss=6.2276 | lr=3.00e-04 | wd=0.0977 | mom=0.9500 | T=2.5 k=1.5 (mu_rec=3 mu_bwd=2) | grad=1.156 | tok/s=41,592 | tokens=0.03B
step=   890 | loss=6.0656 | lr=3.00e-04 | wd=0.0977 | mom=0.9500 | T=3.2 k=1.5 (mu_rec=3 mu_bwd=2) | grad=0.949 | tok/s=43,042 | tokens=0.03B
step=   900 | loss=6.0170 | lr=3.00e-04 | wd=0.0976 | mom=0.9500 | T=3.2 k=2.0 (mu_rec=3 mu_bwd=2) | grad=1.211 | tok/s=42,344 | tokens=0.03B
step=   910 | loss=5.9425 | lr=3.00e-04 | wd=0.0976 | mom=0.9500 | T=3.2 k=2.0 (mu_rec=3 mu_bwd=2) | grad=1.055 | tok/s=10,771 | tokens=0.03B
step=   920 | loss=5.9953 | lr=3.00e-04 | wd=0.0976 | mom=0.9500 | T=4.5 k=2.0 (mu_rec=3 mu_bwd=2) | grad=1.359 | tok/s=44,765 | tokens=0.03B
step=   930 | loss=6.1089 | lr=3.00e-04 | wd=0.0976 | mom=0.9500 | T=2.8 k=1.5 (mu_rec=3 mu_bwd=2) | grad=1.633 | tok/s=44,403 | tokens=0.03B
step=   940 | loss=6.1594 | lr=3.00e-04 | wd=0.0975 | mom=0.9500 | T=2.5 k=2.0 (mu_rec=3 mu_bwd=2) | grad=0.934 | tok/s=42,543 | tokens=0.03B
step=   950 | loss=6.0924 | lr=3.00e-04 | wd=0.0975 | mom=0.9500 | T=1.8 k=1.5 (mu_rec=3 mu_bwd=2) | grad=1.773 | tok/s=43,442 | tokens=0.03B
step=   960 | loss=6.0268 | lr=3.00e-04 | wd=0.0975 | mom=0.9500 | T=3.8 k=1.8 (mu_rec=3 mu_bwd=2) | grad=0.918 | tok/s=41,858 | tokens=0.03B
step=   970 | loss=6.1035 | lr=3.00e-04 | wd=0.0975 | mom=0.9500 | T=1.5 k=1.2 (mu_rec=3 mu_bwd=2) | grad=2.031 | tok/s=44,800 | tokens=0.03B
step=   980 | loss=5.9661 | lr=3.00e-04 | wd=0.0974 | mom=0.9500 | T=1.8 k=1.8 (mu_rec=3 mu_bwd=2) | grad=3.969 | tok/s=44,560 | tokens=0.03B
step=   990 | loss=6.1005 | lr=3.00e-04 | wd=0.0974 | mom=0.9500 | T=2.2 k=1.8 (mu_rec=3 mu_bwd=2) | grad=1.891 | tok/s=42,976 | tokens=0.03B
step=  1000 | loss=6.0083 | lr=3.00e-04 | wd=0.0974 | mom=0.9500 | T=3.8 k=2.0 (mu_rec=3 mu_bwd=2) | grad=1.234 | tok/s=40,232 | tokens=0.03B
step=  1010 | loss=5.7812 | lr=3.00e-04 | wd=0.0974 | mom=0.9500 | T=1.5 k=1.5 (mu_rec=3 mu_bwd=2) | grad=1.188 | tok/s=41,743 | tokens=0.03B
step=  1020 | loss=5.8551 | lr=3.00e-04 | wd=0.0973 | mom=0.9500 | T=2.2 k=1.8 (mu_rec=3 mu_bwd=2) | grad=1.492 | tok/s=41,126 | tokens=0.03B
step=  1030 | loss=6.0251 | lr=3.00e-04 | wd=0.0973 | mom=0.9500 | T=2.8 k=2.0 (mu_rec=3 mu_bwd=2) | grad=3.703 | tok/s=44,066 | tokens=0.03B
step=  1040 | loss=6.0494 | lr=3.00e-04 | wd=0.0973 | mom=0.9500 | T=2.2 k=1.8 (mu_rec=3 mu_bwd=2) | grad=1.281 | tok/s=46,448 | tokens=0.03B
step=  1050 | loss=5.9820 | lr=3.00e-04 | wd=0.0973 | mom=0.9500 | T=4.0 k=1.8 (mu_rec=3 mu_bwd=2) | grad=1.289 | tok/s=43,504 | tokens=0.03B
step=  1060 | loss=6.1041 | lr=3.00e-04 | wd=0.0972 | mom=0.9500 | T=2.0 k=1.8 (mu_rec=3 mu_bwd=2) | grad=1.531 | tok/s=43,518 | tokens=0.03B
step=  1070 | loss=6.0032 | lr=3.00e-04 | wd=0.0972 | mom=0.9500 | T=2.8 k=2.0 (mu_rec=3 mu_bwd=2) | grad=1.453 | tok/s=41,224 | tokens=0.04B
step=  1080 | loss=6.1405 | lr=3.00e-04 | wd=0.0972 | mom=0.9500 | T=3.2 k=1.8 (mu_rec=3 mu_bwd=2) | grad=1.328 | tok/s=39,519 | tokens=0.04B
step=  1090 | loss=6.2325 | lr=3.00e-04 | wd=0.0971 | mom=0.9500 | T=3.0 k=1.5 (mu_rec=3 mu_bwd=2) | grad=1.734 | tok/s=42,882 | tokens=0.04B
step=  1100 | loss=6.0278 | lr=3.00e-04 | wd=0.0971 | mom=0.9500 | T=2.2 k=1.5 (mu_rec=3 mu_bwd=2) | grad=1.844 | tok/s=44,226 | tokens=0.04B
step=  1110 | loss=5.9986 | lr=3.00e-04 | wd=0.0971 | mom=0.9500 | T=3.2 k=1.2 (mu_rec=3 mu_bwd=2) | grad=3.484 | tok/s=47,567 | tokens=0.04B
step=  1120 | loss=6.0541 | lr=3.00e-04 | wd=0.0971 | mom=0.9500 | T=3.5 k=2.0 (mu_rec=3 mu_bwd=2) | grad=0.984 | tok/s=41,681 | tokens=0.04B
step=  1130 | loss=6.0519 | lr=3.00e-04 | wd=0.0970 | mom=0.9500 | T=2.5 k=1.8 (mu_rec=3 mu_bwd=2) | grad=1.047 | tok/s=42,256 | tokens=0.04B
step=  1140 | loss=5.9088 | lr=3.00e-04 | wd=0.0970 | mom=0.9500 | T=2.0 k=1.8 (mu_rec=3 mu_bwd=2) | grad=1.422 | tok/s=44,970 | tokens=0.04B
step=  1150 | loss=6.2136 | lr=3.00e-04 | wd=0.0970 | mom=0.9500 | T=2.0 k=1.5 (mu_rec=3 mu_bwd=2) | grad=10.750 | tok/s=43,189 | tokens=0.04B
step=  1160 | loss=6.2192 | lr=3.00e-04 | wd=0.0970 | mom=0.9500 | T=3.8 k=1.8 (mu_rec=3 mu_bwd=2) | grad=1.227 | tok/s=43,954 | tokens=0.04B
step=  1170 | loss=6.0037 | lr=3.00e-04 | wd=0.0969 | mom=0.9500 | T=2.8 k=1.5 (mu_rec=3 mu_bwd=2) | grad=1.727 | tok/s=42,368 | tokens=0.04B
step=  1180 | loss=5.6537 | lr=3.00e-04 | wd=0.0969 | mom=0.9500 | T=5.2 k=1.8 (mu_rec=3 mu_bwd=2) | grad=1.352 | tok/s=43,735 | tokens=0.04B
step=  1190 | loss=5.8309 | lr=3.00e-04 | wd=0.0969 | mom=0.9500 | T=4.0 k=1.5 (mu_rec=3 mu_bwd=2) | grad=1.172 | tok/s=43,096 | tokens=0.04B
step=  1200 | loss=6.0708 | lr=3.00e-04 | wd=0.0969 | mom=0.9500 | T=2.8 k=2.0 (mu_rec=3 mu_bwd=2) | grad=1.578 | tok/s=45,335 | tokens=0.04B
step=  1210 | loss=5.8556 | lr=3.00e-04 | wd=0.0968 | mom=0.9500 | T=4.2 k=2.0 (mu_rec=3 mu_bwd=2) | grad=1.164 | tok/s=41,318 | tokens=0.04B
step=  1220 | loss=6.1256 | lr=3.00e-04 | wd=0.0968 | mom=0.9500 | T=2.0 k=1.2 (mu_rec=3 mu_bwd=2) | grad=1.656 | tok/s=42,606 | tokens=0.04B
step=  1230 | loss=6.0014 | lr=3.00e-04 | wd=0.0968 | mom=0.9500 | T=2.5 k=1.8 (mu_rec=3 mu_bwd=2) | grad=1.078 | tok/s=42,986 | tokens=0.04B
step=  1240 | loss=5.9296 | lr=3.00e-04 | wd=0.0968 | mom=0.9500 | T=4.2 k=1.8 (mu_rec=3 mu_bwd=2) | grad=2.781 | tok/s=41,945 | tokens=0.04B
step=  1250 | loss=5.9643 | lr=3.00e-04 | wd=0.0967 | mom=0.9500 | T=3.2 k=1.8 (mu_rec=3 mu_bwd=2) | grad=1.781 | tok/s=42,221 | tokens=0.04B
step=  1260 | loss=5.9809 | lr=3.00e-04 | wd=0.0967 | mom=0.9500 | T=2.5 k=1.5 (mu_rec=3 mu_bwd=2) | grad=1.531 | tok/s=46,019 | tokens=0.04B
step=  1270 | loss=7.0783 | lr=3.00e-04 | wd=0.0967 | mom=0.9500 | T=3.0 k=1.5 (mu_rec=3 mu_bwd=2) | grad=1.977 | tok/s=42,862 | tokens=0.04B
step=  1280 | loss=6.6598 | lr=3.00e-04 | wd=0.0966 | mom=0.9500 | T=5.0 k=1.8 (mu_rec=3 mu_bwd=2) | grad=1.922 | tok/s=42,475 | tokens=0.04B
step=  1290 | loss=5.8103 | lr=3.00e-04 | wd=0.0966 | mom=0.9500 | T=2.5 k=1.8 (mu_rec=3 mu_bwd=2) | grad=1.570 | tok/s=44,641 | tokens=0.04B
step=  1300 | loss=6.1280 | lr=3.00e-04 | wd=0.0966 | mom=0.9500 | T=2.8 k=2.0 (mu_rec=3 mu_bwd=2) | grad=1.414 | tok/s=43,746 | tokens=0.04B
step=  1310 | loss=5.8922 | lr=3.00e-04 | wd=0.0966 | mom=0.9500 | T=2.2 k=1.5 (mu_rec=3 mu_bwd=2) | grad=1.633 | tok/s=44,154 | tokens=0.04B
step=  1320 | loss=5.9477 | lr=3.00e-04 | wd=0.0965 | mom=0.9500 | T=1.5 k=1.2 (mu_rec=3 mu_bwd=2) | grad=3.031 | tok/s=46,077 | tokens=0.04B
step=  1330 | loss=5.8369 | lr=3.00e-04 | wd=0.0965 | mom=0.9500 | T=2.0 k=1.5 (mu_rec=3 mu_bwd=2) | grad=5.000 | tok/s=42,495 | tokens=0.04B
step=  1340 | loss=5.8367 | lr=3.00e-04 | wd=0.0965 | mom=0.9500 | T=2.5 k=1.5 (mu_rec=3 mu_bwd=2) | grad=2.984 | tok/s=43,714 | tokens=0.04B
step=  1350 | loss=5.8650 | lr=3.00e-04 | wd=0.0965 | mom=0.9500 | T=3.2 k=2.0 (mu_rec=3 mu_bwd=2) | grad=1.008 | tok/s=43,581 | tokens=0.04B
step=  1360 | loss=6.0409 | lr=3.00e-04 | wd=0.0964 | mom=0.9500 | T=4.8 k=2.0 (mu_rec=4 mu_bwd=2) | grad=2.781 | tok/s=42,052 | tokens=0.04B
step=  1370 | loss=6.0099 | lr=3.00e-04 | wd=0.0964 | mom=0.9500 | T=6.0 k=2.0 (mu_rec=4 mu_bwd=2) | grad=1.039 | tok/s=36,994 | tokens=0.04B
step=  1380 | loss=6.0771 | lr=3.00e-04 | wd=0.0964 | mom=0.9500 | T=2.2 k=1.8 (mu_rec=4 mu_bwd=2) | grad=0.930 | tok/s=40,681 | tokens=0.05B
step=  1390 | loss=6.0262 | lr=3.00e-04 | wd=0.0964 | mom=0.9500 | T=3.2 k=1.8 (mu_rec=4 mu_bwd=2) | grad=1.266 | tok/s=40,269 | tokens=0.05B
step=  1400 | loss=5.9599 | lr=3.00e-04 | wd=0.0963 | mom=0.9500 | T=2.8 k=1.2 (mu_rec=4 mu_bwd=2) | grad=1.461 | tok/s=40,607 | tokens=0.05B
step=  1410 | loss=5.7586 | lr=3.00e-04 | wd=0.0963 | mom=0.9500 | T=3.0 k=2.0 (mu_rec=4 mu_bwd=2) | grad=4.719 | tok/s=38,686 | tokens=0.05B
step=  1420 | loss=5.8649 | lr=3.00e-04 | wd=0.0963 | mom=0.9500 | T=5.5 k=1.8 (mu_rec=4 mu_bwd=2) | grad=1.578 | tok/s=39,826 | tokens=0.05B
step=  1430 | loss=5.7293 | lr=3.00e-04 | wd=0.0963 | mom=0.9500 | T=2.2 k=1.5 (mu_rec=4 mu_bwd=2) | grad=4.969 | tok/s=37,385 | tokens=0.05B
step=  1440 | loss=5.4713 | lr=3.00e-04 | wd=0.0962 | mom=0.9500 | T=4.8 k=1.8 (mu_rec=4 mu_bwd=2) | grad=1.781 | tok/s=37,477 | tokens=0.05B
step=  1450 | loss=6.1383 | lr=3.00e-04 | wd=0.0962 | mom=0.9500 | T=5.5 k=2.0 (mu_rec=4 mu_bwd=2) | grad=2.812 | tok/s=39,070 | tokens=0.05B
step=  1460 | loss=5.9098 | lr=3.00e-04 | wd=0.0962 | mom=0.9500 | T=2.8 k=1.5 (mu_rec=4 mu_bwd=2) | grad=2.969 | tok/s=40,787 | tokens=0.05B
step=  1470 | loss=5.9512 | lr=3.00e-04 | wd=0.0961 | mom=0.9500 | T=5.0 k=2.0 (mu_rec=4 mu_bwd=2) | grad=3.672 | tok/s=38,382 | tokens=0.05B
step=  1480 | loss=5.8136 | lr=3.00e-04 | wd=0.0961 | mom=0.9500 | T=1.2 k=1.2 (mu_rec=4 mu_bwd=2) | grad=2.047 | tok/s=43,309 | tokens=0.05B
step=  1490 | loss=6.0895 | lr=3.00e-04 | wd=0.0961 | mom=0.9500 | T=3.5 k=2.0 (mu_rec=4 mu_bwd=2) | grad=1.469 | tok/s=40,026 | tokens=0.05B
step=  1500 | loss=5.8008 | lr=3.00e-04 | wd=0.0961 | mom=0.9500 | T=7.2 k=2.0 (mu_rec=4 mu_bwd=2) | grad=1.094 | tok/s=38,853 | tokens=0.05B
step=  1510 | loss=5.8849 | lr=3.00e-04 | wd=0.0960 | mom=0.9500 | T=2.8 k=1.8 (mu_rec=4 mu_bwd=2) | grad=1.664 | tok/s=41,027 | tokens=0.05B
step=  1520 | loss=6.6211 | lr=3.00e-04 | wd=0.0960 | mom=0.9500 | T=2.8 k=1.5 (mu_rec=4 mu_bwd=2) | grad=0.953 | tok/s=39,616 | tokens=0.05B
step=  1530 | loss=5.9001 | lr=3.00e-04 | wd=0.0960 | mom=0.9500 | T=5.8 k=2.0 (mu_rec=4 mu_bwd=2) | grad=1.523 | tok/s=40,393 | tokens=0.05B
step=  1540 | loss=5.4901 | lr=3.00e-04 | wd=0.0960 | mom=0.9500 | T=5.0 k=2.0 (mu_rec=4 mu_bwd=2) | grad=0.922 | tok/s=39,252 | tokens=0.05B
step=  1550 | loss=5.5004 | lr=3.00e-04 | wd=0.0959 | mom=0.9500 | T=5.5 k=2.0 (mu_rec=4 mu_bwd=2) | grad=1.180 | tok/s=37,270 | tokens=0.05B
step=  1560 | loss=5.8991 | lr=3.00e-04 | wd=0.0959 | mom=0.9500 | T=3.0 k=1.8 (mu_rec=4 mu_bwd=2) | grad=1.273 | tok/s=40,509 | tokens=0.05B
step=  1570 | loss=6.0019 | lr=3.00e-04 | wd=0.0959 | mom=0.9500 | T=2.8 k=1.8 (mu_rec=4 mu_bwd=2) | grad=1.133 | tok/s=38,524 | tokens=0.05B
step=  1580 | loss=5.8176 | lr=3.00e-04 | wd=0.0959 | mom=0.9500 | T=1.0 k=1.0 (mu_rec=4 mu_bwd=2) | grad=1.312 | tok/s=39,610 | tokens=0.05B
step=  1590 | loss=5.8024 | lr=3.00e-04 | wd=0.0958 | mom=0.9500 | T=4.0 k=1.8 (mu_rec=4 mu_bwd=2) | grad=1.148 | tok/s=37,257 | tokens=0.05B
step=  1600 | loss=5.8933 | lr=3.00e-04 | wd=0.0958 | mom=0.9500 | T=4.2 k=2.0 (mu_rec=4 mu_bwd=2) | grad=0.840 | tok/s=38,435 | tokens=0.05B
step=  1610 | loss=5.6730 | lr=3.00e-04 | wd=0.0958 | mom=0.9500 | T=4.0 k=2.0 (mu_rec=4 mu_bwd=2) | grad=1.047 | tok/s=39,951 | tokens=0.05B
step=  1620 | loss=5.8746 | lr=3.00e-04 | wd=0.0958 | mom=0.9500 | T=4.2 k=1.8 (mu_rec=4 mu_bwd=2) | grad=1.922 | tok/s=40,804 | tokens=0.05B
step=  1630 | loss=5.7429 | lr=3.00e-04 | wd=0.0957 | mom=0.9500 | T=4.2 k=1.8 (mu_rec=4 mu_bwd=2) | grad=1.180 | tok/s=41,425 | tokens=0.05B
step=  1640 | loss=5.7367 | lr=3.00e-04 | wd=0.0957 | mom=0.9500 | T=2.5 k=1.8 (mu_rec=4 mu_bwd=2) | grad=1.305 | tok/s=40,899 | tokens=0.05B
step=  1650 | loss=6.0740 | lr=3.00e-04 | wd=0.0957 | mom=0.9500 | T=4.0 k=2.0 (mu_rec=4 mu_bwd=2) | grad=8.875 | tok/s=38,924 | tokens=0.05B
step=  1660 | loss=5.6069 | lr=3.00e-04 | wd=0.0957 | mom=0.9500 | T=4.0 k=2.0 (mu_rec=4 mu_bwd=2) | grad=1.070 | tok/s=39,484 | tokens=0.05B
step=  1670 | loss=5.9706 | lr=3.00e-04 | wd=0.0956 | mom=0.9500 | T=3.0 k=1.8 (mu_rec=4 mu_bwd=2) | grad=1.250 | tok/s=41,274 | tokens=0.05B
step=  1680 | loss=5.9414 | lr=3.00e-04 | wd=0.0956 | mom=0.9500 | T=3.5 k=2.0 (mu_rec=4 mu_bwd=2) | grad=1.828 | tok/s=37,629 | tokens=0.06B
step=  1690 | loss=5.8230 | lr=3.00e-04 | wd=0.0956 | mom=0.9500 | T=2.2 k=1.5 (mu_rec=4 mu_bwd=2) | grad=1.695 | tok/s=38,794 | tokens=0.06B
step=  1700 | loss=5.8407 | lr=3.00e-04 | wd=0.0955 | mom=0.9500 | T=3.0 k=1.8 (mu_rec=4 mu_bwd=2) | grad=1.930 | tok/s=10,578 | tokens=0.06B
step=  1710 | loss=5.8515 | lr=3.00e-04 | wd=0.0955 | mom=0.9500 | T=4.2 k=2.0 (mu_rec=4 mu_bwd=2) | grad=1.062 | tok/s=40,053 | tokens=0.06B
step=  1720 | loss=5.7480 | lr=3.00e-04 | wd=0.0955 | mom=0.9500 | T=5.0 k=2.0 (mu_rec=4 mu_bwd=2) | grad=1.141 | tok/s=38,642 | tokens=0.06B
step=  1730 | loss=5.9116 | lr=3.00e-04 | wd=0.0955 | mom=0.9500 | T=4.0 k=1.8 (mu_rec=4 mu_bwd=2) | grad=4.031 | tok/s=37,496 | tokens=0.06B
step=  1740 | loss=5.7401 | lr=3.00e-04 | wd=0.0954 | mom=0.9500 | T=6.8 k=1.8 (mu_rec=4 mu_bwd=2) | grad=2.172 | tok/s=40,419 | tokens=0.06B
step=  1750 | loss=5.9001 | lr=3.00e-04 | wd=0.0954 | mom=0.9500 | T=9.5 k=1.8 (mu_rec=4 mu_bwd=2) | grad=1.016 | tok/s=10,620 | tokens=0.06B
step=  1760 | loss=6.0960 | lr=3.00e-04 | wd=0.0954 | mom=0.9500 | T=3.5 k=2.0 (mu_rec=4 mu_bwd=2) | grad=1.531 | tok/s=41,524 | tokens=0.06B
step=  1770 | loss=5.8191 | lr=3.00e-04 | wd=0.0954 | mom=0.9500 | T=5.2 k=1.8 (mu_rec=4 mu_bwd=2) | grad=0.906 | tok/s=40,918 | tokens=0.06B
step=  1780 | loss=5.9093 | lr=3.00e-04 | wd=0.0953 | mom=0.9500 | T=2.5 k=1.8 (mu_rec=4 mu_bwd=2) | grad=1.094 | tok/s=37,819 | tokens=0.06B
step=  1790 | loss=5.7903 | lr=3.00e-04 | wd=0.0953 | mom=0.9500 | T=4.0 k=1.8 (mu_rec=4 mu_bwd=2) | grad=1.258 | tok/s=38,031 | tokens=0.06B
step=  1800 | loss=5.8837 | lr=3.00e-04 | wd=0.0953 | mom=0.9500 | T=2.2 k=1.8 (mu_rec=4 mu_bwd=2) | grad=1.281 | tok/s=40,573 | tokens=0.06B
step=  1810 | loss=5.8455 | lr=3.00e-04 | wd=0.0953 | mom=0.9500 | T=5.0 k=2.0 (mu_rec=4 mu_bwd=2) | grad=1.195 | tok/s=36,745 | tokens=0.06B
step=  1820 | loss=5.7915 | lr=3.00e-04 | wd=0.0952 | mom=0.9500 | T=5.8 k=2.0 (mu_rec=4 mu_bwd=2) | grad=1.617 | tok/s=38,167 | tokens=0.06B
step=  1830 | loss=5.7953 | lr=3.00e-04 | wd=0.0952 | mom=0.9500 | T=5.8 k=2.0 (mu_rec=4 mu_bwd=2) | grad=1.477 | tok/s=38,989 | tokens=0.06B
step=  1840 | loss=6.0517 | lr=3.00e-04 | wd=0.0952 | mom=0.9500 | T=5.0 k=2.0 (mu_rec=4 mu_bwd=2) | grad=2.031 | tok/s=36,665 | tokens=0.06B
step=  1850 | loss=5.8127 | lr=3.00e-04 | wd=0.0952 | mom=0.9500 | T=3.0 k=1.8 (mu_rec=4 mu_bwd=2) | grad=1.312 | tok/s=40,984 | tokens=0.06B
step=  1860 | loss=5.8266 | lr=3.00e-04 | wd=0.0951 | mom=0.9500 | T=4.8 k=1.8 (mu_rec=4 mu_bwd=2) | grad=2.188 | tok/s=38,148 | tokens=0.06B
step=  1870 | loss=5.8792 | lr=3.00e-04 | wd=0.0951 | mom=0.9500 | T=3.8 k=1.8 (mu_rec=4 mu_bwd=2) | grad=1.148 | tok/s=39,216 | tokens=0.06B
step=  1880 | loss=6.1494 | lr=3.00e-04 | wd=0.0951 | mom=0.9500 | T=3.2 k=1.5 (mu_rec=4 mu_bwd=2) | grad=6.812 | tok/s=41,551 | tokens=0.06B
step=  1890 | loss=5.5036 | lr=3.00e-04 | wd=0.0950 | mom=0.9500 | T=3.0 k=1.8 (mu_rec=4 mu_bwd=2) | grad=4.531 | tok/s=39,431 | tokens=0.06B
step=  1900 | loss=5.0662 | lr=3.00e-04 | wd=0.0950 | mom=0.9500 | T=3.2 k=2.0 (mu_rec=4 mu_bwd=2) | grad=4.062 | tok/s=37,462 | tokens=0.06B
step=  1910 | loss=5.4854 | lr=3.00e-04 | wd=0.0950 | mom=0.9500 | T=3.8 k=2.5 (mu_rec=5 mu_bwd=3) | grad=1.594 | tok/s=33,294 | tokens=0.06B
step=  1920 | loss=5.7956 | lr=3.00e-04 | wd=0.0950 | mom=0.9500 | T=4.0 k=2.8 (mu_rec=5 mu_bwd=3) | grad=1.305 | tok/s=35,095 | tokens=0.06B
step=  1930 | loss=5.7890 | lr=3.00e-04 | wd=0.0949 | mom=0.9500 | T=6.0 k=3.0 (mu_rec=5 mu_bwd=3) | grad=1.070 | tok/s=33,674 | tokens=0.06B
step=  1940 | loss=5.8188 | lr=3.00e-04 | wd=0.0949 | mom=0.9500 | T=5.2 k=3.0 (mu_rec=5 mu_bwd=3) | grad=2.562 | tok/s=32,097 | tokens=0.06B
step=  1950 | loss=5.8683 | lr=3.00e-04 | wd=0.0949 | mom=0.9500 | T=3.2 k=2.5 (mu_rec=5 mu_bwd=3) | grad=2.344 | tok/s=33,991 | tokens=0.06B
step=  1960 | loss=5.6323 | lr=3.00e-04 | wd=0.0949 | mom=0.9500 | T=4.2 k=2.5 (mu_rec=5 mu_bwd=3) | grad=1.203 | tok/s=33,192 | tokens=0.06B
step=  1970 | loss=5.7834 | lr=3.00e-04 | wd=0.0948 | mom=0.9500 | T=7.0 k=2.5 (mu_rec=5 mu_bwd=3) | grad=1.805 | tok/s=30,592 | tokens=0.06B
step=  1980 | loss=5.7428 | lr=3.00e-04 | wd=0.0948 | mom=0.9500 | T=4.8 k=2.5 (mu_rec=5 mu_bwd=3) | grad=4.500 | tok/s=32,656 | tokens=0.06B
step=  1990 | loss=5.7222 | lr=3.00e-04 | wd=0.0948 | mom=0.9500 | T=5.2 k=2.8 (mu_rec=5 mu_bwd=3) | grad=2.172 | tok/s=32,510 | tokens=0.07B
step=  2000 | loss=5.9677 | lr=3.00e-04 | wd=0.0948 | mom=0.9500 | T=4.2 k=2.2 (mu_rec=5 mu_bwd=3) | grad=1.273 | tok/s=31,023 | tokens=0.07B
step=  2010 | loss=5.9812 | lr=3.00e-04 | wd=0.0947 | mom=0.9500 | T=6.2 k=2.5 (mu_rec=5 mu_bwd=3) | grad=1.125 | tok/s=31,559 | tokens=0.07B
step=  2020 | loss=5.8344 | lr=3.00e-04 | wd=0.0947 | mom=0.9500 | T=6.8 k=3.0 (mu_rec=5 mu_bwd=3) | grad=2.344 | tok/s=33,739 | tokens=0.07B
step=  2030 | loss=6.2367 | lr=3.00e-04 | wd=0.0947 | mom=0.9500 | T=5.0 k=2.5 (mu_rec=5 mu_bwd=3) | grad=1.281 | tok/s=34,157 | tokens=0.07B
step=  2040 | loss=5.7782 | lr=3.00e-04 | wd=0.0947 | mom=0.9500 | T=5.2 k=3.0 (mu_rec=5 mu_bwd=3) | grad=1.492 | tok/s=32,806 | tokens=0.07B
step=  2050 | loss=5.7974 | lr=3.00e-04 | wd=0.0946 | mom=0.9500 | T=5.0 k=3.0 (mu_rec=5 mu_bwd=3) | grad=1.055 | tok/s=32,169 | tokens=0.07B
step=  2060 | loss=5.9382 | lr=3.00e-04 | wd=0.0946 | mom=0.9500 | T=3.5 k=2.0 (mu_rec=5 mu_bwd=3) | grad=1.086 | tok/s=31,416 | tokens=0.07B
step=  2070 | loss=5.9230 | lr=3.00e-04 | wd=0.0946 | mom=0.9500 | T=2.8 k=2.0 (mu_rec=5 mu_bwd=3) | grad=2.391 | tok/s=33,412 | tokens=0.07B
step=  2080 | loss=5.8921 | lr=3.00e-04 | wd=0.0945 | mom=0.9500 | T=6.0 k=2.5 (mu_rec=5 mu_bwd=3) | grad=1.656 | tok/s=32,602 | tokens=0.07B
step=  2090 | loss=5.8329 | lr=3.00e-04 | wd=0.0945 | mom=0.9500 | T=4.2 k=2.5 (mu_rec=5 mu_bwd=3) | grad=1.367 | tok/s=30,940 | tokens=0.07B
step=  2100 | loss=5.8922 | lr=3.00e-04 | wd=0.0945 | mom=0.9500 | T=1.8 k=1.8 (mu_rec=5 mu_bwd=3) | grad=1.328 | tok/s=32,020 | tokens=0.07B
step=  2110 | loss=5.7743 | lr=3.00e-04 | wd=0.0945 | mom=0.9500 | T=7.8 k=3.0 (mu_rec=5 mu_bwd=3) | grad=1.094 | tok/s=30,790 | tokens=0.07B
step=  2120 | loss=5.7683 | lr=3.00e-04 | wd=0.0944 | mom=0.9500 | T=4.8 k=2.8 (mu_rec=5 mu_bwd=3) | grad=1.305 | tok/s=33,160 | tokens=0.07B
step=  2130 | loss=5.7579 | lr=3.00e-04 | wd=0.0944 | mom=0.9500 | T=3.8 k=3.0 (mu_rec=5 mu_bwd=3) | grad=1.477 | tok/s=31,610 | tokens=0.07B
step=  2140 | loss=5.7629 | lr=3.00e-04 | wd=0.0944 | mom=0.9500 | T=6.0 k=3.0 (mu_rec=5 mu_bwd=3) | grad=1.891 | tok/s=31,408 | tokens=0.07B
step=  2150 | loss=5.7766 | lr=3.00e-04 | wd=0.0944 | mom=0.9500 | T=5.8 k=2.5 (mu_rec=5 mu_bwd=3) | grad=2.359 | tok/s=33,246 | tokens=0.07B
step=  2160 | loss=5.9355 | lr=3.00e-04 | wd=0.0943 | mom=0.9500 | T=5.2 k=3.0 (mu_rec=5 mu_bwd=3) | grad=1.211 | tok/s=32,058 | tokens=0.07B
step=  2170 | loss=5.8203 | lr=3.00e-04 | wd=0.0943 | mom=0.9500 | T=4.0 k=2.5 (mu_rec=5 mu_bwd=3) | grad=2.422 | tok/s=32,316 | tokens=0.07B
step=  2180 | loss=5.8699 | lr=3.00e-04 | wd=0.0943 | mom=0.9500 | T=3.8 k=2.8 (mu_rec=5 mu_bwd=3) | grad=1.172 | tok/s=30,396 | tokens=0.07B
step=  2190 | loss=5.8197 | lr=3.00e-04 | wd=0.0943 | mom=0.9500 | T=4.5 k=2.5 (mu_rec=5 mu_bwd=3) | grad=1.922 | tok/s=31,236 | tokens=0.07B
step=  2200 | loss=5.7314 | lr=3.00e-04 | wd=0.0942 | mom=0.9500 | T=3.5 k=2.8 (mu_rec=5 mu_bwd=3) | grad=1.062 | tok/s=34,572 | tokens=0.07B
step=  2210 | loss=6.0045 | lr=3.00e-04 | wd=0.0942 | mom=0.9500 | T=3.5 k=2.8 (mu_rec=5 mu_bwd=3) | grad=1.203 | tok/s=34,202 | tokens=0.07B
step=  2220 | loss=5.4681 | lr=3.00e-04 | wd=0.0942 | mom=0.9500 | T=4.5 k=2.2 (mu_rec=5 mu_bwd=3) | grad=1.117 | tok/s=30,827 | tokens=0.07B
step=  2230 | loss=5.7479 | lr=3.00e-04 | wd=0.0942 | mom=0.9500 | T=7.8 k=3.0 (mu_rec=5 mu_bwd=3) | grad=1.453 | tok/s=31,117 | tokens=0.07B
step=  2240 | loss=5.6839 | lr=3.00e-04 | wd=0.0941 | mom=0.9500 | T=5.2 k=2.5 (mu_rec=5 mu_bwd=3) | grad=1.219 | tok/s=33,704 | tokens=0.07B
step=  2250 | loss=5.7423 | lr=3.00e-04 | wd=0.0941 | mom=0.9500 | T=2.8 k=2.5 (mu_rec=5 mu_bwd=3) | grad=1.227 | tok/s=33,494 | tokens=0.07B
step=  2260 | loss=5.7471 | lr=3.00e-04 | wd=0.0941 | mom=0.9500 | T=1.5 k=1.5 (mu_rec=5 mu_bwd=3) | grad=1.406 | tok/s=33,053 | tokens=0.07B
step=  2270 | loss=5.6837 | lr=3.00e-04 | wd=0.0941 | mom=0.9500 | T=9.2 k=3.0 (mu_rec=5 mu_bwd=3) | grad=1.477 | tok/s=32,385 | tokens=0.07B
step=  2280 | loss=5.8715 | lr=3.00e-04 | wd=0.0940 | mom=0.9500 | T=4.5 k=2.8 (mu_rec=5 mu_bwd=3) | grad=2.078 | tok/s=32,101 | tokens=0.07B
step=  2290 | loss=5.9074 | lr=3.00e-04 | wd=0.0940 | mom=0.9500 | T=3.2 k=2.0 (mu_rec=5 mu_bwd=3) | grad=1.695 | tok/s=33,422 | tokens=0.08B
step=  2300 | loss=5.8455 | lr=3.00e-04 | wd=0.0940 | mom=0.9500 | T=9.8 k=3.0 (mu_rec=5 mu_bwd=3) | grad=1.125 | tok/s=33,301 | tokens=0.08B
step=  2310 | loss=5.8011 | lr=3.00e-04 | wd=0.0939 | mom=0.9500 | T=4.8 k=2.8 (mu_rec=5 mu_bwd=3) | grad=1.531 | tok/s=32,579 | tokens=0.08B
step=  2320 | loss=5.7170 | lr=3.00e-04 | wd=0.0939 | mom=0.9500 | T=6.5 k=3.0 (mu_rec=5 mu_bwd=3) | grad=1.117 | tok/s=30,950 | tokens=0.08B
step=  2330 | loss=5.7271 | lr=3.00e-04 | wd=0.0939 | mom=0.9500 | T=5.5 k=2.2 (mu_rec=5 mu_bwd=3) | grad=1.664 | tok/s=32,059 | tokens=0.08B
step=  2340 | loss=5.8986 | lr=3.00e-04 | wd=0.0939 | mom=0.9500 | T=6.8 k=3.0 (mu_rec=5 mu_bwd=3) | grad=1.227 | tok/s=30,932 | tokens=0.08B
step=  2350 | loss=5.7369 | lr=3.00e-04 | wd=0.0938 | mom=0.9500 | T=5.0 k=3.0 (mu_rec=5 mu_bwd=3) | grad=1.328 | tok/s=33,210 | tokens=0.08B
step=  2360 | loss=5.7356 | lr=3.00e-04 | wd=0.0938 | mom=0.9500 | T=4.2 k=2.5 (mu_rec=5 mu_bwd=3) | grad=1.641 | tok/s=31,125 | tokens=0.08B
step=  2370 | loss=5.7458 | lr=3.00e-04 | wd=0.0938 | mom=0.9500 | T=6.5 k=3.0 (mu_rec=5 mu_bwd=3) | grad=1.445 | tok/s=31,746 | tokens=0.08B
step=  2380 | loss=5.7417 | lr=3.00e-04 | wd=0.0938 | mom=0.9500 | T=3.0 k=2.2 (mu_rec=5 mu_bwd=3) | grad=3.422 | tok/s=30,935 | tokens=0.08B
step=  2390 | loss=5.4764 | lr=3.00e-04 | wd=0.0937 | mom=0.9500 | T=4.0 k=2.5 (mu_rec=5 mu_bwd=3) | grad=1.438 | tok/s=33,156 | tokens=0.08B
step=  2400 | loss=5.7541 | lr=3.00e-04 | wd=0.0937 | mom=0.9500 | T=3.0 k=2.0 (mu_rec=5 mu_bwd=3) | grad=1.578 | tok/s=31,549 | tokens=0.08B
step=  2410 | loss=5.5163 | lr=3.00e-04 | wd=0.0937 | mom=0.9500 | T=10.8 k=3.0 (mu_rec=5 mu_bwd=3) | grad=1.148 | tok/s=29,820 | tokens=0.08B
step=  2420 | loss=5.8500 | lr=3.00e-04 | wd=0.0937 | mom=0.9500 | T=4.5 k=2.0 (mu_rec=5 mu_bwd=3) | grad=1.094 | tok/s=33,958 | tokens=0.08B
step=  2430 | loss=5.7414 | lr=3.00e-04 | wd=0.0936 | mom=0.9500 | T=3.0 k=2.2 (mu_rec=5 mu_bwd=3) | grad=1.727 | tok/s=36,211 | tokens=0.08B
step=  2440 | loss=5.8922 | lr=3.00e-04 | wd=0.0936 | mom=0.9500 | T=3.0 k=2.5 (mu_rec=5 mu_bwd=3) | grad=1.164 | tok/s=32,348 | tokens=0.08B
step=  2450 | loss=5.7784 | lr=3.00e-04 | wd=0.0936 | mom=0.9500 | T=4.5 k=2.5 (mu_rec=6 mu_bwd=3) | grad=1.758 | tok/s=30,135 | tokens=0.08B
step=  2460 | loss=5.7742 | lr=3.00e-04 | wd=0.0936 | mom=0.9500 | T=6.5 k=2.5 (mu_rec=6 mu_bwd=3) | grad=1.406 | tok/s=27,885 | tokens=0.08B
step=  2470 | loss=5.7782 | lr=3.00e-04 | wd=0.0935 | mom=0.9500 | T=4.8 k=2.5 (mu_rec=6 mu_bwd=3) | grad=1.711 | tok/s=30,675 | tokens=0.08B
step=  2480 | loss=5.6584 | lr=3.00e-04 | wd=0.0935 | mom=0.9500 | T=5.5 k=2.8 (mu_rec=6 mu_bwd=3) | grad=1.156 | tok/s=29,658 | tokens=0.08B
step=  2490 | loss=5.7506 | lr=3.00e-04 | wd=0.0935 | mom=0.9500 | T=7.2 k=2.8 (mu_rec=6 mu_bwd=3) | grad=1.195 | tok/s=29,538 | tokens=0.08B
step=  2500 | loss=5.8294 | lr=3.00e-04 | wd=0.0934 | mom=0.9500 | T=5.8 k=3.0 (mu_rec=6 mu_bwd=3) | grad=1.492 | tok/s=29,657 | tokens=0.08B
step=  2510 | loss=5.7927 | lr=3.00e-04 | wd=0.0934 | mom=0.9500 | T=7.8 k=3.0 (mu_rec=6 mu_bwd=3) | grad=1.031 | tok/s=31,246 | tokens=0.08B
step=  2520 | loss=5.7103 | lr=3.00e-04 | wd=0.0934 | mom=0.9500 | T=4.8 k=2.5 (mu_rec=6 mu_bwd=3) | grad=1.398 | tok/s=28,159 | tokens=0.08B
step=  2530 | loss=5.4330 | lr=3.00e-04 | wd=0.0934 | mom=0.9500 | T=7.2 k=2.8 (mu_rec=6 mu_bwd=3) | grad=13.062 | tok/s=29,904 | tokens=0.08B
step=  2540 | loss=5.7870 | lr=3.00e-04 | wd=0.0933 | mom=0.9500 | T=8.8 k=3.0 (mu_rec=6 mu_bwd=3) | grad=1.172 | tok/s=30,893 | tokens=0.08B
step=  2550 | loss=5.6826 | lr=3.00e-04 | wd=0.0933 | mom=0.9500 | T=4.2 k=2.5 (mu_rec=6 mu_bwd=3) | grad=1.484 | tok/s=31,134 | tokens=0.08B
step=  2560 | loss=5.7243 | lr=3.00e-04 | wd=0.0933 | mom=0.9500 | T=4.0 k=2.8 (mu_rec=6 mu_bwd=3) | grad=0.926 | tok/s=9,886 | tokens=0.08B
step=  2570 | loss=5.9432 | lr=3.00e-04 | wd=0.0933 | mom=0.9500 | T=4.2 k=2.0 (mu_rec=6 mu_bwd=3) | grad=1.672 | tok/s=27,848 | tokens=0.08B
step=  2580 | loss=5.8979 | lr=3.00e-04 | wd=0.0932 | mom=0.9500 | T=6.5 k=2.5 (mu_rec=6 mu_bwd=3) | grad=1.406 | tok/s=31,907 | tokens=0.08B
step=  2590 | loss=5.9597 | lr=3.00e-04 | wd=0.0932 | mom=0.9500 | T=4.5 k=3.0 (mu_rec=6 mu_bwd=3) | grad=3.109 | tok/s=29,363 | tokens=0.08B
step=  2600 | loss=5.8884 | lr=3.00e-04 | wd=0.0932 | mom=0.9500 | T=4.8 k=2.8 (mu_rec=6 mu_bwd=3) | grad=1.688 | tok/s=31,716 | tokens=0.09B
step=  2610 | loss=5.8996 | lr=3.00e-04 | wd=0.0932 | mom=0.9500 | T=4.8 k=3.0 (mu_rec=6 mu_bwd=3) | grad=2.547 | tok/s=30,073 | tokens=0.09B
step=  2620 | loss=5.7660 | lr=3.00e-04 | wd=0.0931 | mom=0.9500 | T=9.5 k=3.0 (mu_rec=6 mu_bwd=3) | grad=1.180 | tok/s=30,661 | tokens=0.09B
step=  2630 | loss=5.8047 | lr=3.00e-04 | wd=0.0931 | mom=0.9500 | T=11.8 k=2.8 (mu_rec=6 mu_bwd=3) | grad=2.531 | tok/s=28,205 | tokens=0.09B
step=  2640 | loss=5.7845 | lr=3.00e-04 | wd=0.0931 | mom=0.9500 | T=4.2 k=3.0 (mu_rec=6 mu_bwd=3) | grad=2.297 | tok/s=28,729 | tokens=0.09B
step=  2650 | loss=5.7879 | lr=3.00e-04 | wd=0.0931 | mom=0.9500 | T=9.5 k=3.0 (mu_rec=6 mu_bwd=3) | grad=1.430 | tok/s=27,926 | tokens=0.09B
step=  2660 | loss=5.5560 | lr=3.00e-04 | wd=0.0930 | mom=0.9500 | T=6.8 k=2.5 (mu_rec=6 mu_bwd=3) | grad=1.320 | tok/s=30,440 | tokens=0.09B
step=  2670 | loss=5.7641 | lr=3.00e-04 | wd=0.0930 | mom=0.9500 | T=6.2 k=2.5 (mu_rec=6 mu_bwd=3) | grad=1.352 | tok/s=30,613 | tokens=0.09B
step=  2680 | loss=5.8072 | lr=3.00e-04 | wd=0.0930 | mom=0.9500 | T=6.5 k=3.0 (mu_rec=6 mu_bwd=3) | grad=1.227 | tok/s=29,803 | tokens=0.09B
step=  2690 | loss=5.8269 | lr=3.00e-04 | wd=0.0930 | mom=0.9500 | T=3.5 k=2.0 (mu_rec=6 mu_bwd=3) | grad=1.414 | tok/s=29,631 | tokens=0.09B
step=  2700 | loss=5.8175 | lr=3.00e-04 | wd=0.0929 | mom=0.9500 | T=5.2 k=3.0 (mu_rec=6 mu_bwd=3) | grad=2.609 | tok/s=28,545 | tokens=0.09B
step=  2710 | loss=5.6869 | lr=3.00e-04 | wd=0.0929 | mom=0.9500 | T=6.5 k=3.0 (mu_rec=6 mu_bwd=3) | grad=1.031 | tok/s=29,463 | tokens=0.09B
step=  2720 | loss=5.8525 | lr=3.00e-04 | wd=0.0929 | mom=0.9500 | T=5.5 k=3.0 (mu_rec=6 mu_bwd=3) | grad=0.926 | tok/s=29,047 | tokens=0.09B
step=  2730 | loss=5.8267 | lr=3.00e-04 | wd=0.0928 | mom=0.9500 | T=6.2 k=2.8 (mu_rec=6 mu_bwd=3) | grad=1.070 | tok/s=29,067 | tokens=0.09B
step=  2740 | loss=5.5120 | lr=3.00e-04 | wd=0.0928 | mom=0.9500 | T=7.2 k=2.8 (mu_rec=6 mu_bwd=3) | grad=3.469 | tok/s=28,860 | tokens=0.09B
step=  2750 | loss=5.6637 | lr=3.00e-04 | wd=0.0928 | mom=0.9500 | T=5.0 k=2.8 (mu_rec=6 mu_bwd=3) | grad=1.305 | tok/s=31,277 | tokens=0.09B
step=  2760 | loss=5.8263 | lr=3.00e-04 | wd=0.0928 | mom=0.9500 | T=4.8 k=2.5 (mu_rec=6 mu_bwd=3) | grad=2.203 | tok/s=32,768 | tokens=0.09B
step=  2770 | loss=5.7380 | lr=3.00e-04 | wd=0.0927 | mom=0.9500 | T=6.2 k=2.5 (mu_rec=6 mu_bwd=3) | grad=1.328 | tok/s=29,651 | tokens=0.09B
step=  2780 | loss=5.7411 | lr=3.00e-04 | wd=0.0927 | mom=0.9500 | T=4.5 k=2.5 (mu_rec=6 mu_bwd=3) | grad=1.852 | tok/s=27,410 | tokens=0.09B
step=  2790 | loss=5.8409 | lr=3.00e-04 | wd=0.0927 | mom=0.9500 | T=5.0 k=2.2 (mu_rec=6 mu_bwd=3) | grad=1.578 | tok/s=31,222 | tokens=0.09B
step=  2800 | loss=5.6448 | lr=3.00e-04 | wd=0.0927 | mom=0.9500 | T=4.8 k=2.5 (mu_rec=6 mu_bwd=3) | grad=1.523 | tok/s=30,111 | tokens=0.09B
step=  2810 | loss=5.6984 | lr=3.00e-04 | wd=0.0926 | mom=0.9500 | T=6.5 k=3.0 (mu_rec=6 mu_bwd=3) | grad=1.484 | tok/s=29,328 | tokens=0.09B
step=  2820 | loss=5.6640 | lr=3.00e-04 | wd=0.0926 | mom=0.9500 | T=5.5 k=3.0 (mu_rec=6 mu_bwd=3) | grad=1.242 | tok/s=32,186 | tokens=0.09B
step=  2830 | loss=5.7737 | lr=3.00e-04 | wd=0.0926 | mom=0.9500 | T=6.5 k=2.8 (mu_rec=6 mu_bwd=3) | grad=1.398 | tok/s=28,000 | tokens=0.09B
step=  2840 | loss=5.6943 | lr=3.00e-04 | wd=0.0926 | mom=0.9500 | T=5.2 k=2.8 (mu_rec=6 mu_bwd=3) | grad=2.125 | tok/s=30,564 | tokens=0.09B
step=  2850 | loss=5.7815 | lr=3.00e-04 | wd=0.0925 | mom=0.9500 | T=5.2 k=2.5 (mu_rec=6 mu_bwd=3) | grad=1.383 | tok/s=29,346 | tokens=0.09B
step=  2860 | loss=6.2676 | lr=3.00e-04 | wd=0.0925 | mom=0.9500 | T=6.0 k=2.8 (mu_rec=6 mu_bwd=3) | grad=1.828 | tok/s=30,675 | tokens=0.09B
step=  2870 | loss=6.4947 | lr=3.00e-04 | wd=0.0925 | mom=0.9500 | T=6.8 k=3.0 (mu_rec=6 mu_bwd=3) | grad=1.289 | tok/s=29,416 | tokens=0.09B
step=  2880 | loss=5.8976 | lr=3.00e-04 | wd=0.0925 | mom=0.9500 | T=6.0 k=3.0 (mu_rec=6 mu_bwd=3) | grad=1.086 | tok/s=30,355 | tokens=0.09B
step=  2890 | loss=5.5657 | lr=3.00e-04 | wd=0.0924 | mom=0.9500 | T=8.0 k=3.0 (mu_rec=6 mu_bwd=3) | grad=1.312 | tok/s=29,156 | tokens=0.09B
step=  2900 | loss=5.3455 | lr=3.00e-04 | wd=0.0924 | mom=0.9500 | T=8.5 k=3.0 (mu_rec=6 mu_bwd=3) | grad=1.117 | tok/s=28,236 | tokens=0.10B
step=  2910 | loss=5.5531 | lr=3.00e-04 | wd=0.0924 | mom=0.9500 | T=5.8 k=3.0 (mu_rec=6 mu_bwd=3) | grad=1.766 | tok/s=28,292 | tokens=0.10B
step=  2920 | loss=5.9098 | lr=3.00e-04 | wd=0.0923 | mom=0.9500 | T=7.0 k=2.8 (mu_rec=6 mu_bwd=3) | grad=1.547 | tok/s=28,838 | tokens=0.10B
step=  2930 | loss=5.7253 | lr=3.00e-04 | wd=0.0923 | mom=0.9500 | T=9.0 k=3.0 (mu_rec=6 mu_bwd=3) | grad=2.859 | tok/s=30,148 | tokens=0.10B
step=  2940 | loss=5.7267 | lr=3.00e-04 | wd=0.0923 | mom=0.9500 | T=7.2 k=3.0 (mu_rec=6 mu_bwd=3) | grad=1.250 | tok/s=27,063 | tokens=0.10B
step=  2950 | loss=5.8393 | lr=3.00e-04 | wd=0.0923 | mom=0.9500 | T=6.2 k=2.5 (mu_rec=6 mu_bwd=3) | grad=1.289 | tok/s=31,019 | tokens=0.10B
step=  2960 | loss=5.4191 | lr=3.00e-04 | wd=0.0922 | mom=0.9500 | T=5.2 k=2.5 (mu_rec=6 mu_bwd=3) | grad=1.156 | tok/s=28,115 | tokens=0.10B
step=  2970 | loss=5.6862 | lr=3.00e-04 | wd=0.0922 | mom=0.9500 | T=8.5 k=3.0 (mu_rec=6 mu_bwd=3) | grad=1.734 | tok/s=26,930 | tokens=0.10B
step=  2980 | loss=5.8540 | lr=3.00e-04 | wd=0.0922 | mom=0.9500 | T=8.0 k=2.5 (mu_rec=6 mu_bwd=3) | grad=2.344 | tok/s=27,581 | tokens=0.10B
step=  2990 | loss=5.8592 | lr=3.00e-04 | wd=0.0922 | mom=0.9500 | T=10.0 k=4.0 (mu_rec=7 mu_bwd=4) | grad=1.570 | tok/s=24,679 | tokens=0.10B
step=  3000 | loss=5.7543 | lr=3.00e-04 | wd=0.0921 | mom=0.9500 | T=6.0 k=3.0 (mu_rec=7 mu_bwd=4) | grad=2.125 | tok/s=24,354 | tokens=0.10B
step=  3010 | loss=5.7260 | lr=3.00e-04 | wd=0.0921 | mom=0.9500 | T=8.5 k=4.0 (mu_rec=7 mu_bwd=4) | grad=1.492 | tok/s=23,952 | tokens=0.10B
step=  3020 | loss=5.5861 | lr=3.00e-04 | wd=0.0921 | mom=0.9500 | T=6.5 k=4.0 (mu_rec=7 mu_bwd=4) | grad=1.195 | tok/s=26,254 | tokens=0.10B
step=  3030 | loss=5.7507 | lr=3.00e-04 | wd=0.0921 | mom=0.9500 | T=7.0 k=4.0 (mu_rec=7 mu_bwd=4) | grad=1.078 | tok/s=25,726 | tokens=0.10B
step=  3040 | loss=5.4695 | lr=3.00e-04 | wd=0.0920 | mom=0.9500 | T=8.8 k=4.0 (mu_rec=7 mu_bwd=4) | grad=1.578 | tok/s=26,043 | tokens=0.10B
step=  3050 | loss=5.8316 | lr=3.00e-04 | wd=0.0920 | mom=0.9500 | T=7.0 k=3.5 (mu_rec=7 mu_bwd=4) | grad=2.109 | tok/s=27,184 | tokens=0.10B
step=  3060 | loss=5.8088 | lr=3.00e-04 | wd=0.0920 | mom=0.9500 | T=7.8 k=4.0 (mu_rec=7 mu_bwd=4) | grad=1.203 | tok/s=24,709 | tokens=0.10B
step=  3070 | loss=5.8151 | lr=3.00e-04 | wd=0.0920 | mom=0.9500 | T=5.5 k=3.8 (mu_rec=7 mu_bwd=4) | grad=1.516 | tok/s=25,866 | tokens=0.10B
step=  3080 | loss=5.6929 | lr=3.00e-04 | wd=0.0919 | mom=0.9500 | T=5.8 k=3.5 (mu_rec=7 mu_bwd=4) | grad=1.055 | tok/s=26,462 | tokens=0.10B
step=  3090 | loss=5.7635 | lr=3.00e-04 | wd=0.0919 | mom=0.9500 | T=6.0 k=3.8 (mu_rec=7 mu_bwd=4) | grad=1.414 | tok/s=25,062 | tokens=0.10B
step=  3100 | loss=5.9081 | lr=3.00e-04 | wd=0.0919 | mom=0.9500 | T=8.2 k=3.5 (mu_rec=7 mu_bwd=4) | grad=1.336 | tok/s=24,540 | tokens=0.10B
step=  3110 | loss=5.7390 | lr=3.00e-04 | wd=0.0918 | mom=0.9500 | T=8.0 k=4.0 (mu_rec=7 mu_bwd=4) | grad=3.625 | tok/s=24,471 | tokens=0.10B
step=  3120 | loss=5.6457 | lr=3.00e-04 | wd=0.0918 | mom=0.9500 | T=7.2 k=4.0 (mu_rec=7 mu_bwd=4) | grad=1.523 | tok/s=24,435 | tokens=0.10B
step=  3130 | loss=5.4975 | lr=3.00e-04 | wd=0.0918 | mom=0.9500 | T=6.5 k=4.0 (mu_rec=7 mu_bwd=4) | grad=1.797 | tok/s=25,385 | tokens=0.10B
step=  3140 | loss=5.5900 | lr=3.00e-04 | wd=0.0918 | mom=0.9500 | T=9.8 k=4.0 (mu_rec=7 mu_bwd=4) | grad=1.500 | tok/s=24,353 | tokens=0.10B
step=  3150 | loss=5.8765 | lr=3.00e-04 | wd=0.0917 | mom=0.9500 | T=6.2 k=4.0 (mu_rec=7 mu_bwd=4) | grad=1.523 | tok/s=25,207 | tokens=0.10B
step=  3160 | loss=5.6090 | lr=3.00e-04 | wd=0.0917 | mom=0.9500 | T=7.0 k=4.0 (mu_rec=7 mu_bwd=4) | grad=1.781 | tok/s=24,218 | tokens=0.10B
step=  3170 | loss=5.6799 | lr=3.00e-04 | wd=0.0917 | mom=0.9500 | T=5.5 k=4.0 (mu_rec=7 mu_bwd=4) | grad=1.422 | tok/s=25,717 | tokens=0.10B
step=  3180 | loss=5.4172 | lr=3.00e-04 | wd=0.0917 | mom=0.9500 | T=6.8 k=3.5 (mu_rec=7 mu_bwd=4) | grad=1.109 | tok/s=26,419 | tokens=0.10B
step=  3190 | loss=5.5752 | lr=3.00e-04 | wd=0.0916 | mom=0.9500 | T=5.5 k=3.5 (mu_rec=7 mu_bwd=4) | grad=1.031 | tok/s=25,036 | tokens=0.10B
step=  3200 | loss=5.6180 | lr=3.00e-04 | wd=0.0916 | mom=0.9500 | T=5.5 k=3.2 (mu_rec=7 mu_bwd=4) | grad=3.469 | tok/s=24,556 | tokens=0.10B
step=  3210 | loss=5.5349 | lr=3.00e-04 | wd=0.0916 | mom=0.9500 | T=8.0 k=3.8 (mu_rec=7 mu_bwd=4) | grad=1.258 | tok/s=25,436 | tokens=0.11B
step=  3220 | loss=5.8282 | lr=3.00e-04 | wd=0.0916 | mom=0.9500 | T=7.0 k=4.0 (mu_rec=7 mu_bwd=4) | grad=1.344 | tok/s=23,468 | tokens=0.11B
step=  3230 | loss=5.6388 | lr=3.00e-04 | wd=0.0915 | mom=0.9500 | T=4.8 k=3.0 (mu_rec=7 mu_bwd=4) | grad=1.352 | tok/s=24,985 | tokens=0.11B
step=  3240 | loss=5.5789 | lr=3.00e-04 | wd=0.0915 | mom=0.9500 | T=3.2 k=2.8 (mu_rec=7 mu_bwd=4) | grad=1.188 | tok/s=26,350 | tokens=0.11B
step=  3250 | loss=5.7009 | lr=3.00e-04 | wd=0.0915 | mom=0.9500 | T=5.2 k=3.2 (mu_rec=7 mu_bwd=4) | grad=1.391 | tok/s=27,264 | tokens=0.11B
step=  3260 | loss=5.7104 | lr=3.00e-04 | wd=0.0915 | mom=0.9500 | T=7.8 k=4.0 (mu_rec=7 mu_bwd=4) | grad=2.328 | tok/s=24,171 | tokens=0.11B
step=  3270 | loss=5.6386 | lr=3.00e-04 | wd=0.0914 | mom=0.9500 | T=5.8 k=4.0 (mu_rec=7 mu_bwd=4) | grad=1.594 | tok/s=28,011 | tokens=0.11B
step=  3280 | loss=5.4975 | lr=3.00e-04 | wd=0.0914 | mom=0.9500 | T=5.5 k=3.8 (mu_rec=7 mu_bwd=4) | grad=1.555 | tok/s=24,572 | tokens=0.11B
step=  3290 | loss=5.7559 | lr=3.00e-04 | wd=0.0914 | mom=0.9500 | T=8.8 k=4.0 (mu_rec=7 mu_bwd=4) | grad=1.312 | tok/s=25,151 | tokens=0.11B
step=  3300 | loss=5.7034 | lr=3.00e-04 | wd=0.0914 | mom=0.9500 | T=5.5 k=3.8 (mu_rec=7 mu_bwd=4) | grad=2.422 | tok/s=26,644 | tokens=0.11B
step=  3310 | loss=5.6255 | lr=3.00e-04 | wd=0.0913 | mom=0.9500 | T=5.2 k=2.5 (mu_rec=7 mu_bwd=4) | grad=1.195 | tok/s=25,996 | tokens=0.11B
step=  3320 | loss=5.6415 | lr=3.00e-04 | wd=0.0913 | mom=0.9500 | T=8.0 k=3.8 (mu_rec=7 mu_bwd=4) | grad=1.211 | tok/s=25,885 | tokens=0.11B
step=  3330 | loss=5.6704 | lr=3.00e-04 | wd=0.0913 | mom=0.9500 | T=7.0 k=4.0 (mu_rec=7 mu_bwd=4) | grad=1.242 | tok/s=25,710 | tokens=0.11B
step=  3340 | loss=5.6723 | lr=3.00e-04 | wd=0.0912 | mom=0.9500 | T=11.8 k=3.5 (mu_rec=7 mu_bwd=4) | grad=2.312 | tok/s=26,319 | tokens=0.11B
step=  3350 | loss=5.7491 | lr=3.00e-04 | wd=0.0912 | mom=0.9500 | T=11.0 k=3.5 (mu_rec=7 mu_bwd=4) | grad=1.664 | tok/s=23,743 | tokens=0.11B
step=  3360 | loss=6.1609 | lr=3.00e-04 | wd=0.0912 | mom=0.9500 | T=7.0 k=3.2 (mu_rec=7 mu_bwd=4) | grad=2.000 | tok/s=26,555 | tokens=0.11B
step=  3370 | loss=5.5485 | lr=3.00e-04 | wd=0.0912 | mom=0.9500 | T=10.0 k=4.0 (mu_rec=7 mu_bwd=4) | grad=3.516 | tok/s=8,751 | tokens=0.11B
step=  3380 | loss=5.6762 | lr=3.00e-04 | wd=0.0911 | mom=0.9500 | T=9.0 k=4.0 (mu_rec=7 mu_bwd=4) | grad=1.562 | tok/s=25,458 | tokens=0.11B
step=  3390 | loss=5.5832 | lr=3.00e-04 | wd=0.0911 | mom=0.9500 | T=6.8 k=3.8 (mu_rec=7 mu_bwd=4) | grad=1.758 | tok/s=8,928 | tokens=0.11B
step=  3400 | loss=5.7145 | lr=3.00e-04 | wd=0.0911 | mom=0.9500 | T=6.8 k=3.5 (mu_rec=7 mu_bwd=4) | grad=2.406 | tok/s=26,215 | tokens=0.11B
step=  3410 | loss=5.5696 | lr=3.00e-04 | wd=0.0911 | mom=0.9500 | T=5.8 k=3.2 (mu_rec=7 mu_bwd=4) | grad=1.641 | tok/s=25,793 | tokens=0.11B
step=  3420 | loss=5.4524 | lr=3.00e-04 | wd=0.0910 | mom=0.9500 | T=7.2 k=3.5 (mu_rec=7 mu_bwd=4) | grad=2.703 | tok/s=26,024 | tokens=0.11B
step=  3430 | loss=5.4118 | lr=3.00e-04 | wd=0.0910 | mom=0.9500 | T=8.2 k=4.0 (mu_rec=7 mu_bwd=4) | grad=1.328 | tok/s=26,104 | tokens=0.11B
step=  3440 | loss=5.7784 | lr=3.00e-04 | wd=0.0910 | mom=0.9500 | T=6.0 k=3.0 (mu_rec=7 mu_bwd=4) | grad=2.016 | tok/s=25,549 | tokens=0.11B
step=  3450 | loss=5.7184 | lr=3.00e-04 | wd=0.0910 | mom=0.9500 | T=5.8 k=4.0 (mu_rec=7 mu_bwd=4) | grad=1.750 | tok/s=26,124 | tokens=0.11B
step=  3460 | loss=5.7793 | lr=3.00e-04 | wd=0.0909 | mom=0.9500 | T=6.8 k=3.2 (mu_rec=7 mu_bwd=4) | grad=1.867 | tok/s=25,790 | tokens=0.11B
step=  3470 | loss=5.7982 | lr=3.00e-04 | wd=0.0909 | mom=0.9500 | T=8.2 k=4.0 (mu_rec=7 mu_bwd=4) | grad=2.359 | tok/s=24,309 | tokens=0.11B
step=  3480 | loss=5.7836 | lr=3.00e-04 | wd=0.0909 | mom=0.9500 | T=6.0 k=3.5 (mu_rec=7 mu_bwd=4) | grad=1.531 | tok/s=24,859 | tokens=0.11B