---------------------------------------
Begin Slurm Prolog: Jun-06-2026 11:39:31
Job ID:    9501845
User ID:   hjiang420
Account:   gts-aivanova7-lab
Job name:  job5b_parcae_resume.sh
Partition: gpu-a100
QOS:       inferno
---------------------------------------

CondaError: Run 'conda init' before 'conda deactivate'

Resuming from: runs/parcae-5b/checkpoint_0040000
Tokens so far: 1310728192 | Training until: 2560728192
Warning: You are sending unauthenticated requests to the HF Hub. Please set a HF_TOKEN to enable higher rate limits and faster downloads.
Loading EleutherAI/pythia-160m ...
Params: 162,915,840 total, 162,915,840 trainable
Layer split: Pre=3, Loop=6, Coda=3
mu_rec=8, mu_bwd=4 (= ceil(8/2))
Effective batch: 32768 tokens = 16 seqs x 2048 tok
Grad accum: 4 | World size: 1
Max steps: 78,147 | Warmup: 781 | Cooldown: 7814
Curriculum: mu_rec ramps 1->8 over 3800 steps
Resumed from step 40000, 1,310,728,192 tokens
wandb: [wandb.login()] Loaded credentials for https://api.wandb.ai from /storage/home/hcoda1/3/hjiang420/.netrc.
wandb: Currently logged in as: henryyjiang42 (henryyjiang42-georgia-institute-of-technology) to https://api.wandb.ai. Use `wandb login --relogin` to force relogin
wandb: setting up run niohhdqn
`trust_remote_code` is not supported anymore.
Please check that the Hugging Face dataset 'EleutherAI/the_pile_deduplicated' isn't based on a loading script and remove `trust_remote_code`.
If the dataset is based on a loading script, please ask the dataset author to remove it and convert it to a standard format like Parquet.
`trust_remote_code` is not supported anymore.
Please check that the Hugging Face dataset 'EleutherAI/the_pile_deduplicated' isn't based on a loading script and remove `trust_remote_code`.
If the dataset is based on a loading script, please ask the dataset author to remove it and convert it to a standard format like Parquet.
WandB init failed (Run initialization has timed out after 120.0 sec. Please try increasing the timeout with the `init_timeout` setting: `wandb.init(settings=wandb.Settings(init_timeout=120))`.), falling back to offline mode.
Traceback (most recent call last):
  File "/storage/home/hcoda1/3/hjiang420/cortex/train.py", line 627, in train
    wandb.init(
  File "/storage/home/hcoda1/3/hjiang420/.conda/envs/cortex/lib/python3.11/site-packages/wandb/sdk/wandb_init.py", line 1613, in init
    get_sentry().reraise(e)
  File "/storage/home/hcoda1/3/hjiang420/.conda/envs/cortex/lib/python3.11/site-packages/wandb/analytics/sentry.py", line 191, in reraise
    raise exc.with_traceback(tb)
  File "/storage/home/hcoda1/3/hjiang420/.conda/envs/cortex/lib/python3.11/site-packages/wandb/sdk/wandb_init.py", line 1596, in init
    run = wi.init(run_settings, run_config, run_printer)
          ^^^^^^^^^^^^^^^^^^^^^^^^^^^^^^^^^^^^^^^^^^^^^^
  File "/storage/home/hcoda1/3/hjiang420/.conda/envs/cortex/lib/python3.11/site-packages/wandb/sdk/wandb_init.py", line 1037, in init
    raise CommError(
wandb.errors.errors.CommError: Run initialization has timed out after 120.0 sec. Please try increasing the timeout with the `init_timeout` setting: `wandb.init(settings=wandb.Settings(init_timeout=120))`.

During handling of the above exception, another exception occurred:

Traceback (most recent call last):
  File "/storage/home/hcoda1/3/hjiang420/cortex/train.py", line 861, in <module>
    train(args)
  File "/storage/home/hcoda1/3/hjiang420/cortex/train.py", line 639, in train
    wandb.init(
  File "/storage/home/hcoda1/3/hjiang420/.conda/envs/cortex/lib/python3.11/site-packages/wandb/sdk/wandb_init.py", line 1613, in init
    get_sentry().reraise(e)
  File "/storage/home/hcoda1/3/hjiang420/.conda/envs/cortex/lib/python3.11/site-packages/wandb/analytics/sentry.py", line 191, in reraise
    raise exc.with_traceback(tb)
  File "/storage/home/hcoda1/3/hjiang420/.conda/envs/cortex/lib/python3.11/site-packages/wandb/sdk/wandb_init.py", line 1596, in init
    run = wi.init(run_settings, run_config, run_printer)
          ^^^^^^^^^^^^^^^^^^^^^^^^^^^^^^^^^^^^^^^^^^^^^^
  File "/storage/home/hcoda1/3/hjiang420/.conda/envs/cortex/lib/python3.11/site-packages/wandb/sdk/wandb_init.py", line 915, in init
    interface = service.inform_init(
                ^^^^^^^^^^^^^^^^^^^^
  File "/storage/home/hcoda1/3/hjiang420/.conda/envs/cortex/lib/python3.11/site-packages/wandb/sdk/lib/service/service_connection.py", line 285, in inform_init
    self._asyncer.run(init_and_wait_for_response)
  File "/storage/home/hcoda1/3/hjiang420/.conda/envs/cortex/lib/python3.11/site-packages/wandb/sdk/lib/asyncio_manager.py", line 137, in run
    return future.result()
           ^^^^^^^^^^^^^^^
  File "/storage/home/hcoda1/3/hjiang420/.conda/envs/cortex/lib/python3.11/concurrent/futures/_base.py", line 456, in result
    return self.__get_result()
           ^^^^^^^^^^^^^^^^^^^
  File "/storage/home/hcoda1/3/hjiang420/.conda/envs/cortex/lib/python3.11/concurrent/futures/_base.py", line 401, in __get_result
    raise self._exception
  File "/storage/home/hcoda1/3/hjiang420/.conda/envs/cortex/lib/python3.11/site-packages/wandb/sdk/lib/asyncio_manager.py", line 223, in _wrap
    return await fn()
           ^^^^^^^^^^
  File "/storage/home/hcoda1/3/hjiang420/.conda/envs/cortex/lib/python3.11/site-packages/wandb/sdk/lib/service/service_connection.py", line 283, in init_and_wait_for_response
    await handle.wait_async(timeout=None)
  File "/storage/home/hcoda1/3/hjiang420/.conda/envs/cortex/lib/python3.11/site-packages/wandb/sdk/mailbox/response_handle.py", line 119, in wait_async
    if response := self._response_or_error():
                   ^^^^^^^^^^^^^^^^^^^^^^^^^
  File "/storage/home/hcoda1/3/hjiang420/.conda/envs/cortex/lib/python3.11/site-packages/wandb/sdk/mailbox/response_handle.py", line 131, in _response_or_error
    raise ServerResponseError(self._response.error_response.message)
wandb.sdk.mailbox.mailbox_handle.ServerResponseError: run ID niohhdqn is in use
[2026-06-06T11:45:52.166] error: *** JOB 9501845 ON atl1-1-01-006-7-0 CANCELLED AT 2026-06-06T11:45:52 DUE to SIGNAL Terminated ***
---------------------------------------
Begin Slurm Epilog: Jun-06-2026 11:45:54
Job ID:        9501845
User ID:       hjiang420
Account:       gts-aivanova7-lab
Job name:      job5b_parcae_resume.sh
Resources:     cpu=8,gres/gpu:a100=1,mem=64G,node=1
Rsrc Used:     cput=00:50:48,vmem=0,walltime=00:06:21,mem=5294780K,energy_used=0
Partition:     gpu-a100
QOS:           inferno
Nodes:         atl1-1-01-006-7-0
---------------------------------------
