---------------------------------------
Begin Slurm Prolog: Jun-06-2026 10:18:46
Job ID:    9498681
User ID:   hjiang420
Account:   gts-aivanova7-lab
Job name:  job5b2.sh
Partition: gpu-a100
QOS:       inferno
---------------------------------------
Warning: You are sending unauthenticated requests to the HF Hub. Please set a HF_TOKEN to enable higher rate limits and faster downloads.
Loading EleutherAI/pythia-160m ...
Params: 171,773,954 total, 171,773,954 trainable
Layer split: Pre=3, Loop=6, Coda=3
mu_rec=8, mu_bwd=4 (= ceil(8/2))
Effective batch: 32768 tokens = 16 seqs x 2048 tok
Grad accum: 4 | World size: 1
Max steps: 38,146 | Warmup: 381 | Cooldown: 3814
Curriculum: mu_rec ramps 1->8 over 3800 steps
`trust_remote_code` is not supported anymore.
Please check that the Hugging Face dataset 'EleutherAI/the_pile_deduplicated' isn't based on a loading script and remove `trust_remote_code`.
If the dataset is based on a loading script, please ask the dataset author to remove it and convert it to a standard format like Parquet.
`trust_remote_code` is not supported anymore.
Please check that the Hugging Face dataset 'EleutherAI/the_pile_deduplicated' isn't based on a loading script and remove `trust_remote_code`.
If the dataset is based on a loading script, please ask the dataset author to remove it and convert it to a standard format like Parquet.
wandb: [wandb.login()] Loaded credentials for https://api.wandb.ai from /storage/home/hcoda1/3/hjiang420/.netrc.
wandb: Currently logged in as: henryyjiang42 (henryyjiang42-georgia-institute-of-technology) to https://api.wandb.ai. Use `wandb login --relogin` to force relogin
wandb: Tracking run with wandb version 0.27.0
wandb: Run data is saved locally in runs/cortex-5b-k4/wandb/run-20260606_102002-utondygk
wandb: Run `wandb offline` to turn off syncing.
wandb: Syncing run cortex-5b-k4
wandb: ⭐️ View project at https://wandb.ai/henryyjiang42-georgia-institute-of-technology/cortex-gpt
wandb: 🚀 View run at https://wandb.ai/henryyjiang42-georgia-institute-of-technology/cortex-gpt/runs/utondygk
step=    10 | loss=10.9873 | lr=7.09e-06 | wd=0.1000 | mom=0.8530 | T=1.5 k=1.0 (mu_rec=1 mu_bwd=1) | grad=3.781 | tok/s=8,604 | tokens=0.00B
step=    20 | loss=10.9514 | lr=1.50e-05 | wd=0.1000 | mom=0.8563 | T=1.5 k=1.0 (mu_rec=1 mu_bwd=1) | grad=3.516 | tok/s=61,456 | tokens=0.00B
step=    30 | loss=10.8827 | lr=2.28e-05 | wd=0.0999 | mom=0.8597 | T=2.0 k=1.0 (mu_rec=1 mu_bwd=1) | grad=3.281 | tok/s=61,487 | tokens=0.00B
step=    40 | loss=10.7787 | lr=3.07e-05 | wd=0.0999 | mom=0.8630 | T=1.2 k=1.0 (mu_rec=1 mu_bwd=1) | grad=3.250 | tok/s=63,620 | tokens=0.00B
step=    50 | loss=10.6135 | lr=3.86e-05 | wd=0.0999 | mom=0.8663 | T=1.8 k=1.0 (mu_rec=1 mu_bwd=1) | grad=2.953 | tok/s=61,410 | tokens=0.00B
step=    60 | loss=10.3835 | lr=4.65e-05 | wd=0.0998 | mom=0.8697 | T=1.2 k=1.0 (mu_rec=1 mu_bwd=1) | grad=3.781 | tok/s=61,192 | tokens=0.00B
step=    70 | loss=10.0509 | lr=5.43e-05 | wd=0.0998 | mom=0.8730 | T=1.0 k=1.0 (mu_rec=1 mu_bwd=1) | grad=3.344 | tok/s=60,841 | tokens=0.00B
step=    80 | loss=9.8279 | lr=6.22e-05 | wd=0.0998 | mom=0.8763 | T=1.0 k=1.0 (mu_rec=1 mu_bwd=1) | grad=3.125 | tok/s=58,139 | tokens=0.00B
step=    90 | loss=9.5036 | lr=7.01e-05 | wd=0.0998 | mom=0.8797 | T=1.5 k=1.0 (mu_rec=1 mu_bwd=1) | grad=2.625 | tok/s=60,790 | tokens=0.00B
step=   100 | loss=9.1771 | lr=7.80e-05 | wd=0.0997 | mom=0.8830 | T=1.2 k=1.0 (mu_rec=1 mu_bwd=1) | grad=2.516 | tok/s=59,867 | tokens=0.00B
step=   110 | loss=8.7199 | lr=8.58e-05 | wd=0.0997 | mom=0.8863 | T=1.2 k=1.0 (mu_rec=1 mu_bwd=1) | grad=1.977 | tok/s=60,338 | tokens=0.00B
step=   120 | loss=8.5018 | lr=9.37e-05 | wd=0.0997 | mom=0.8897 | T=1.8 k=1.0 (mu_rec=1 mu_bwd=1) | grad=2.422 | tok/s=60,106 | tokens=0.00B
step=   130 | loss=8.3156 | lr=1.02e-04 | wd=0.0997 | mom=0.8930 | T=2.0 k=1.0 (mu_rec=1 mu_bwd=1) | grad=1.578 | tok/s=60,372 | tokens=0.00B
step=   140 | loss=8.2189 | lr=1.09e-04 | wd=0.0996 | mom=0.8963 | T=1.5 k=1.0 (mu_rec=1 mu_bwd=1) | grad=2.281 | tok/s=61,894 | tokens=0.00B
step=   150 | loss=8.2938 | lr=1.17e-04 | wd=0.0996 | mom=0.8997 | T=2.0 k=1.0 (mu_rec=1 mu_bwd=1) | grad=1.508 | tok/s=58,332 | tokens=0.00B
step=   160 | loss=7.8472 | lr=1.25e-04 | wd=0.0996 | mom=0.9030 | T=1.5 k=1.0 (mu_rec=1 mu_bwd=1) | grad=1.062 | tok/s=61,456 | tokens=0.01B
step=   170 | loss=7.7528 | lr=1.33e-04 | wd=0.0996 | mom=0.9063 | T=1.5 k=1.0 (mu_rec=1 mu_bwd=1) | grad=2.453 | tok/s=60,022 | tokens=0.01B
step=   180 | loss=7.6895 | lr=1.41e-04 | wd=0.0995 | mom=0.9097 | T=1.2 k=1.0 (mu_rec=1 mu_bwd=1) | grad=0.969 | tok/s=58,568 | tokens=0.01B
step=   190 | loss=7.6253 | lr=1.49e-04 | wd=0.0995 | mom=0.9130 | T=1.0 k=1.0 (mu_rec=1 mu_bwd=1) | grad=1.359 | tok/s=61,388 | tokens=0.01B
step=   200 | loss=7.4668 | lr=1.57e-04 | wd=0.0995 | mom=0.9163 | T=1.2 k=1.0 (mu_rec=1 mu_bwd=1) | grad=0.996 | tok/s=61,879 | tokens=0.01B
step=   210 | loss=7.4727 | lr=1.65e-04 | wd=0.0995 | mom=0.9197 | T=1.0 k=1.0 (mu_rec=1 mu_bwd=1) | grad=2.797 | tok/s=61,878 | tokens=0.01B
step=   220 | loss=7.3939 | lr=1.72e-04 | wd=0.0994 | mom=0.9230 | T=1.8 k=1.0 (mu_rec=1 mu_bwd=1) | grad=1.039 | tok/s=61,657 | tokens=0.01B
step=   230 | loss=7.3540 | lr=1.80e-04 | wd=0.0994 | mom=0.9263 | T=1.8 k=1.0 (mu_rec=1 mu_bwd=1) | grad=1.664 | tok/s=59,911 | tokens=0.01B
step=   240 | loss=7.3072 | lr=1.88e-04 | wd=0.0994 | mom=0.9297 | T=2.0 k=1.0 (mu_rec=1 mu_bwd=1) | grad=0.750 | tok/s=62,011 | tokens=0.01B
step=   250 | loss=7.1387 | lr=1.96e-04 | wd=0.0993 | mom=0.9330 | T=1.5 k=1.0 (mu_rec=1 mu_bwd=1) | grad=1.992 | tok/s=57,973 | tokens=0.01B
step=   260 | loss=6.9279 | lr=2.04e-04 | wd=0.0993 | mom=0.9363 | T=1.8 k=1.0 (mu_rec=1 mu_bwd=1) | grad=1.258 | tok/s=59,409 | tokens=0.01B
step=   270 | loss=7.0919 | lr=2.12e-04 | wd=0.0993 | mom=0.9397 | T=1.8 k=1.0 (mu_rec=1 mu_bwd=1) | grad=1.578 | tok/s=59,191 | tokens=0.01B
step=   280 | loss=7.0603 | lr=2.20e-04 | wd=0.0993 | mom=0.9430 | T=1.2 k=1.0 (mu_rec=2 mu_bwd=1) | grad=1.148 | tok/s=55,234 | tokens=0.01B
step=   290 | loss=7.0772 | lr=2.28e-04 | wd=0.0992 | mom=0.9463 | T=2.2 k=1.0 (mu_rec=2 mu_bwd=1) | grad=2.156 | tok/s=53,909 | tokens=0.01B
step=   300 | loss=6.9966 | lr=2.35e-04 | wd=0.0992 | mom=0.9497 | T=1.2 k=1.0 (mu_rec=2 mu_bwd=1) | grad=2.188 | tok/s=55,722 | tokens=0.01B
step=   310 | loss=6.8003 | lr=2.43e-04 | wd=0.0992 | mom=0.9500 | T=1.5 k=1.0 (mu_rec=2 mu_bwd=1) | grad=1.125 | tok/s=52,147 | tokens=0.01B
step=   320 | loss=6.2229 | lr=2.51e-04 | wd=0.0992 | mom=0.9500 | T=1.5 k=1.0 (mu_rec=2 mu_bwd=1) | grad=1.383 | tok/s=57,550 | tokens=0.01B
step=   330 | loss=6.6976 | lr=2.59e-04 | wd=0.0991 | mom=0.9500 | T=2.5 k=1.0 (mu_rec=2 mu_bwd=1) | grad=1.609 | tok/s=56,482 | tokens=0.01B
step=   340 | loss=6.6782 | lr=2.67e-04 | wd=0.0991 | mom=0.9500 | T=1.2 k=1.0 (mu_rec=2 mu_bwd=1) | grad=1.141 | tok/s=52,170 | tokens=0.01B
step=   350 | loss=6.7963 | lr=2.75e-04 | wd=0.0991 | mom=0.9500 | T=1.2 k=1.0 (mu_rec=2 mu_bwd=1) | grad=2.406 | tok/s=56,430 | tokens=0.01B
step=   360 | loss=6.7756 | lr=2.83e-04 | wd=0.0991 | mom=0.9500 | T=1.5 k=1.0 (mu_rec=2 mu_bwd=1) | grad=0.863 | tok/s=53,503 | tokens=0.01B
step=   370 | loss=6.8658 | lr=2.91e-04 | wd=0.0990 | mom=0.9500 | T=2.2 k=1.0 (mu_rec=2 mu_bwd=1) | grad=1.328 | tok/s=53,004 | tokens=0.01B
step=   380 | loss=6.7942 | lr=2.98e-04 | wd=0.0990 | mom=0.9500 | T=1.2 k=1.0 (mu_rec=2 mu_bwd=1) | grad=1.570 | tok/s=53,607 | tokens=0.01B
step=   390 | loss=7.0469 | lr=3.00e-04 | wd=0.0990 | mom=0.9500 | T=3.5 k=1.0 (mu_rec=2 mu_bwd=1) | grad=1.602 | tok/s=52,212 | tokens=0.01B
step=   400 | loss=6.5927 | lr=3.00e-04 | wd=0.0990 | mom=0.9500 | T=1.2 k=1.0 (mu_rec=2 mu_bwd=1) | grad=1.281 | tok/s=55,353 | tokens=0.01B
step=   410 | loss=6.6950 | lr=3.00e-04 | wd=0.0989 | mom=0.9500 | T=1.8 k=1.0 (mu_rec=2 mu_bwd=1) | grad=1.352 | tok/s=52,847 | tokens=0.01B
step=   420 | loss=6.5552 | lr=3.00e-04 | wd=0.0989 | mom=0.9500 | T=1.5 k=1.0 (mu_rec=2 mu_bwd=1) | grad=2.719 | tok/s=55,252 | tokens=0.01B
step=   430 | loss=6.5534 | lr=3.00e-04 | wd=0.0989 | mom=0.9500 | T=2.2 k=1.0 (mu_rec=2 mu_bwd=1) | grad=2.469 | tok/s=55,775 | tokens=0.01B
step=   440 | loss=6.4912 | lr=3.00e-04 | wd=0.0988 | mom=0.9500 | T=1.2 k=1.0 (mu_rec=2 mu_bwd=1) | grad=1.508 | tok/s=53,203 | tokens=0.01B
step=   450 | loss=6.4874 | lr=3.00e-04 | wd=0.0988 | mom=0.9500 | T=1.2 k=1.0 (mu_rec=2 mu_bwd=1) | grad=1.211 | tok/s=53,450 | tokens=0.01B
step=   460 | loss=6.5104 | lr=3.00e-04 | wd=0.0988 | mom=0.9500 | T=2.2 k=1.0 (mu_rec=2 mu_bwd=1) | grad=0.840 | tok/s=55,532 | tokens=0.02B
step=   470 | loss=6.6237 | lr=3.00e-04 | wd=0.0988 | mom=0.9500 | T=1.5 k=1.0 (mu_rec=2 mu_bwd=1) | grad=2.906 | tok/s=50,724 | tokens=0.02B
step=   480 | loss=6.3460 | lr=3.00e-04 | wd=0.0987 | mom=0.9500 | T=3.0 k=1.0 (mu_rec=2 mu_bwd=1) | grad=0.965 | tok/s=53,155 | tokens=0.02B
step=   490 | loss=6.5374 | lr=3.00e-04 | wd=0.0987 | mom=0.9500 | T=3.8 k=1.0 (mu_rec=2 mu_bwd=1) | grad=0.961 | tok/s=54,290 | tokens=0.02B
step=   500 | loss=6.3863 | lr=3.00e-04 | wd=0.0987 | mom=0.9500 | T=2.2 k=1.0 (mu_rec=2 mu_bwd=1) | grad=1.406 | tok/s=53,867 | tokens=0.02B
step=   510 | loss=6.1830 | lr=3.00e-04 | wd=0.0987 | mom=0.9500 | T=1.5 k=1.0 (mu_rec=2 mu_bwd=1) | grad=1.070 | tok/s=54,818 | tokens=0.02B
step=   520 | loss=6.7882 | lr=3.00e-04 | wd=0.0986 | mom=0.9500 | T=1.5 k=1.0 (mu_rec=2 mu_bwd=1) | grad=1.312 | tok/s=52,778 | tokens=0.02B
step=   530 | loss=6.8396 | lr=3.00e-04 | wd=0.0986 | mom=0.9500 | T=1.5 k=1.0 (mu_rec=2 mu_bwd=1) | grad=0.992 | tok/s=57,305 | tokens=0.02B
step=   540 | loss=6.2501 | lr=3.00e-04 | wd=0.0986 | mom=0.9500 | T=2.2 k=1.0 (mu_rec=2 mu_bwd=1) | grad=1.055 | tok/s=53,726 | tokens=0.02B
step=   550 | loss=6.0595 | lr=3.00e-04 | wd=0.0986 | mom=0.9500 | T=2.0 k=1.0 (mu_rec=2 mu_bwd=1) | grad=0.891 | tok/s=53,451 | tokens=0.02B
step=   560 | loss=6.0944 | lr=3.00e-04 | wd=0.0985 | mom=0.9500 | T=3.0 k=1.0 (mu_rec=2 mu_bwd=1) | grad=1.430 | tok/s=52,864 | tokens=0.02B
step=   570 | loss=6.2892 | lr=3.00e-04 | wd=0.0985 | mom=0.9500 | T=1.8 k=1.0 (mu_rec=2 mu_bwd=1) | grad=1.156 | tok/s=54,674 | tokens=0.02B
step=   580 | loss=6.4148 | lr=3.00e-04 | wd=0.0985 | mom=0.9500 | T=2.8 k=1.0 (mu_rec=2 mu_bwd=1) | grad=1.094 | tok/s=53,554 | tokens=0.02B
step=   590 | loss=6.6370 | lr=3.00e-04 | wd=0.0985 | mom=0.9500 | T=1.5 k=1.0 (mu_rec=2 mu_bwd=1) | grad=1.453 | tok/s=52,149 | tokens=0.02B
step=   600 | loss=6.3237 | lr=3.00e-04 | wd=0.0984 | mom=0.9500 | T=3.0 k=1.0 (mu_rec=2 mu_bwd=1) | grad=1.531 | tok/s=51,747 | tokens=0.02B
step=   610 | loss=6.4779 | lr=3.00e-04 | wd=0.0984 | mom=0.9500 | T=2.5 k=1.0 (mu_rec=2 mu_bwd=1) | grad=1.750 | tok/s=53,755 | tokens=0.02B
step=   620 | loss=6.1684 | lr=3.00e-04 | wd=0.0984 | mom=0.9500 | T=2.0 k=1.0 (mu_rec=2 mu_bwd=1) | grad=1.570 | tok/s=52,523 | tokens=0.02B
step=   630 | loss=6.2615 | lr=3.00e-04 | wd=0.0984 | mom=0.9500 | T=2.2 k=1.0 (mu_rec=2 mu_bwd=1) | grad=1.305 | tok/s=55,031 | tokens=0.02B
step=   640 | loss=6.2931 | lr=3.00e-04 | wd=0.0983 | mom=0.9500 | T=2.0 k=1.0 (mu_rec=2 mu_bwd=1) | grad=4.562 | tok/s=53,861 | tokens=0.02B
step=   650 | loss=6.2109 | lr=3.00e-04 | wd=0.0983 | mom=0.9500 | T=5.5 k=1.0 (mu_rec=2 mu_bwd=1) | grad=1.500 | tok/s=54,411 | tokens=0.02B
step=   660 | loss=6.3560 | lr=3.00e-04 | wd=0.0983 | mom=0.9500 | T=1.2 k=1.0 (mu_rec=2 mu_bwd=1) | grad=1.391 | tok/s=54,210 | tokens=0.02B
step=   670 | loss=6.1841 | lr=3.00e-04 | wd=0.0982 | mom=0.9500 | T=1.5 k=1.0 (mu_rec=2 mu_bwd=1) | grad=1.383 | tok/s=56,115 | tokens=0.02B
step=   680 | loss=6.3822 | lr=3.00e-04 | wd=0.0982 | mom=0.9500 | T=3.0 k=1.0 (mu_rec=2 mu_bwd=1) | grad=1.523 | tok/s=53,920 | tokens=0.02B
step=   690 | loss=6.3524 | lr=3.00e-04 | wd=0.0982 | mom=0.9500 | T=1.2 k=1.0 (mu_rec=2 mu_bwd=1) | grad=1.438 | tok/s=57,788 | tokens=0.02B
step=   700 | loss=6.1151 | lr=3.00e-04 | wd=0.0982 | mom=0.9500 | T=2.5 k=1.0 (mu_rec=2 mu_bwd=1) | grad=0.922 | tok/s=55,961 | tokens=0.02B
step=   710 | loss=6.2662 | lr=3.00e-04 | wd=0.0981 | mom=0.9500 | T=4.0 k=1.0 (mu_rec=2 mu_bwd=1) | grad=1.688 | tok/s=52,748 | tokens=0.02B
step=   720 | loss=6.1716 | lr=3.00e-04 | wd=0.0981 | mom=0.9500 | T=1.8 k=1.0 (mu_rec=2 mu_bwd=1) | grad=1.281 | tok/s=55,006 | tokens=0.02B
step=   730 | loss=6.1969 | lr=3.00e-04 | wd=0.0981 | mom=0.9500 | T=3.0 k=1.0 (mu_rec=2 mu_bwd=1) | grad=0.812 | tok/s=50,053 | tokens=0.02B
step=   740 | loss=6.1272 | lr=3.00e-04 | wd=0.0981 | mom=0.9500 | T=1.5 k=1.0 (mu_rec=2 mu_bwd=1) | grad=1.211 | tok/s=53,907 | tokens=0.02B
step=   750 | loss=6.1321 | lr=3.00e-04 | wd=0.0980 | mom=0.9500 | T=1.0 k=1.0 (mu_rec=2 mu_bwd=1) | grad=1.547 | tok/s=54,034 | tokens=0.02B
step=   760 | loss=6.0931 | lr=3.00e-04 | wd=0.0980 | mom=0.9500 | T=3.5 k=1.0 (mu_rec=2 mu_bwd=1) | grad=0.730 | tok/s=52,910 | tokens=0.02B
step=   770 | loss=6.1717 | lr=3.00e-04 | wd=0.0980 | mom=0.9500 | T=4.5 k=1.0 (mu_rec=2 mu_bwd=1) | grad=0.844 | tok/s=50,904 | tokens=0.03B
step=   780 | loss=6.2389 | lr=3.00e-04 | wd=0.0980 | mom=0.9500 | T=2.5 k=1.0 (mu_rec=2 mu_bwd=1) | grad=2.609 | tok/s=54,830 | tokens=0.03B
step=   790 | loss=5.9545 | lr=3.00e-04 | wd=0.0979 | mom=0.9500 | T=1.8 k=1.0 (mu_rec=2 mu_bwd=1) | grad=1.094 | tok/s=52,799 | tokens=0.03B
step=   800 | loss=6.3775 | lr=3.00e-04 | wd=0.0979 | mom=0.9500 | T=2.8 k=1.0 (mu_rec=2 mu_bwd=1) | grad=1.539 | tok/s=53,211 | tokens=0.03B
step=   810 | loss=6.1539 | lr=3.00e-04 | wd=0.0979 | mom=0.9500 | T=1.0 k=1.0 (mu_rec=2 mu_bwd=1) | grad=2.422 | tok/s=58,682 | tokens=0.03B
step=   820 | loss=6.2480 | lr=3.00e-04 | wd=0.0979 | mom=0.9500 | T=3.0 k=1.8 (mu_rec=3 mu_bwd=2) | grad=1.305 | tok/s=8,348 | tokens=0.03B
step=   830 | loss=6.0811 | lr=3.00e-04 | wd=0.0978 | mom=0.9500 | T=3.0 k=1.2 (mu_rec=3 mu_bwd=2) | grad=1.508 | tok/s=40,833 | tokens=0.03B
step=   840 | loss=6.1998 | lr=3.00e-04 | wd=0.0978 | mom=0.9500 | T=1.5 k=1.5 (mu_rec=3 mu_bwd=2) | grad=2.484 | tok/s=44,244 | tokens=0.03B
step=   850 | loss=6.0469 | lr=3.00e-04 | wd=0.0978 | mom=0.9500 | T=4.2 k=2.0 (mu_rec=3 mu_bwd=2) | grad=1.180 | tok/s=41,551 | tokens=0.03B
step=   860 | loss=6.0263 | lr=3.00e-04 | wd=0.0977 | mom=0.9500 | T=2.5 k=1.5 (mu_rec=3 mu_bwd=2) | grad=1.148 | tok/s=43,546 | tokens=0.03B
step=   870 | loss=6.0819 | lr=3.00e-04 | wd=0.0977 | mom=0.9500 | T=3.2 k=1.8 (mu_rec=3 mu_bwd=2) | grad=1.391 | tok/s=40,076 | tokens=0.03B
step=   880 | loss=6.2276 | lr=3.00e-04 | wd=0.0977 | mom=0.9500 | T=2.5 k=1.5 (mu_rec=3 mu_bwd=2) | grad=1.156 | tok/s=39,968 | tokens=0.03B
step=   890 | loss=6.0658 | lr=3.00e-04 | wd=0.0977 | mom=0.9500 | T=3.2 k=1.5 (mu_rec=3 mu_bwd=2) | grad=0.949 | tok/s=41,411 | tokens=0.03B
step=   900 | loss=6.0172 | lr=3.00e-04 | wd=0.0976 | mom=0.9500 | T=3.2 k=2.0 (mu_rec=3 mu_bwd=2) | grad=1.211 | tok/s=40,690 | tokens=0.03B
step=   910 | loss=5.9426 | lr=3.00e-04 | wd=0.0976 | mom=0.9500 | T=3.2 k=2.0 (mu_rec=3 mu_bwd=2) | grad=1.055 | tok/s=8,355 | tokens=0.03B
step=   920 | loss=5.9953 | lr=3.00e-04 | wd=0.0976 | mom=0.9500 | T=4.5 k=2.0 (mu_rec=3 mu_bwd=2) | grad=1.359 | tok/s=43,106 | tokens=0.03B
step=   930 | loss=6.1090 | lr=3.00e-04 | wd=0.0976 | mom=0.9500 | T=2.8 k=1.5 (mu_rec=3 mu_bwd=2) | grad=1.633 | tok/s=42,739 | tokens=0.03B
step=   940 | loss=6.1594 | lr=3.00e-04 | wd=0.0975 | mom=0.9500 | T=2.5 k=2.0 (mu_rec=3 mu_bwd=2) | grad=0.938 | tok/s=40,753 | tokens=0.03B
step=   950 | loss=6.0926 | lr=3.00e-04 | wd=0.0975 | mom=0.9500 | T=1.8 k=1.5 (mu_rec=3 mu_bwd=2) | grad=1.781 | tok/s=41,750 | tokens=0.03B
step=   960 | loss=6.0268 | lr=3.00e-04 | wd=0.0975 | mom=0.9500 | T=3.8 k=1.8 (mu_rec=3 mu_bwd=2) | grad=0.914 | tok/s=40,244 | tokens=0.03B
step=   970 | loss=6.1035 | lr=3.00e-04 | wd=0.0975 | mom=0.9500 | T=1.5 k=1.2 (mu_rec=3 mu_bwd=2) | grad=2.031 | tok/s=43,224 | tokens=0.03B
step=   980 | loss=5.9660 | lr=3.00e-04 | wd=0.0974 | mom=0.9500 | T=1.8 k=1.8 (mu_rec=3 mu_bwd=2) | grad=3.984 | tok/s=43,026 | tokens=0.03B
step=   990 | loss=6.1004 | lr=3.00e-04 | wd=0.0974 | mom=0.9500 | T=2.2 k=1.8 (mu_rec=3 mu_bwd=2) | grad=1.891 | tok/s=41,324 | tokens=0.03B
step=  1000 | loss=6.0084 | lr=3.00e-04 | wd=0.0974 | mom=0.9500 | T=3.8 k=2.0 (mu_rec=3 mu_bwd=2) | grad=1.242 | tok/s=38,569 | tokens=0.03B
step=  1010 | loss=5.7812 | lr=3.00e-04 | wd=0.0974 | mom=0.9500 | T=1.5 k=1.5 (mu_rec=3 mu_bwd=2) | grad=1.188 | tok/s=40,256 | tokens=0.03B
step=  1020 | loss=5.8552 | lr=3.00e-04 | wd=0.0973 | mom=0.9500 | T=2.2 k=1.8 (mu_rec=3 mu_bwd=2) | grad=1.492 | tok/s=39,663 | tokens=0.03B
step=  1030 | loss=6.0251 | lr=3.00e-04 | wd=0.0973 | mom=0.9500 | T=2.8 k=2.0 (mu_rec=3 mu_bwd=2) | grad=3.688 | tok/s=42,709 | tokens=0.03B
step=  1040 | loss=6.0493 | lr=3.00e-04 | wd=0.0973 | mom=0.9500 | T=2.2 k=1.8 (mu_rec=3 mu_bwd=2) | grad=1.281 | tok/s=45,174 | tokens=0.03B
step=  1050 | loss=5.9819 | lr=3.00e-04 | wd=0.0973 | mom=0.9500 | T=4.0 k=1.8 (mu_rec=3 mu_bwd=2) | grad=1.289 | tok/s=42,044 | tokens=0.03B
step=  1060 | loss=6.1042 | lr=3.00e-04 | wd=0.0972 | mom=0.9500 | T=2.0 k=1.8 (mu_rec=3 mu_bwd=2) | grad=1.531 | tok/s=42,097 | tokens=0.03B
step=  1070 | loss=6.0033 | lr=3.00e-04 | wd=0.0972 | mom=0.9500 | T=2.8 k=2.0 (mu_rec=3 mu_bwd=2) | grad=1.461 | tok/s=39,603 | tokens=0.04B
step=  1080 | loss=6.1406 | lr=3.00e-04 | wd=0.0972 | mom=0.9500 | T=3.2 k=1.8 (mu_rec=3 mu_bwd=2) | grad=1.328 | tok/s=37,790 | tokens=0.04B
step=  1090 | loss=6.2326 | lr=3.00e-04 | wd=0.0971 | mom=0.9500 | T=3.0 k=1.5 (mu_rec=3 mu_bwd=2) | grad=1.734 | tok/s=41,333 | tokens=0.04B
step=  1100 | loss=6.0279 | lr=3.00e-04 | wd=0.0971 | mom=0.9500 | T=2.2 k=1.5 (mu_rec=3 mu_bwd=2) | grad=1.844 | tok/s=42,769 | tokens=0.04B
step=  1110 | loss=5.9987 | lr=3.00e-04 | wd=0.0971 | mom=0.9500 | T=3.2 k=1.2 (mu_rec=3 mu_bwd=2) | grad=3.484 | tok/s=46,171 | tokens=0.04B
step=  1120 | loss=6.0542 | lr=3.00e-04 | wd=0.0971 | mom=0.9500 | T=3.5 k=2.0 (mu_rec=3 mu_bwd=2) | grad=0.984 | tok/s=40,165 | tokens=0.04B
step=  1130 | loss=6.0519 | lr=3.00e-04 | wd=0.0970 | mom=0.9500 | T=2.5 k=1.8 (mu_rec=3 mu_bwd=2) | grad=1.047 | tok/s=40,675 | tokens=0.04B
step=  1140 | loss=5.9089 | lr=3.00e-04 | wd=0.0970 | mom=0.9500 | T=2.0 k=1.8 (mu_rec=3 mu_bwd=2) | grad=1.430 | tok/s=43,568 | tokens=0.04B
step=  1150 | loss=6.2136 | lr=3.00e-04 | wd=0.0970 | mom=0.9500 | T=2.0 k=1.5 (mu_rec=3 mu_bwd=2) | grad=10.750 | tok/s=41,848 | tokens=0.04B
step=  1160 | loss=6.2193 | lr=3.00e-04 | wd=0.0970 | mom=0.9500 | T=3.8 k=1.8 (mu_rec=3 mu_bwd=2) | grad=1.227 | tok/s=42,607 | tokens=0.04B
step=  1170 | loss=6.0035 | lr=3.00e-04 | wd=0.0969 | mom=0.9500 | T=2.8 k=1.5 (mu_rec=3 mu_bwd=2) | grad=1.727 | tok/s=40,978 | tokens=0.04B
step=  1180 | loss=5.6537 | lr=3.00e-04 | wd=0.0969 | mom=0.9500 | T=5.2 k=1.8 (mu_rec=3 mu_bwd=2) | grad=1.352 | tok/s=42,278 | tokens=0.04B
step=  1190 | loss=5.8309 | lr=3.00e-04 | wd=0.0969 | mom=0.9500 | T=4.0 k=1.5 (mu_rec=3 mu_bwd=2) | grad=1.172 | tok/s=41,643 | tokens=0.04B
step=  1200 | loss=6.0708 | lr=3.00e-04 | wd=0.0969 | mom=0.9500 | T=2.8 k=2.0 (mu_rec=3 mu_bwd=2) | grad=1.578 | tok/s=44,006 | tokens=0.04B
step=  1210 | loss=5.8557 | lr=3.00e-04 | wd=0.0968 | mom=0.9500 | T=4.2 k=2.0 (mu_rec=3 mu_bwd=2) | grad=1.148 | tok/s=39,828 | tokens=0.04B
step=  1220 | loss=6.1257 | lr=3.00e-04 | wd=0.0968 | mom=0.9500 | T=2.0 k=1.2 (mu_rec=3 mu_bwd=2) | grad=1.656 | tok/s=41,128 | tokens=0.04B
step=  1230 | loss=6.0014 | lr=3.00e-04 | wd=0.0968 | mom=0.9500 | T=2.5 k=1.8 (mu_rec=3 mu_bwd=2) | grad=1.078 | tok/s=41,618 | tokens=0.04B
step=  1240 | loss=5.9297 | lr=3.00e-04 | wd=0.0968 | mom=0.9500 | T=4.2 k=1.8 (mu_rec=3 mu_bwd=2) | grad=2.797 | tok/s=40,460 | tokens=0.04B
step=  1250 | loss=5.9643 | lr=3.00e-04 | wd=0.0967 | mom=0.9500 | T=3.2 k=1.8 (mu_rec=3 mu_bwd=2) | grad=1.781 | tok/s=40,756 | tokens=0.04B
step=  1260 | loss=5.9810 | lr=3.00e-04 | wd=0.0967 | mom=0.9500 | T=2.5 k=1.5 (mu_rec=3 mu_bwd=2) | grad=1.531 | tok/s=44,675 | tokens=0.04B
step=  1270 | loss=7.0783 | lr=3.00e-04 | wd=0.0967 | mom=0.9500 | T=3.0 k=1.5 (mu_rec=3 mu_bwd=2) | grad=1.977 | tok/s=41,353 | tokens=0.04B
step=  1280 | loss=6.6599 | lr=3.00e-04 | wd=0.0966 | mom=0.9500 | T=5.0 k=1.8 (mu_rec=3 mu_bwd=2) | grad=1.922 | tok/s=40,953 | tokens=0.04B
step=  1290 | loss=5.8103 | lr=3.00e-04 | wd=0.0966 | mom=0.9500 | T=2.5 k=1.8 (mu_rec=3 mu_bwd=2) | grad=1.570 | tok/s=43,184 | tokens=0.04B
step=  1300 | loss=6.1280 | lr=3.00e-04 | wd=0.0966 | mom=0.9500 | T=2.8 k=2.0 (mu_rec=3 mu_bwd=2) | grad=1.414 | tok/s=42,224 | tokens=0.04B
step=  1310 | loss=5.8924 | lr=3.00e-04 | wd=0.0966 | mom=0.9500 | T=2.2 k=1.5 (mu_rec=3 mu_bwd=2) | grad=1.633 | tok/s=42,668 | tokens=0.04B
step=  1320 | loss=5.9479 | lr=3.00e-04 | wd=0.0965 | mom=0.9500 | T=1.5 k=1.2 (mu_rec=3 mu_bwd=2) | grad=3.031 | tok/s=44,673 | tokens=0.04B
step=  1330 | loss=5.8371 | lr=3.00e-04 | wd=0.0965 | mom=0.9500 | T=2.0 k=1.5 (mu_rec=3 mu_bwd=2) | grad=5.000 | tok/s=40,996 | tokens=0.04B
step=  1340 | loss=5.8366 | lr=3.00e-04 | wd=0.0965 | mom=0.9500 | T=2.5 k=1.5 (mu_rec=3 mu_bwd=2) | grad=2.984 | tok/s=42,405 | tokens=0.04B
step=  1350 | loss=5.8652 | lr=3.00e-04 | wd=0.0965 | mom=0.9500 | T=3.2 k=2.0 (mu_rec=3 mu_bwd=2) | grad=1.008 | tok/s=42,253 | tokens=0.04B
step=  1360 | loss=6.0403 | lr=3.00e-04 | wd=0.0964 | mom=0.9500 | T=4.8 k=2.0 (mu_rec=4 mu_bwd=2) | grad=2.781 | tok/s=40,676 | tokens=0.04B
step=  1370 | loss=6.0098 | lr=3.00e-04 | wd=0.0964 | mom=0.9500 | T=6.0 k=2.0 (mu_rec=4 mu_bwd=2) | grad=1.031 | tok/s=35,481 | tokens=0.04B
step=  1380 | loss=6.0772 | lr=3.00e-04 | wd=0.0964 | mom=0.9500 | T=2.2 k=1.8 (mu_rec=4 mu_bwd=2) | grad=0.930 | tok/s=39,197 | tokens=0.05B
step=  1390 | loss=6.0264 | lr=3.00e-04 | wd=0.0964 | mom=0.9500 | T=3.2 k=1.8 (mu_rec=4 mu_bwd=2) | grad=1.266 | tok/s=38,845 | tokens=0.05B
step=  1400 | loss=5.9601 | lr=3.00e-04 | wd=0.0963 | mom=0.9500 | T=2.8 k=1.2 (mu_rec=4 mu_bwd=2) | grad=1.461 | tok/s=39,181 | tokens=0.05B
step=  1410 | loss=5.7587 | lr=3.00e-04 | wd=0.0963 | mom=0.9500 | T=3.0 k=2.0 (mu_rec=4 mu_bwd=2) | grad=4.719 | tok/s=37,189 | tokens=0.05B
step=  1420 | loss=5.8650 | lr=3.00e-04 | wd=0.0963 | mom=0.9500 | T=5.5 k=1.8 (mu_rec=4 mu_bwd=2) | grad=1.570 | tok/s=38,276 | tokens=0.05B
step=  1430 | loss=5.7295 | lr=3.00e-04 | wd=0.0963 | mom=0.9500 | T=2.2 k=1.5 (mu_rec=4 mu_bwd=2) | grad=4.969 | tok/s=35,821 | tokens=0.05B
step=  1440 | loss=5.4709 | lr=3.00e-04 | wd=0.0962 | mom=0.9500 | T=4.8 k=1.8 (mu_rec=4 mu_bwd=2) | grad=1.781 | tok/s=35,900 | tokens=0.05B
step=  1450 | loss=6.1384 | lr=3.00e-04 | wd=0.0962 | mom=0.9500 | T=5.5 k=2.0 (mu_rec=4 mu_bwd=2) | grad=2.797 | tok/s=37,486 | tokens=0.05B
step=  1460 | loss=5.9102 | lr=3.00e-04 | wd=0.0962 | mom=0.9500 | T=2.8 k=1.5 (mu_rec=4 mu_bwd=2) | grad=2.969 | tok/s=39,224 | tokens=0.05B
step=  1470 | loss=5.9510 | lr=3.00e-04 | wd=0.0961 | mom=0.9500 | T=5.0 k=2.0 (mu_rec=4 mu_bwd=2) | grad=3.672 | tok/s=36,786 | tokens=0.05B
step=  1480 | loss=5.8134 | lr=3.00e-04 | wd=0.0961 | mom=0.9500 | T=1.2 k=1.2 (mu_rec=4 mu_bwd=2) | grad=2.047 | tok/s=41,854 | tokens=0.05B
step=  1490 | loss=6.0895 | lr=3.00e-04 | wd=0.0961 | mom=0.9500 | T=3.5 k=2.0 (mu_rec=4 mu_bwd=2) | grad=1.469 | tok/s=38,447 | tokens=0.05B
step=  1500 | loss=5.8008 | lr=3.00e-04 | wd=0.0961 | mom=0.9500 | T=7.2 k=2.0 (mu_rec=4 mu_bwd=2) | grad=1.086 | tok/s=37,379 | tokens=0.05B
step=  1510 | loss=5.8851 | lr=3.00e-04 | wd=0.0960 | mom=0.9500 | T=2.8 k=1.8 (mu_rec=4 mu_bwd=2) | grad=1.664 | tok/s=39,545 | tokens=0.05B
step=  1520 | loss=6.6217 | lr=3.00e-04 | wd=0.0960 | mom=0.9500 | T=2.8 k=1.5 (mu_rec=4 mu_bwd=2) | grad=0.957 | tok/s=38,083 | tokens=0.05B
step=  1530 | loss=5.9000 | lr=3.00e-04 | wd=0.0960 | mom=0.9500 | T=5.8 k=2.0 (mu_rec=4 mu_bwd=2) | grad=1.516 | tok/s=38,940 | tokens=0.05B
step=  1540 | loss=5.4903 | lr=3.00e-04 | wd=0.0960 | mom=0.9500 | T=5.0 k=2.0 (mu_rec=4 mu_bwd=2) | grad=0.922 | tok/s=37,756 | tokens=0.05B
step=  1550 | loss=5.5003 | lr=3.00e-04 | wd=0.0959 | mom=0.9500 | T=5.5 k=2.0 (mu_rec=4 mu_bwd=2) | grad=1.180 | tok/s=35,814 | tokens=0.05B
step=  1560 | loss=5.8993 | lr=3.00e-04 | wd=0.0959 | mom=0.9500 | T=3.0 k=1.8 (mu_rec=4 mu_bwd=2) | grad=1.273 | tok/s=39,269 | tokens=0.05B
step=  1570 | loss=6.0019 | lr=3.00e-04 | wd=0.0959 | mom=0.9500 | T=2.8 k=1.8 (mu_rec=4 mu_bwd=2) | grad=1.133 | tok/s=37,276 | tokens=0.05B
step=  1580 | loss=5.8176 | lr=3.00e-04 | wd=0.0959 | mom=0.9500 | T=1.0 k=1.0 (mu_rec=4 mu_bwd=2) | grad=1.312 | tok/s=38,259 | tokens=0.05B
step=  1590 | loss=5.8023 | lr=3.00e-04 | wd=0.0958 | mom=0.9500 | T=4.0 k=1.8 (mu_rec=4 mu_bwd=2) | grad=1.148 | tok/s=35,665 | tokens=0.05B
step=  1600 | loss=5.8934 | lr=3.00e-04 | wd=0.0958 | mom=0.9500 | T=4.2 k=2.0 (mu_rec=4 mu_bwd=2) | grad=0.840 | tok/s=36,721 | tokens=0.05B
step=  1610 | loss=5.6730 | lr=3.00e-04 | wd=0.0958 | mom=0.9500 | T=4.0 k=2.0 (mu_rec=4 mu_bwd=2) | grad=1.039 | tok/s=38,211 | tokens=0.05B
step=  1620 | loss=5.8749 | lr=3.00e-04 | wd=0.0958 | mom=0.9500 | T=4.2 k=1.8 (mu_rec=4 mu_bwd=2) | grad=1.922 | tok/s=39,221 | tokens=0.05B
step=  1630 | loss=5.7429 | lr=3.00e-04 | wd=0.0957 | mom=0.9500 | T=4.2 k=1.8 (mu_rec=4 mu_bwd=2) | grad=1.180 | tok/s=39,779 | tokens=0.05B
step=  1640 | loss=5.7367 | lr=3.00e-04 | wd=0.0957 | mom=0.9500 | T=2.5 k=1.8 (mu_rec=4 mu_bwd=2) | grad=1.305 | tok/s=39,276 | tokens=0.05B
step=  1650 | loss=6.0734 | lr=3.00e-04 | wd=0.0957 | mom=0.9500 | T=4.0 k=2.0 (mu_rec=4 mu_bwd=2) | grad=8.875 | tok/s=37,262 | tokens=0.05B
step=  1660 | loss=5.6068 | lr=3.00e-04 | wd=0.0957 | mom=0.9500 | T=4.0 k=2.0 (mu_rec=4 mu_bwd=2) | grad=1.070 | tok/s=37,957 | tokens=0.05B
step=  1670 | loss=5.9705 | lr=3.00e-04 | wd=0.0956 | mom=0.9500 | T=3.0 k=1.8 (mu_rec=4 mu_bwd=2) | grad=1.250 | tok/s=39,769 | tokens=0.05B
step=  1680 | loss=5.9414 | lr=3.00e-04 | wd=0.0956 | mom=0.9500 | T=3.5 k=2.0 (mu_rec=4 mu_bwd=2) | grad=1.828 | tok/s=35,993 | tokens=0.06B
step=  1690 | loss=5.8228 | lr=3.00e-04 | wd=0.0956 | mom=0.9500 | T=2.2 k=1.5 (mu_rec=4 mu_bwd=2) | grad=1.688 | tok/s=37,239 | tokens=0.06B
step=  1700 | loss=5.8407 | lr=3.00e-04 | wd=0.0955 | mom=0.9500 | T=3.0 k=1.8 (mu_rec=4 mu_bwd=2) | grad=1.945 | tok/s=8,259 | tokens=0.06B
step=  1710 | loss=5.8517 | lr=3.00e-04 | wd=0.0955 | mom=0.9500 | T=4.2 k=2.0 (mu_rec=4 mu_bwd=2) | grad=1.062 | tok/s=38,365 | tokens=0.06B
step=  1720 | loss=5.7479 | lr=3.00e-04 | wd=0.0955 | mom=0.9500 | T=5.0 k=2.0 (mu_rec=4 mu_bwd=2) | grad=1.141 | tok/s=36,979 | tokens=0.06B
step=  1730 | loss=5.9120 | lr=3.00e-04 | wd=0.0955 | mom=0.9500 | T=4.0 k=1.8 (mu_rec=4 mu_bwd=2) | grad=4.031 | tok/s=35,804 | tokens=0.06B
step=  1740 | loss=5.7400 | lr=3.00e-04 | wd=0.0954 | mom=0.9500 | T=6.8 k=1.8 (mu_rec=4 mu_bwd=2) | grad=2.172 | tok/s=38,769 | tokens=0.06B[2026-06-06T10:54:32.376] error: *** JOB 9498681 ON atl1-1-01-006-5-0 CANCELLED AT 2026-06-06T10:54:32 DUE to SIGNAL Terminated ***
---------------------------------------
Begin Slurm Epilog: Jun-06-2026 10:54:35
Job ID:        9498681
User ID:       hjiang420
Account:       gts-aivanova7-lab
Job name:      job5b2.sh
Resources:     cpu=8,gres/gpu:a100=1,mem=64G,node=1
Rsrc Used:     cput=04:46:08,vmem=0,walltime=00:35:46,mem=5086104K,energy_used=0
Partition:     gpu-a100
QOS:           inferno
Nodes:         atl1-1-01-006-5-0
---------------------------------------
