---------------------------------------
Begin Slurm Prolog: May-25-2026 19:17:03
Job ID:    9179292
User ID:   hjiang420
Account:   gts-aivanova7-lab
Job name:  job.sh
Partition: gpu-a100
QOS:       inferno
---------------------------------------

CondaError: Run 'conda init' before 'conda deactivate'

[transformers] `torch_dtype` is deprecated! Use `dtype` instead!
Loading EleutherAI/pythia-160m ...
Traceback (most recent call last):
  File "/storage/home/hcoda1/3/hjiang420/cortex/train.py", line 819, in <module>
    train(args)
  File "/storage/home/hcoda1/3/hjiang420/cortex/train.py", line 504, in train
    model, cfg = build_cortex_gpt(
                 ^^^^^^^^^^^^^^^^^
  File "/storage/home/hcoda1/3/hjiang420/cortex/model.py", line 719, in build_cortex_gpt
    base = AutoModelForCausalLM.from_pretrained(
           ^^^^^^^^^^^^^^^^^^^^^^^^^^^^^^^^^^^^^
  File "/storage/home/hcoda1/3/hjiang420/.conda/envs/cortex/lib/python3.11/site-packages/transformers/models/auto/auto_factory.py", line 405, in from_pretrained
    return model_class.from_pretrained(
           ^^^^^^^^^^^^^^^^^^^^^^^^^^^^
  File "/storage/home/hcoda1/3/hjiang420/.conda/envs/cortex/lib/python3.11/site-packages/transformers/modeling_utils.py", line 4140, in from_pretrained
    device_map = check_and_set_device_map(device_map)  # warn, error and fix the device map
                 ^^^^^^^^^^^^^^^^^^^^^^^^^^^^^^^^^^^^
  File "/storage/home/hcoda1/3/hjiang420/.conda/envs/cortex/lib/python3.11/site-packages/transformers/integrations/accelerate.py", line 134, in check_and_set_device_map
    raise ValueError(
ValueError: Using a `device_map`, `tp_plan`, `torch.device` context manager or setting `torch.set_default_device(device)` requires `accelerate`. You can install it with `pip install accelerate`
---------------------------------------
Begin Slurm Epilog: May-25-2026 19:19:22
Job ID:        9179292
User ID:       hjiang420
Account:       gts-aivanova7-lab
Job name:      job.sh
Resources:     cpu=8,gres/gpu:a100=1,mem=64G,node=1
Rsrc Used:     cput=00:19:12,vmem=0,walltime=00:02:24,mem=773820K,energy_used=0
Partition:     gpu-a100
QOS:           inferno
Nodes:         atl1-1-02-018-29-0
---------------------------------------
