---------------------------------------
Begin Slurm Prolog: Jul-06-2026 13:41:55
Job ID:    10813877
User ID:   hjiang420
Account:   gts-aivanova7-lab
Job name:  job_eval_easy_ccot.sh
Partition: gpu-a100
QOS:       inferno
---------------------------------------
============================================================
Easy evals [ccot-5b]: LAMBADA, BLIMP, SciQ, ARC-Easy, PIQA
============================================================
[ccot-5b] runs/ccot-5b/checkpoint_0146146/checkpoint.pt
Warning: You are sending unauthenticated requests to the HF Hub. Please set a HF_TOKEN to enable higher rate limits and faster downloads.
Loading checkpoint: runs/ccot-5b/checkpoint_0146146/checkpoint.pt
T=8  tasks=['lambada', 'blimp', 'sciq', 'arc_easy', 'piqa']

=======================================================
Task: lambada
=======================================================
  [lambada] 500/5153  acc=0.1920
  [lambada] 1000/5153  acc=0.1910
  [lambada] 1500/5153  acc=0.1973
  [lambada] 2000/5153  acc=0.2005
  [lambada] 2500/5153  acc=0.1932
  [lambada] 3000/5153  acc=0.1950
  [lambada] 3500/5153  acc=0.1923
  [lambada] 4000/5153  acc=0.1978
  [lambada] 4500/5153  acc=0.1953
  [lambada] 5000/5153  acc=0.1972
  lambada: 1019/5153 = 0.1977

=======================================================
Task: blimp
=======================================================
  [blimp/adjunct_island] 723/1000 = 0.7230
  [blimp/anaphor_gender_agreement] 728/1000 = 0.7280
  [blimp/anaphor_number_agreement] 944/1000 = 0.9440
  [blimp/animate_subject_passive] 793/1000 = 0.7930
  [blimp/animate_subject_trans] 719/1000 = 0.7190
  [blimp/causative] 645/1000 = 0.6450
  [blimp/complex_NP_island] 522/1000 = 0.5220
  [blimp/coordinate_structure_constraint_complex_left_branch] 353/1000 = 0.3530
  [blimp/coordinate_structure_constraint_object_extraction] 850/1000 = 0.8500
  [blimp/determiner_noun_agreement_1] 973/1000 = 0.9730
  [blimp/determiner_noun_agreement_2] 987/1000 = 0.9870
  [blimp/determiner_noun_agreement_irregular_1] 878/1000 = 0.8780
  [blimp/determiner_noun_agreement_irregular_2] 912/1000 = 0.9120
  [blimp/determiner_noun_agreement_with_adj_2] 948/1000 = 0.9480
  [blimp/determiner_noun_agreement_with_adj_irregular_1] 884/1000 = 0.8840
  [blimp/determiner_noun_agreement_with_adj_irregular_2] 888/1000 = 0.8880
  [blimp/determiner_noun_agreement_with_adjective_1] 952/1000 = 0.9520
  [blimp/distractor_agreement_relational_noun] 736/1000 = 0.7360
  [blimp/distractor_agreement_relative_clause] 580/1000 = 0.5800
  [blimp/drop_argument] 704/1000 = 0.7040
  [blimp/ellipsis_n_bar_1] 770/1000 = 0.7700
  [blimp/ellipsis_n_bar_2] 826/1000 = 0.8260
  [blimp/existential_there_object_raising] 756/1000 = 0.7560
  [blimp/existential_there_quantifiers_1] 848/1000 = 0.8480
  [blimp/existential_there_quantifiers_2] 451/1000 = 0.4510
  [blimp/existential_there_subject_raising] 839/1000 = 0.8390
  [blimp/expletive_it_object_raising] 779/1000 = 0.7790
  [blimp/inchoative] 592/1000 = 0.5920
  [blimp/intransitive] 721/1000 = 0.7210
  [blimp/irregular_past_participle_adjectives] 919/1000 = 0.9190
  [blimp/irregular_past_participle_verbs] 865/1000 = 0.8650
  [blimp/irregular_plural_subject_verb_agreement_1] 800/1000 = 0.8000
  [blimp/irregular_plural_subject_verb_agreement_2] 864/1000 = 0.8640
  [blimp/left_branch_island_echo_question] 517/1000 = 0.5170
  [blimp/left_branch_island_simple_question] 397/1000 = 0.3970
  [blimp/matrix_question_npi_licensor_present] 242/1000 = 0.2420
  [blimp/npi_present_1] 524/1000 = 0.5240
  [blimp/npi_present_2] 588/1000 = 0.5880
  [blimp/only_npi_licensor_present] 145/1000 = 0.1450
  [blimp/only_npi_scope] 804/1000 = 0.8040
  [blimp/passive_1] 874/1000 = 0.8740
  [blimp/passive_2] 853/1000 = 0.8530
  [blimp/principle_A_c_command] 500/1000 = 0.5000
  [blimp/principle_A_case_1] 999/1000 = 0.9990
  [blimp/principle_A_case_2] 918/1000 = 0.9180
  [blimp/principle_A_domain_1] 998/1000 = 0.9980
  [blimp/principle_A_domain_2] 894/1000 = 0.8940
  [blimp/principle_A_domain_3] 537/1000 = 0.5370
  [blimp/principle_A_reconstruction] 347/1000 = 0.3470
  [blimp/regular_plural_subject_verb_agreement_1] 783/1000 = 0.7830
  [blimp/regular_plural_subject_verb_agreement_2] 869/1000 = 0.8690
  [blimp/sentential_negation_npi_licensor_present] 999/1000 = 0.9990
  [blimp/sentential_negation_npi_scope] 565/1000 = 0.5650
  [blimp/sentential_subject_island] 407/1000 = 0.4070
  [blimp/superlative_quantifiers_1] 601/1000 = 0.6010
  [blimp/superlative_quantifiers_2] 767/1000 = 0.7670
  [blimp/tough_vs_raising_1] 541/1000 = 0.5410
  [blimp/tough_vs_raising_2] 893/1000 = 0.8930
  [blimp/transitive] 797/1000 = 0.7970
  [blimp/wh_island] 709/1000 = 0.7090
  [blimp/wh_questions_object_gap] 786/1000 = 0.7860
  [blimp/wh_questions_subject_gap] 926/1000 = 0.9260
  [blimp/wh_questions_subject_gap_long_distance] 878/1000 = 0.8780
  [blimp/wh_vs_that_no_gap] 982/1000 = 0.9820
  [blimp/wh_vs_that_no_gap_long_distance] 985/1000 = 0.9850
  [blimp/wh_vs_that_with_gap] 537/1000 = 0.5370
  [blimp/wh_vs_that_with_gap_long_distance] 223/1000 = 0.2230
  blimp: 49134/67000 = 0.7333

=======================================================
Task: sciq
=======================================================
  [sciq] 200/1000  acc=0.4750
  [sciq] 400/1000  acc=0.4475
  [sciq] 600/1000  acc=0.4367
  [sciq] 800/1000  acc=0.4487
  [sciq] 1000/1000  acc=0.4510
  sciq: 451/1000 = 0.4510

=======================================================
Task: arc_easy
=======================================================
  [arc_easy] 200/570  acc=0.2850
  [arc_easy] 400/570  acc=0.2775
  arc_easy: 159/570 = 0.2789

=======================================================
Task: piqa
=======================================================
  [piqa] 200/1838  acc=0.5850
  [piqa] 400/1838  acc=0.5825
  [piqa] 600/1838  acc=0.5867
  [piqa] 800/1838  acc=0.5775
  [piqa] 1000/1838  acc=0.5810
  [piqa] 1200/1838  acc=0.5833
  [piqa] 1400/1838  acc=0.5757
  [piqa] 1600/1838  acc=0.5837
  [piqa] 1800/1838  acc=0.5850
  piqa: 1074/1838 = 0.5843

Task                Correct    Total      Acc
---------------------------------------------
lambada                1019     5153   0.1977
blimp                 49134    67000   0.7333
sciq                    451     1000   0.4510
arc_easy                159      570   0.2789
piqa                   1074     1838   0.5843

Results saved -> eval_results/easy_20260706/ccot-5b
Results written to eval_results/easy_20260706/ccot-5b

Easy benchmarks -- accuracy (eval_results/easy_20260706)
--------------------------------------------------------------------------
Model              lambada       blimp        sciq    arc_easy        piqa
--------------------------------------------------------------------------
pythia-5b           0.2961      0.7642      0.5380      0.3018      0.6099
parcae-5b           0.2843      0.7811      0.5130      0.3105      0.6137
ccot-5b             0.1977      0.7333      0.4510      0.2789      0.5843
cortex-5b           0.2765      0.7762      0.4990      0.3175      0.6153
cortex-5b-k4        0.2820      0.7786      0.5170      0.3123      0.6061
--------------------------------------------------------------------------
---------------------------------------
Begin Slurm Epilog: Jul-06-2026 16:27:54
Job ID:        10813877
User ID:       hjiang420
Account:       gts-aivanova7-lab
Job name:      job_eval_easy_ccot.sh
Resources:     cpu=8,gres/gpu:a100=1,mem=64G,node=1
Rsrc Used:     cput=22:08:08,vmem=0,walltime=02:46:01,mem=3154988K,energy_used=0
Partition:     gpu-a100
QOS:           inferno
Nodes:         atl1-1-01-006-5-0
---------------------------------------
