---------------------------------------
Begin Slurm Prolog: Jul-06-2026 12:45:14
Job ID:    10813874
User ID:   hjiang420
Account:   gts-aivanova7-lab
Job name:  job_eval_easy_pythia.sh
Partition: gpu-a100
QOS:       inferno
---------------------------------------
============================================================
Easy evals [pythia-5b]: LAMBADA, BLIMP, SciQ, ARC-Easy, PIQA
============================================================
[pythia-5b] runs/pythia-5b/checkpoint_0152584/checkpoint.pt
Warning: You are sending unauthenticated requests to the HF Hub. Please set a HF_TOKEN to enable higher rate limits and faster downloads.
Loading checkpoint: runs/pythia-5b/checkpoint_0152584/checkpoint.pt
T=1  tasks=['lambada', 'blimp', 'sciq', 'arc_easy', 'piqa']

=======================================================
Task: lambada
=======================================================
  [lambada] 500/5153  acc=0.2640
  [lambada] 1000/5153  acc=0.2770
  [lambada] 1500/5153  acc=0.2860
  [lambada] 2000/5153  acc=0.2940
  [lambada] 2500/5153  acc=0.2924
  [lambada] 3000/5153  acc=0.2887
  [lambada] 3500/5153  acc=0.2871
  [lambada] 4000/5153  acc=0.2925
  [lambada] 4500/5153  acc=0.2942
  [lambada] 5000/5153  acc=0.2954
  lambada: 1526/5153 = 0.2961

=======================================================
Task: blimp
=======================================================
  [blimp/adjunct_island] 872/1000 = 0.8720
  [blimp/anaphor_gender_agreement] 873/1000 = 0.8730
  [blimp/anaphor_number_agreement] 989/1000 = 0.9890
  [blimp/animate_subject_passive] 775/1000 = 0.7750
  [blimp/animate_subject_trans] 803/1000 = 0.8030
  [blimp/causative] 671/1000 = 0.6710
  [blimp/complex_NP_island] 565/1000 = 0.5650
  [blimp/coordinate_structure_constraint_complex_left_branch] 426/1000 = 0.4260
  [blimp/coordinate_structure_constraint_object_extraction] 845/1000 = 0.8450
  [blimp/determiner_noun_agreement_1] 978/1000 = 0.9780
  [blimp/determiner_noun_agreement_2] 966/1000 = 0.9660
  [blimp/determiner_noun_agreement_irregular_1] 893/1000 = 0.8930
  [blimp/determiner_noun_agreement_irregular_2] 943/1000 = 0.9430
  [blimp/determiner_noun_agreement_with_adj_2] 917/1000 = 0.9170
  [blimp/determiner_noun_agreement_with_adj_irregular_1] 846/1000 = 0.8460
  [blimp/determiner_noun_agreement_with_adj_irregular_2] 905/1000 = 0.9050
  [blimp/determiner_noun_agreement_with_adjective_1] 937/1000 = 0.9370
  [blimp/distractor_agreement_relational_noun] 859/1000 = 0.8590
  [blimp/distractor_agreement_relative_clause] 681/1000 = 0.6810
  [blimp/drop_argument] 793/1000 = 0.7930
  [blimp/ellipsis_n_bar_1] 830/1000 = 0.8300
  [blimp/ellipsis_n_bar_2] 867/1000 = 0.8670
  [blimp/existential_there_object_raising] 771/1000 = 0.7710
  [blimp/existential_there_quantifiers_1] 979/1000 = 0.9790
  [blimp/existential_there_quantifiers_2] 219/1000 = 0.2190
  [blimp/existential_there_subject_raising] 849/1000 = 0.8490
  [blimp/expletive_it_object_raising] 768/1000 = 0.7680
  [blimp/inchoative] 661/1000 = 0.6610
  [blimp/intransitive] 788/1000 = 0.7880
  [blimp/irregular_past_participle_adjectives] 800/1000 = 0.8000
  [blimp/irregular_past_participle_verbs] 821/1000 = 0.8210
  [blimp/irregular_plural_subject_verb_agreement_1] 856/1000 = 0.8560
  [blimp/irregular_plural_subject_verb_agreement_2] 880/1000 = 0.8800
  [blimp/left_branch_island_echo_question] 287/1000 = 0.2870
  [blimp/left_branch_island_simple_question] 490/1000 = 0.4900
  [blimp/matrix_question_npi_licensor_present] 499/1000 = 0.4990
  [blimp/npi_present_1] 582/1000 = 0.5820
  [blimp/npi_present_2] 596/1000 = 0.5960
  [blimp/only_npi_licensor_present] 744/1000 = 0.7440
  [blimp/only_npi_scope] 606/1000 = 0.6060
  [blimp/passive_1] 890/1000 = 0.8900
  [blimp/passive_2] 883/1000 = 0.8830
  [blimp/principle_A_c_command] 632/1000 = 0.6320
  [blimp/principle_A_case_1] 1000/1000 = 1.0000
  [blimp/principle_A_case_2] 931/1000 = 0.9310
  [blimp/principle_A_domain_1] 989/1000 = 0.9890
  [blimp/principle_A_domain_2] 787/1000 = 0.7870
  [blimp/principle_A_domain_3] 497/1000 = 0.4970
  [blimp/principle_A_reconstruction] 534/1000 = 0.5340
  [blimp/regular_plural_subject_verb_agreement_1] 872/1000 = 0.8720
  [blimp/regular_plural_subject_verb_agreement_2] 838/1000 = 0.8380
  [blimp/sentential_negation_npi_licensor_present] 994/1000 = 0.9940
  [blimp/sentential_negation_npi_scope] 636/1000 = 0.6360
  [blimp/sentential_subject_island] 335/1000 = 0.3350
  [blimp/superlative_quantifiers_1] 685/1000 = 0.6850
  [blimp/superlative_quantifiers_2] 830/1000 = 0.8300
  [blimp/tough_vs_raising_1] 624/1000 = 0.6240
  [blimp/tough_vs_raising_2] 898/1000 = 0.8980
  [blimp/transitive] 838/1000 = 0.8380
  [blimp/wh_island] 759/1000 = 0.7590
  [blimp/wh_questions_object_gap] 746/1000 = 0.7460
  [blimp/wh_questions_subject_gap] 923/1000 = 0.9230
  [blimp/wh_questions_subject_gap_long_distance] 864/1000 = 0.8640
  [blimp/wh_vs_that_no_gap] 982/1000 = 0.9820
  [blimp/wh_vs_that_no_gap_long_distance] 976/1000 = 0.9760
  [blimp/wh_vs_that_with_gap] 584/1000 = 0.5840
  [blimp/wh_vs_that_with_gap_long_distance] 246/1000 = 0.2460
  blimp: 51203/67000 = 0.7642

=======================================================
Task: sciq
=======================================================
  [sciq] 200/1000  acc=0.5250
  [sciq] 400/1000  acc=0.5625
  [sciq] 600/1000  acc=0.5467
  [sciq] 800/1000  acc=0.5513
  [sciq] 1000/1000  acc=0.5380
  sciq: 538/1000 = 0.5380

=======================================================
Task: arc_easy
=======================================================
  [arc_easy] 200/570  acc=0.3050
  [arc_easy] 400/570  acc=0.3250
  arc_easy: 172/570 = 0.3018

=======================================================
Task: piqa
=======================================================
  [piqa] 200/1838  acc=0.6400
  [piqa] 400/1838  acc=0.6375
  [piqa] 600/1838  acc=0.6300
  [piqa] 800/1838  acc=0.6150
  [piqa] 1000/1838  acc=0.6230
  [piqa] 1200/1838  acc=0.6175
  [piqa] 1400/1838  acc=0.6100
  [piqa] 1600/1838  acc=0.6144
  [piqa] 1800/1838  acc=0.6106
  piqa: 1121/1838 = 0.6099

Task                Correct    Total      Acc
---------------------------------------------
lambada                1526     5153   0.2961
blimp                 51203    67000   0.7642
sciq                    538     1000   0.5380
arc_easy                172      570   0.3018
piqa                   1121     1838   0.6099

Results saved -> eval_results/easy_20260706/pythia-5b
Results written to eval_results/easy_20260706/pythia-5b

Easy benchmarks -- accuracy (eval_results/easy_20260706)
-----------------------------------------------------------------------
Model           lambada       blimp        sciq    arc_easy        piqa
-----------------------------------------------------------------------
pythia-5b        0.2961      0.7642      0.5380      0.3018      0.6099
-----------------------------------------------------------------------
still missing: parcae-5b, ccot-5b, cortex-5b, cortex-5b-k4
---------------------------------------
Begin Slurm Epilog: Jul-06-2026 13:02:52
Job ID:        10813874
User ID:       hjiang420
Account:       gts-aivanova7-lab
Job name:      job_eval_easy_pythia.sh
Resources:     cpu=8,gres/gpu:a100=1,mem=64G,node=1
Rsrc Used:     cput=02:21:28,vmem=0,walltime=00:17:41,mem=3264344K,energy_used=0
Partition:     gpu-a100
QOS:           inferno
Nodes:         atl1-1-01-006-11-0
---------------------------------------
