---------------------------------------
Begin Slurm Prolog: Jul-13-2026 12:22:52
Job ID:    11112961
User ID:   hjiang420
Account:   gts-aivanova7-lab
Job name:  job_eval_longcontext.sh
Partition: gpu-a100
QOS:       inferno
---------------------------------------

CondaError: Run 'conda init' before 'conda deactivate'

[pythia-5b] runs/pythia-5b/checkpoint_0152584/checkpoint.pt
[parcae-5b] runs/parcae-5b/checkpoint_0152584/checkpoint.pt
[ccot-5b] runs/ccot-5b/checkpoint_0146146/checkpoint.pt
[cortex-5b] runs/cortex-5b/checkpoint_0152584/checkpoint.pt
[cortex-5b-k4] runs/cortex-5b-k4/checkpoint_0152584/checkpoint.pt
============================================================
BABILong
============================================================
[pythia-5b]
Warning: You are sending unauthenticated requests to the HF Hub. Please set a HF_TOKEN to enable higher rate limits and faster downloads.
Loading checkpoint: runs/pythia-5b/checkpoint_0152584/checkpoint.pt
T=1  tasks=['qa1', 'qa2', 'qa3']

--- qa1 ---
  [qa1/1k] 50 examples processed...
  [qa1/1k] 100 examples processed...
  [qa1/2k] 50 examples processed...
  [qa1/2k] 100 examples processed...
  [qa1/4k] 50 examples processed...
  [qa1/4k] 100 examples processed...
  [qa1/8k] 50 examples processed...
  [qa1/8k] 100 examples processed...
  [qa1/16k] 50 examples processed...
  [qa1/16k] 100 examples processed...
  [qa1/32k] 50 examples processed...
  [qa1/32k] 100 examples processed...
  Bucket        Correct    Total      Acc
  ----------------------------------------
  1k                  0      100    0.000
  2k                  0      100    0.000
  4k                  0      100    0.000
  8k                  0      100    0.000
  16k                 0      100    0.000
  32k                 0      100    0.000

--- qa2 ---
  [qa2/1k] 50 examples processed...
  [qa2/1k] 100 examples processed...
  [qa2/2k] 50 examples processed...
  [qa2/2k] 100 examples processed...
  [qa2/4k] 50 examples processed...
  [qa2/4k] 100 examples processed...
  [qa2/8k] 50 examples processed...
  [qa2/8k] 100 examples processed...
  [qa2/16k] 50 examples processed...
  [qa2/16k] 100 examples processed...
  [qa2/32k] 50 examples processed...
  [qa2/32k] 100 examples processed...
  Bucket        Correct    Total      Acc
  ----------------------------------------
  1k                  0      100    0.000
  2k                  0      100    0.000
  4k                  0      100    0.000
  8k                  0      100    0.000
  16k                 0      100    0.000
  32k                 0      100    0.000

--- qa3 ---
  [qa3/1k] 50 examples processed...
  [qa3/1k] 100 examples processed...
  [qa3/2k] 50 examples processed...
  [qa3/2k] 100 examples processed...
  [qa3/4k] 50 examples processed...
  [qa3/4k] 100 examples processed...
  [qa3/8k] 50 examples processed...
  [qa3/8k] 100 examples processed...
  [qa3/16k] 50 examples processed...
  [qa3/16k] 100 examples processed...
  [qa3/32k] 50 examples processed...
  [qa3/32k] 100 examples processed...
  Bucket        Correct    Total      Acc
  ----------------------------------------
  1k                  0      100    0.000
  2k                  0      100    0.000
  4k                  0      100    0.000
  8k                  0      100    0.000
  16k                 0      100    0.000
  32k                 0      100    0.000

Results saved → eval_results/longcontext_20260713_122256/babilong/pythia-5b
[parcae-5b]
Warning: You are sending unauthenticated requests to the HF Hub. Please set a HF_TOKEN to enable higher rate limits and faster downloads.
Loading checkpoint: runs/parcae-5b/checkpoint_0152584/checkpoint.pt
T=8  tasks=['qa1', 'qa2', 'qa3']

--- qa1 ---
  [qa1/1k] 50 examples processed...
  [qa1/1k] 100 examples processed...
  [qa1/2k] 50 examples processed...
  [qa1/2k] 100 examples processed...
  [qa1/4k] 50 examples processed...
  [qa1/4k] 100 examples processed...
  [qa1/8k] 50 examples processed...
  [qa1/8k] 100 examples processed...
  [qa1/16k] 50 examples processed...
  [qa1/16k] 100 examples processed...
  [qa1/32k] 50 examples processed...
  [qa1/32k] 100 examples processed...
  Bucket        Correct    Total      Acc
  ----------------------------------------
  1k                  0      100    0.000
  2k                  0      100    0.000
  4k                  0      100    0.000
  8k                  0      100    0.000
  16k                 0      100    0.000
  32k                 0      100    0.000

--- qa2 ---
  [qa2/1k] 50 examples processed...
  [qa2/1k] 100 examples processed...
  [qa2/2k] 50 examples processed...
  [qa2/2k] 100 examples processed...
  [qa2/4k] 50 examples processed...
  [qa2/4k] 100 examples processed...
  [qa2/8k] 50 examples processed...
  [qa2/8k] 100 examples processed...
  [qa2/16k] 50 examples processed...
  [qa2/16k] 100 examples processed...
  [qa2/32k] 50 examples processed...
  [qa2/32k] 100 examples processed...
  Bucket        Correct    Total      Acc
  ----------------------------------------
  1k                  0      100    0.000
  2k                  0      100    0.000
  4k                  0      100    0.000
  8k                  0      100    0.000
  16k                 0      100    0.000
  32k                 0      100    0.000

--- qa3 ---
  [qa3/1k] 50 examples processed...
  [qa3/1k] 100 examples processed...
  [qa3/2k] 50 examples processed...
  [qa3/2k] 100 examples processed...
  [qa3/4k] 50 examples processed...
  [qa3/4k] 100 examples processed...
  [qa3/8k] 50 examples processed...
  [qa3/8k] 100 examples processed...
  [qa3/16k] 50 examples processed...
  [qa3/16k] 100 examples processed...
  [qa3/32k] 50 examples processed...
  [qa3/32k] 100 examples processed...
  Bucket        Correct    Total      Acc
  ----------------------------------------
  1k                  0      100    0.000
  2k                  0      100    0.000
  4k                  0      100    0.000
  8k                  0      100    0.000
  16k                 0      100    0.000
  32k                 0      100    0.000

Results saved → eval_results/longcontext_20260713_122256/babilong/parcae-5b
[ccot-5b]
Warning: You are sending unauthenticated requests to the HF Hub. Please set a HF_TOKEN to enable higher rate limits and faster downloads.
Loading checkpoint: runs/ccot-5b/checkpoint_0146146/checkpoint.pt
T=8  tasks=['qa1', 'qa2', 'qa3']

--- qa1 ---
  [qa1/1k] 50 examples processed...
  [qa1/1k] 100 examples processed...
  [qa1/2k] 50 examples processed...
  [qa1/2k] 100 examples processed...
  [qa1/4k] 50 examples processed...
  [qa1/4k] 100 examples processed...
  [qa1/8k] 50 examples processed...
  [qa1/8k] 100 examples processed...
  [qa1/16k] 50 examples processed...
  [qa1/16k] 100 examples processed...
  [qa1/32k] 50 examples processed...
  [qa1/32k] 100 examples processed...
  Bucket        Correct    Total      Acc
  ----------------------------------------
  1k                  0      100    0.000
  2k                  0      100    0.000
  4k                  0      100    0.000
  8k                  0      100    0.000
  16k                 0      100    0.000
  32k                 0      100    0.000

--- qa2 ---
  [qa2/1k] 50 examples processed...
  [qa2/1k] 100 examples processed...
  [qa2/2k] 50 examples processed...
  [qa2/2k] 100 examples processed...
  [qa2/4k] 50 examples processed...
  [qa2/4k] 100 examples processed...
  [qa2/8k] 50 examples processed...
  [qa2/8k] 100 examples processed...
  [qa2/16k] 50 examples processed...
  [qa2/16k] 100 examples processed...
  [qa2/32k] 50 examples processed...
  [qa2/32k] 100 examples processed...
  Bucket        Correct    Total      Acc
  ----------------------------------------
  1k                  0      100    0.000
  2k                  0      100    0.000
  4k                  0      100    0.000
  8k                  0      100    0.000
  16k                 0      100    0.000
  32k                 0      100    0.000

--- qa3 ---
  [qa3/1k] 50 examples processed...
  [qa3/1k] 100 examples processed...
  [qa3/2k] 50 examples processed...
  [qa3/2k] 100 examples processed...
  [qa3/4k] 50 examples processed...
  [qa3/4k] 100 examples processed...
  [qa3/8k] 50 examples processed...
  [qa3/8k] 100 examples processed...
  [qa3/16k] 50 examples processed...
  [qa3/16k] 100 examples processed...
  [qa3/32k] 50 examples processed...
  [qa3/32k] 100 examples processed...
  Bucket        Correct    Total      Acc
  ----------------------------------------
  1k                  0      100    0.000
  2k                  0      100    0.000
  4k                  0      100    0.000
  8k                  0      100    0.000
  16k                 0      100    0.000
  32k                 0      100    0.000

Results saved → eval_results/longcontext_20260713_122256/babilong/ccot-5b
[cortex-5b]
Warning: You are sending unauthenticated requests to the HF Hub. Please set a HF_TOKEN to enable higher rate limits and faster downloads.
Loading checkpoint: runs/cortex-5b/checkpoint_0152584/checkpoint.pt
T=8  tasks=['qa1', 'qa2', 'qa3']

--- qa1 ---
  [qa1/1k] 50 examples processed...
  [qa1/1k] 100 examples processed...
  [qa1/2k] 50 examples processed...
  [qa1/2k] 100 examples processed...
  [qa1/4k] 50 examples processed...
  [qa1/4k] 100 examples processed...
  [qa1/8k] 50 examples processed...
  [qa1/8k] 100 examples processed...
  [qa1/16k] 50 examples processed...
  [qa1/16k] 100 examples processed...
  [qa1/32k] 50 examples processed...
  [qa1/32k] 100 examples processed...
  Bucket        Correct    Total      Acc
  ----------------------------------------
  1k                  0      100    0.000
  2k                  0      100    0.000
  4k                  0      100    0.000
  8k                  0      100    0.000
  16k                 0      100    0.000
  32k                 0      100    0.000

--- qa2 ---
  [qa2/1k] 50 examples processed...
  [qa2/1k] 100 examples processed...
  [qa2/2k] 50 examples processed...
  [qa2/2k] 100 examples processed...
  [qa2/4k] 50 examples processed...
  [qa2/4k] 100 examples processed...
  [qa2/8k] 50 examples processed...
  [qa2/8k] 100 examples processed...
  [qa2/16k] 50 examples processed...
  [qa2/16k] 100 examples processed...
  [qa2/32k] 50 examples processed...
  [qa2/32k] 100 examples processed...
  Bucket        Correct    Total      Acc
  ----------------------------------------
  1k                  0      100    0.000
  2k                  0      100    0.000
  4k                  0      100    0.000
  8k                  0      100    0.000
  16k                 0      100    0.000
  32k                 0      100    0.000

--- qa3 ---
  [qa3/1k] 50 examples processed...
  [qa3/1k] 100 examples processed...
  [qa3/2k] 50 examples processed...
  [qa3/2k] 100 examples processed...
  [qa3/4k] 50 examples processed...
  [qa3/4k] 100 examples processed...
  [qa3/8k] 50 examples processed...
  [qa3/8k] 100 examples processed...
  [qa3/16k] 50 examples processed...
  [qa3/16k] 100 examples processed...
  [qa3/32k] 50 examples processed...
  [qa3/32k] 100 examples processed...
  Bucket        Correct    Total      Acc
  ----------------------------------------
  1k                  0      100    0.000
  2k                  0      100    0.000
  4k                  0      100    0.000
  8k                  0      100    0.000
  16k                 0      100    0.000
  32k                 0      100    0.000

Results saved → eval_results/longcontext_20260713_122256/babilong/cortex-5b
[cortex-5b-k4]
Warning: You are sending unauthenticated requests to the HF Hub. Please set a HF_TOKEN to enable higher rate limits and faster downloads.
Loading checkpoint: runs/cortex-5b-k4/checkpoint_0152584/checkpoint.pt
T=8  tasks=['qa1', 'qa2', 'qa3']

--- qa1 ---
  [qa1/1k] 50 examples processed...
  [qa1/1k] 100 examples processed...
  [qa1/2k] 50 examples processed...
  [qa1/2k] 100 examples processed...
  [qa1/4k] 50 examples processed...
  [qa1/4k] 100 examples processed...
  [qa1/8k] 50 examples processed...
  [qa1/8k] 100 examples processed...
  [qa1/16k] 50 examples processed...
  [qa1/16k] 100 examples processed...
  [qa1/32k] 50 examples processed...
  [qa1/32k] 100 examples processed...
  Bucket        Correct    Total      Acc
  ----------------------------------------
  1k                  0      100    0.000
  2k                  0      100    0.000
  4k                  0      100    0.000
  8k                  0      100    0.000
  16k                 0      100    0.000
  32k                 0      100    0.000

--- qa2 ---
  [qa2/1k] 50 examples processed...
  [qa2/1k] 100 examples processed...
  [qa2/2k] 50 examples processed...
  [qa2/2k] 100 examples processed...
  [qa2/4k] 50 examples processed...
  [qa2/4k] 100 examples processed...
  [qa2/8k] 50 examples processed...
  [qa2/8k] 100 examples processed...
  [qa2/16k] 50 examples processed...
  [qa2/16k] 100 examples processed...
  [qa2/32k] 50 examples processed...
  [qa2/32k] 100 examples processed...
  Bucket        Correct    Total      Acc
  ----------------------------------------
  1k                  0      100    0.000
  2k                  0      100    0.000
  4k                  0      100    0.000
  8k                  0      100    0.000
  16k                 0      100    0.000
  32k                 0      100    0.000

--- qa3 ---
  [qa3/1k] 50 examples processed...
  [qa3/1k] 100 examples processed...
  [qa3/2k] 50 examples processed...
  [qa3/2k] 100 examples processed...
  [qa3/4k] 50 examples processed...
  [qa3/4k] 100 examples processed...
  [qa3/8k] 50 examples processed...
  [qa3/8k] 100 examples processed...
  [qa3/16k] 50 examples processed...
  [qa3/16k] 100 examples processed...
  [qa3/32k] 50 examples processed...
  [qa3/32k] 100 examples processed...
  Bucket        Correct    Total      Acc
  ----------------------------------------
  1k                  0      100    0.000
  2k                  0      100    0.000
  4k                  0      100    0.000
  8k                  0      100    0.000
  16k                 0      100    0.000
  32k                 0      100    0.000

Results saved → eval_results/longcontext_20260713_122256/babilong/cortex-5b-k4
============================================================
LongMemEval
============================================================
[pythia-5b]
Warning: You are sending unauthenticated requests to the HF Hub. Please set a HF_TOKEN to enable higher rate limits and faster downloads.
Loading checkpoint: runs/pythia-5b/checkpoint_0152584/checkpoint.pt
T=1
  50 examples processed...
  100 examples processed...
  150 examples processed...
  200 examples processed...

  Bucket            Correct    Total      Acc
  --------------------------------------------
  ≤5turns                 2      200    0.010
  ≤10turns                0        3    0.000

Results saved → eval_results/longcontext_20260713_122256/longmemeval/pythia-5b
[parcae-5b]
Warning: You are sending unauthenticated requests to the HF Hub. Please set a HF_TOKEN to enable higher rate limits and faster downloads.
Loading checkpoint: runs/parcae-5b/checkpoint_0152584/checkpoint.pt
T=8
  50 examples processed...
  100 examples processed...
  150 examples processed...
  200 examples processed...

  Bucket            Correct    Total      Acc
  --------------------------------------------
  ≤5turns                 3      200    0.015
  ≤10turns                0        3    0.000

Results saved → eval_results/longcontext_20260713_122256/longmemeval/parcae-5b
[ccot-5b]
Warning: You are sending unauthenticated requests to the HF Hub. Please set a HF_TOKEN to enable higher rate limits and faster downloads.
Loading checkpoint: runs/ccot-5b/checkpoint_0146146/checkpoint.pt
T=8
  50 examples processed...
  100 examples processed...
  150 examples processed...
  200 examples processed...

  Bucket            Correct    Total      Acc
  --------------------------------------------
  ≤5turns                 2      200    0.010
  ≤10turns                0        3    0.000

Results saved → eval_results/longcontext_20260713_122256/longmemeval/ccot-5b
[cortex-5b]
Warning: You are sending unauthenticated requests to the HF Hub. Please set a HF_TOKEN to enable higher rate limits and faster downloads.
Loading checkpoint: runs/cortex-5b/checkpoint_0152584/checkpoint.pt
T=8
  50 examples processed...
  100 examples processed...
  150 examples processed...
  200 examples processed...

  Bucket            Correct    Total      Acc
  --------------------------------------------
  ≤5turns                 4      200    0.020
  ≤10turns                0        3    0.000

Results saved → eval_results/longcontext_20260713_122256/longmemeval/cortex-5b
[cortex-5b-k4]
Warning: You are sending unauthenticated requests to the HF Hub. Please set a HF_TOKEN to enable higher rate limits and faster downloads.
Loading checkpoint: runs/cortex-5b-k4/checkpoint_0152584/checkpoint.pt
T=8
  50 examples processed...
  100 examples processed...
  150 examples processed...
  200 examples processed...

  Bucket            Correct    Total      Acc
  --------------------------------------------
  ≤5turns                 2      200    0.010
  ≤10turns                0        3    0.000

Results saved → eval_results/longcontext_20260713_122256/longmemeval/cortex-5b-k4
============================================================
Results
============================================================

BABILong QA1 — accuracy by context length
--------------------------------------------
Model            1k   2k   4k   8k  16k  32k
--------------------------------------------
pythia-5b     0.0000.0000.0000.0000.0000.000
parcae-5b     0.0000.0000.0000.0000.0000.000
ccot-5b       0.0000.0000.0000.0000.0000.000
cortex-5b     0.0000.0000.0000.0000.0000.000
cortex-5b-k4  0.0000.0000.0000.0000.0000.000
--------------------------------------------

BABILong QA2 — accuracy by context length
--------------------------------------------
Model            1k   2k   4k   8k  16k  32k
--------------------------------------------
pythia-5b     0.0000.0000.0000.0000.0000.000
parcae-5b     0.0000.0000.0000.0000.0000.000
ccot-5b       0.0000.0000.0000.0000.0000.000
cortex-5b     0.0000.0000.0000.0000.0000.000
cortex-5b-k4  0.0000.0000.0000.0000.0000.000
--------------------------------------------

BABILong QA3 — accuracy by context length
--------------------------------------------
Model            1k   2k   4k   8k  16k  32k
--------------------------------------------
pythia-5b     0.0000.0000.0000.0000.0000.000
parcae-5b     0.0000.0000.0000.0000.0000.000
ccot-5b       0.0000.0000.0000.0000.0000.000
cortex-5b     0.0000.0000.0000.0000.0000.000
cortex-5b-k4  0.0000.0000.0000.0000.0000.000
--------------------------------------------

LongMemEval — accuracy by turn depth
----------------------------------
Model            ≤5turns  ≤10turns
----------------------------------
pythia-5b          0.010     0.000
parcae-5b          0.015     0.000
ccot-5b            0.010     0.000
cortex-5b          0.020     0.000
cortex-5b-k4       0.010     0.000
----------------------------------

Done.
Results written to eval_results/longcontext_20260713_122256
---------------------------------------
Begin Slurm Epilog: Jul-13-2026 12:51:48
Job ID:        11112961
User ID:       hjiang420
Account:       gts-aivanova7-lab
Job name:      job_eval_longcontext.sh
Resources:     cpu=8,gres/gpu:a100=1,mem=64G,node=1
Rsrc Used:     cput=03:51:28,vmem=0,walltime=00:28:56,mem=5996764K,energy_used=0
Partition:     gpu-a100
QOS:           inferno
Nodes:         atl1-1-02-018-25-0
---------------------------------------
