---------------------------------------
Begin Slurm Prolog: Jun-06-2026 09:18:25
Job ID:    9496912
User ID:   hjiang420
Account:   gts-aivanova7-lab
Job name:  job5b_resume.sh
Partition: gpu-a100
QOS:       inferno
---------------------------------------
Resuming from: runs/cortex-5b/checkpoint_0038146
Tokens so far: 1249976320 | Training until: 2499976320
Warning: You are sending unauthenticated requests to the HF Hub. Please set a HF_TOKEN to enable higher rate limits and faster downloads.
Loading EleutherAI/pythia-160m ...
Params: 162,915,840 total, 162,915,840 trainable
Layer split: Pre=3, Loop=6, Coda=3
mu_rec=8, mu_bwd=4 (= ceil(8/2))
Effective batch: 32768 tokens = 16 seqs x 2048 tok
Grad accum: 4 | World size: 1
Max steps: 76,293 | Warmup: 762 | Cooldown: 7629
Curriculum: mu_rec ramps 1->8 over 3800 steps
Resumed from step 38146, 1,249,976,320 tokens
wandb: [wandb.login()] Loaded credentials for https://api.wandb.ai from /storage/home/hcoda1/3/hjiang420/.netrc.
wandb: Currently logged in as: henryyjiang42 (henryyjiang42-georgia-institute-of-technology) to https://api.wandb.ai. Use `wandb login --relogin` to force relogin
wandb: setting up run nur6lh0l
wandb: Tracking run with wandb version 0.27.0
wandb: Run data is saved locally in runs/cortex-5b/wandb/run-20260606_091901-nur6lh0l
wandb: Run `wandb offline` to turn off syncing.
wandb: Syncing run cortex-5b
wandb: ⭐️ View project at https://wandb.ai/henryyjiang42-georgia-institute-of-technology/cortex-gpt
wandb: 🚀 View run at https://wandb.ai/henryyjiang42-georgia-institute-of-technology/cortex-gpt/runs/nur6lh0l
`trust_remote_code` is not supported anymore.
Please check that the Hugging Face dataset 'EleutherAI/the_pile_deduplicated' isn't based on a loading script and remove `trust_remote_code`.
If the dataset is based on a loading script, please ask the dataset author to remove it and convert it to a standard format like Parquet.
`trust_remote_code` is not supported anymore.
Please check that the Hugging Face dataset 'EleutherAI/the_pile_deduplicated' isn't based on a loading script and remove `trust_remote_code`.
If the dataset is based on a loading script, please ask the dataset author to remove it and convert it to a standard format like Parquet.
step= 38150 | loss=1.9025 | lr=3.00e-04 | wd=0.0500 | mom=0.9500 | T=12.0 k=3.8 (mu_rec=8 mu_bwd=4) | grad=3.172 | tok/s=7,334 | tokens=1.25B
step= 38160 | loss=4.7778 | lr=3.00e-04 | wd=0.0500 | mom=0.9500 | T=9.0 k=4.0 (mu_rec=8 mu_bwd=4) | grad=2.719 | tok/s=22,357 | tokens=1.25B
step= 38170 | loss=4.7681 | lr=3.00e-04 | wd=0.0500 | mom=0.9500 | T=6.0 k=3.5 (mu_rec=8 mu_bwd=4) | grad=3.062 | tok/s=23,180 | tokens=1.25B
step= 38180 | loss=4.6919 | lr=3.00e-04 | wd=0.0500 | mom=0.9500 | T=9.2 k=4.0 (mu_rec=8 mu_bwd=4) | grad=2.828 | tok/s=23,108 | tokens=1.25B
step= 38190 | loss=4.7854 | lr=3.00e-04 | wd=0.0499 | mom=0.9500 | T=8.0 k=4.0 (mu_rec=8 mu_bwd=4) | grad=2.938 | tok/s=23,244 | tokens=1.25B
step= 38200 | loss=4.7307 | lr=3.00e-04 | wd=0.0499 | mom=0.9500 | T=5.8 k=4.0 (mu_rec=8 mu_bwd=4) | grad=2.391 | tok/s=21,432 | tokens=1.25B
step= 38210 | loss=4.6533 | lr=3.00e-04 | wd=0.0499 | mom=0.9500 | T=8.2 k=4.0 (mu_rec=8 mu_bwd=4) | grad=2.828 | tok/s=22,555 | tokens=1.25B
step= 38220 | loss=4.6870 | lr=3.00e-04 | wd=0.0499 | mom=0.9500 | T=4.0 k=3.0 (mu_rec=8 mu_bwd=4) | grad=3.531 | tok/s=23,405 | tokens=1.25B
step= 38230 | loss=4.5525 | lr=3.00e-04 | wd=0.0499 | mom=0.9500 | T=4.2 k=3.8 (mu_rec=8 mu_bwd=4) | grad=4.031 | tok/s=22,532 | tokens=1.25B
step= 38240 | loss=4.7638 | lr=3.00e-04 | wd=0.0499 | mom=0.9500 | T=8.5 k=4.0 (mu_rec=8 mu_bwd=4) | grad=2.703 | tok/s=24,078 | tokens=1.25B
step= 38250 | loss=4.9392 | lr=3.00e-04 | wd=0.0499 | mom=0.9500 | T=11.5 k=3.8 (mu_rec=8 mu_bwd=4) | grad=3.375 | tok/s=23,664 | tokens=1.25B
step= 38260 | loss=4.8951 | lr=3.00e-04 | wd=0.0499 | mom=0.9500 | T=7.0 k=4.0 (mu_rec=8 mu_bwd=4) | grad=2.469 | tok/s=22,900 | tokens=1.25B
step= 38270 | loss=5.0835 | lr=3.00e-04 | wd=0.0498 | mom=0.9500 | T=5.5 k=3.8 (mu_rec=8 mu_bwd=4) | grad=3.797 | tok/s=23,423 | tokens=1.25B
step= 38280 | loss=5.0452 | lr=3.00e-04 | wd=0.0498 | mom=0.9500 | T=5.5 k=3.8 (mu_rec=8 mu_bwd=4) | grad=2.859 | tok/s=21,396 | tokens=1.25B
step= 38290 | loss=4.7660 | lr=3.00e-04 | wd=0.0498 | mom=0.9500 | T=6.2 k=3.8 (mu_rec=8 mu_bwd=4) | grad=2.484 | tok/s=22,691 | tokens=1.25B
step= 38300 | loss=4.8385 | lr=3.00e-04 | wd=0.0498 | mom=0.9500 | T=10.5 k=4.0 (mu_rec=8 mu_bwd=4) | grad=2.703 | tok/s=22,977 | tokens=1.26B
step= 38310 | loss=4.9780 | lr=3.00e-04 | wd=0.0498 | mom=0.9500 | T=7.2 k=4.0 (mu_rec=8 mu_bwd=4) | grad=3.375 | tok/s=23,502 | tokens=1.26B
step= 38320 | loss=4.9348 | lr=3.00e-04 | wd=0.0498 | mom=0.9500 | T=6.5 k=3.2 (mu_rec=8 mu_bwd=4) | grad=2.812 | tok/s=23,680 | tokens=1.26B
step= 38330 | loss=5.0927 | lr=3.00e-04 | wd=0.0498 | mom=0.9500 | T=8.2 k=3.8 (mu_rec=8 mu_bwd=4) | grad=4.250 | tok/s=21,015 | tokens=1.26B
step= 38340 | loss=4.7147 | lr=3.00e-04 | wd=0.0497 | mom=0.9500 | T=6.0 k=3.5 (mu_rec=8 mu_bwd=4) | grad=2.266 | tok/s=22,376 | tokens=1.26B
step= 38350 | loss=4.7916 | lr=3.00e-04 | wd=0.0497 | mom=0.9500 | T=7.5 k=4.0 (mu_rec=8 mu_bwd=4) | grad=2.938 | tok/s=24,065 | tokens=1.26B
step= 38360 | loss=4.9671 | lr=3.00e-04 | wd=0.0497 | mom=0.9500 | T=10.5 k=4.0 (mu_rec=8 mu_bwd=4) | grad=7.031 | tok/s=21,601 | tokens=1.26B
step= 38370 | loss=4.7925 | lr=3.00e-04 | wd=0.0497 | mom=0.9500 | T=7.0 k=4.0 (mu_rec=8 mu_bwd=4) | grad=4.219 | tok/s=22,580 | tokens=1.26B
step= 38380 | loss=4.8683 | lr=3.00e-04 | wd=0.0497 | mom=0.9500 | T=6.0 k=3.5 (mu_rec=8 mu_bwd=4) | grad=3.016 | tok/s=22,852 | tokens=1.26B
step= 38390 | loss=4.8789 | lr=3.00e-04 | wd=0.0497 | mom=0.9500 | T=6.8 k=4.0 (mu_rec=8 mu_bwd=4) | grad=7.031 | tok/s=24,085 | tokens=1.26B
step= 38400 | loss=4.7306 | lr=3.00e-04 | wd=0.0497 | mom=0.9500 | T=10.2 k=4.0 (mu_rec=8 mu_bwd=4) | grad=2.422 | tok/s=22,422 | tokens=1.26B
step= 38410 | loss=4.6076 | lr=3.00e-04 | wd=0.0497 | mom=0.9500 | T=6.5 k=4.0 (mu_rec=8 mu_bwd=4) | grad=4.531 | tok/s=23,050 | tokens=1.26B
step= 38420 | loss=4.9484 | lr=3.00e-04 | wd=0.0496 | mom=0.9500 | T=6.8 k=3.5 (mu_rec=8 mu_bwd=4) | grad=6.781 | tok/s=23,312 | tokens=1.26B
step= 38430 | loss=4.6597 | lr=3.00e-04 | wd=0.0496 | mom=0.9500 | T=10.8 k=4.0 (mu_rec=8 mu_bwd=4) | grad=4.844 | tok/s=21,817 | tokens=1.26B
step= 38440 | loss=4.9537 | lr=3.00e-04 | wd=0.0496 | mom=0.9500 | T=7.2 k=3.8 (mu_rec=8 mu_bwd=4) | grad=2.406 | tok/s=21,971 | tokens=1.26B
step= 38450 | loss=4.7123 | lr=3.00e-04 | wd=0.0496 | mom=0.9500 | T=5.2 k=3.5 (mu_rec=8 mu_bwd=4) | grad=5.188 | tok/s=22,243 | tokens=1.26B
step= 38460 | loss=4.6083 | lr=3.00e-04 | wd=0.0496 | mom=0.9500 | T=7.0 k=4.0 (mu_rec=8 mu_bwd=4) | grad=2.594 | tok/s=23,783 | tokens=1.26B
step= 38470 | loss=4.7377 | lr=3.00e-04 | wd=0.0496 | mom=0.9500 | T=6.2 k=3.2 (mu_rec=8 mu_bwd=4) | grad=3.203 | tok/s=22,446 | tokens=1.26B
step= 38480 | loss=4.7624 | lr=3.00e-04 | wd=0.0496 | mom=0.9500 | T=7.0 k=3.2 (mu_rec=8 mu_bwd=4) | grad=3.766 | tok/s=23,666 | tokens=1.26B
step= 38490 | loss=4.7966 | lr=3.00e-04 | wd=0.0496 | mom=0.9500 | T=6.2 k=4.0 (mu_rec=8 mu_bwd=4) | grad=2.562 | tok/s=24,234 | tokens=1.26B
step= 38500 | loss=4.7365 | lr=3.00e-04 | wd=0.0495 | mom=0.9500 | T=13.0 k=4.0 (mu_rec=8 mu_bwd=4) | grad=2.891 | tok/s=22,231 | tokens=1.26B
step= 38510 | loss=4.9550 | lr=3.00e-04 | wd=0.0495 | mom=0.9500 | T=4.2 k=3.8 (mu_rec=8 mu_bwd=4) | grad=6.719 | tok/s=22,812 | tokens=1.26B
step= 38520 | loss=5.0574 | lr=3.00e-04 | wd=0.0495 | mom=0.9500 | T=7.5 k=4.0 (mu_rec=8 mu_bwd=4) | grad=3.156 | tok/s=23,457 | tokens=1.26B
step= 38530 | loss=5.0321 | lr=3.00e-04 | wd=0.0495 | mom=0.9500 | T=8.0 k=4.0 (mu_rec=8 mu_bwd=4) | grad=5.719 | tok/s=21,708 | tokens=1.26B
step= 38540 | loss=4.9826 | lr=3.00e-04 | wd=0.0495 | mom=0.9500 | T=4.8 k=3.8 (mu_rec=8 mu_bwd=4) | grad=4.875 | tok/s=22,032 | tokens=1.26B
step= 38550 | loss=4.8050 | lr=3.00e-04 | wd=0.0495 | mom=0.9500 | T=8.8 k=3.8 (mu_rec=8 mu_bwd=4) | grad=4.406 | tok/s=24,256 | tokens=1.26B
step= 38560 | loss=5.1538 | lr=3.00e-04 | wd=0.0495 | mom=0.9500 | T=5.0 k=2.2 (mu_rec=8 mu_bwd=4) | grad=3.828 | tok/s=24,558 | tokens=1.26B
step= 38570 | loss=4.8422 | lr=3.00e-04 | wd=0.0494 | mom=0.9500 | T=9.5 k=3.8 (mu_rec=8 mu_bwd=4) | grad=2.578 | tok/s=21,758 | tokens=1.26B
step= 38580 | loss=4.8030 | lr=3.00e-04 | wd=0.0494 | mom=0.9500 | T=6.8 k=3.8 (mu_rec=8 mu_bwd=4) | grad=2.984 | tok/s=20,516 | tokens=1.26B
step= 38590 | loss=4.9343 | lr=3.00e-04 | wd=0.0494 | mom=0.9500 | T=6.0 k=3.8 (mu_rec=8 mu_bwd=4) | grad=2.516 | tok/s=23,829 | tokens=1.26B
step= 38600 | loss=4.8264 | lr=3.00e-04 | wd=0.0494 | mom=0.9500 | T=12.5 k=4.0 (mu_rec=8 mu_bwd=4) | grad=2.500 | tok/s=22,644 | tokens=1.26B
step= 38610 | loss=4.8779 | lr=3.00e-04 | wd=0.0494 | mom=0.9500 | T=16.2 k=4.0 (mu_rec=8 mu_bwd=4) | grad=2.969 | tok/s=22,148 | tokens=1.27B
step= 38620 | loss=4.8428 | lr=3.00e-04 | wd=0.0494 | mom=0.9500 | T=9.0 k=4.0 (mu_rec=8 mu_bwd=4) | grad=2.172 | tok/s=23,724 | tokens=1.27B
step= 38630 | loss=4.7367 | lr=3.00e-04 | wd=0.0494 | mom=0.9500 | T=8.5 k=4.0 (mu_rec=8 mu_bwd=4) | grad=3.188 | tok/s=21,786 | tokens=1.27B
step= 38640 | loss=4.9461 | lr=3.00e-04 | wd=0.0494 | mom=0.9500 | T=11.0 k=4.0 (mu_rec=8 mu_bwd=4) | grad=2.422 | tok/s=21,787 | tokens=1.27B
step= 38650 | loss=4.7809 | lr=3.00e-04 | wd=0.0493 | mom=0.9500 | T=10.0 k=3.2 (mu_rec=8 mu_bwd=4) | grad=2.219 | tok/s=23,390 | tokens=1.27B
step= 38660 | loss=4.8524 | lr=3.00e-04 | wd=0.0493 | mom=0.9500 | T=9.5 k=4.0 (mu_rec=8 mu_bwd=4) | grad=3.000 | tok/s=21,097 | tokens=1.27B
step= 38670 | loss=5.1070 | lr=3.00e-04 | wd=0.0493 | mom=0.9500 | T=10.8 k=4.0 (mu_rec=8 mu_bwd=4) | grad=3.875 | tok/s=20,826 | tokens=1.27B
step= 38680 | loss=5.0685 | lr=3.00e-04 | wd=0.0493 | mom=0.9500 | T=5.8 k=3.8 (mu_rec=8 mu_bwd=4) | grad=2.625 | tok/s=21,794 | tokens=1.27B
step= 38690 | loss=4.7591 | lr=3.00e-04 | wd=0.0493 | mom=0.9500 | T=3.8 k=3.0 (mu_rec=8 mu_bwd=4) | grad=2.594 | tok/s=23,038 | tokens=1.27B
step= 38700 | loss=4.6893 | lr=3.00e-04 | wd=0.0493 | mom=0.9500 | T=8.0 k=4.0 (mu_rec=8 mu_bwd=4) | grad=2.344 | tok/s=23,147 | tokens=1.27B
step= 38710 | loss=4.7592 | lr=3.00e-04 | wd=0.0493 | mom=0.9500 | T=8.2 k=4.0 (mu_rec=8 mu_bwd=4) | grad=4.250 | tok/s=21,644 | tokens=1.27B
step= 38720 | loss=4.9397 | lr=3.00e-04 | wd=0.0492 | mom=0.9500 | T=6.0 k=3.2 (mu_rec=8 mu_bwd=4) | grad=6.156 | tok/s=23,284 | tokens=1.27B
step= 38730 | loss=4.7850 | lr=3.00e-04 | wd=0.0492 | mom=0.9500 | T=7.2 k=4.0 (mu_rec=8 mu_bwd=4) | grad=3.469 | tok/s=23,053 | tokens=1.27B
step= 38740 | loss=4.8842 | lr=3.00e-04 | wd=0.0492 | mom=0.9500 | T=4.5 k=3.8 (mu_rec=8 mu_bwd=4) | grad=3.141 | tok/s=23,850 | tokens=1.27B
step= 38750 | loss=4.9730 | lr=3.00e-04 | wd=0.0492 | mom=0.9500 | T=9.8 k=3.5 (mu_rec=8 mu_bwd=4) | grad=12.875 | tok/s=23,800 | tokens=1.27B
step= 38760 | loss=4.9096 | lr=3.00e-04 | wd=0.0492 | mom=0.9500 | T=7.5 k=3.2 (mu_rec=8 mu_bwd=4) | grad=3.094 | tok/s=21,276 | tokens=1.27B
step= 38770 | loss=4.7637 | lr=3.00e-04 | wd=0.0492 | mom=0.9500 | T=14.8 k=4.0 (mu_rec=8 mu_bwd=4) | grad=3.250 | tok/s=19,944 | tokens=1.27B
step= 38780 | loss=4.8224 | lr=3.00e-04 | wd=0.0492 | mom=0.9500 | T=10.5 k=4.0 (mu_rec=8 mu_bwd=4) | grad=2.797 | tok/s=22,774 | tokens=1.27B
step= 38790 | loss=4.9077 | lr=3.00e-04 | wd=0.0492 | mom=0.9500 | T=7.2 k=2.5 (mu_rec=8 mu_bwd=4) | grad=3.297 | tok/s=22,071 | tokens=1.27B
step= 38800 | loss=4.7671 | lr=3.00e-04 | wd=0.0491 | mom=0.9500 | T=8.8 k=4.0 (mu_rec=8 mu_bwd=4) | grad=3.406 | tok/s=23,020 | tokens=1.27B
step= 38810 | loss=4.7387 | lr=3.00e-04 | wd=0.0491 | mom=0.9500 | T=5.2 k=2.5 (mu_rec=8 mu_bwd=4) | grad=5.812 | tok/s=22,997 | tokens=1.27B
step= 38820 | loss=4.8657 | lr=3.00e-04 | wd=0.0491 | mom=0.9500 | T=8.0 k=3.8 (mu_rec=8 mu_bwd=4) | grad=2.422 | tok/s=21,541 | tokens=1.27B
step= 38830 | loss=5.1182 | lr=3.00e-04 | wd=0.0491 | mom=0.9500 | T=8.0 k=4.0 (mu_rec=8 mu_bwd=4) | grad=4.000 | tok/s=22,522 | tokens=1.27B
step= 38840 | loss=4.8903 | lr=3.00e-04 | wd=0.0491 | mom=0.9500 | T=11.0 k=4.0 (mu_rec=8 mu_bwd=4) | grad=3.203 | tok/s=22,635 | tokens=1.27B
step= 38850 | loss=4.7645 | lr=3.00e-04 | wd=0.0491 | mom=0.9500 | T=8.2 k=4.0 (mu_rec=8 mu_bwd=4) | grad=2.703 | tok/s=22,431 | tokens=1.27B
step= 38860 | loss=4.9250 | lr=3.00e-04 | wd=0.0491 | mom=0.9500 | T=6.2 k=3.2 (mu_rec=8 mu_bwd=4) | grad=3.281 | tok/s=23,592 | tokens=1.27B
step= 38870 | loss=4.7437 | lr=3.00e-04 | wd=0.0491 | mom=0.9500 | T=8.2 k=4.0 (mu_rec=8 mu_bwd=4) | grad=2.750 | tok/s=22,548 | tokens=1.27B
step= 38880 | loss=4.8155 | lr=3.00e-04 | wd=0.0490 | mom=0.9500 | T=6.2 k=3.8 (mu_rec=8 mu_bwd=4) | grad=2.328 | tok/s=24,529 | tokens=1.27B
step= 38890 | loss=4.7275 | lr=3.00e-04 | wd=0.0490 | mom=0.9500 | T=9.8 k=3.2 (mu_rec=8 mu_bwd=4) | grad=2.469 | tok/s=22,234 | tokens=1.27B
step= 38900 | loss=4.7806 | lr=3.00e-04 | wd=0.0490 | mom=0.9500 | T=7.2 k=3.5 (mu_rec=8 mu_bwd=4) | grad=2.719 | tok/s=20,561 | tokens=1.27B
step= 38910 | loss=4.7309 | lr=3.00e-04 | wd=0.0490 | mom=0.9500 | T=6.0 k=3.5 (mu_rec=8 mu_bwd=4) | grad=3.234 | tok/s=23,757 | tokens=1.28B
step= 38920 | loss=4.8717 | lr=3.00e-04 | wd=0.0490 | mom=0.9500 | T=16.5 k=4.0 (mu_rec=8 mu_bwd=4) | grad=4.406 | tok/s=21,577 | tokens=1.28B
step= 38930 | loss=4.7843 | lr=3.00e-04 | wd=0.0490 | mom=0.9500 | T=9.2 k=4.0 (mu_rec=8 mu_bwd=4) | grad=3.156 | tok/s=22,949 | tokens=1.28B
step= 38940 | loss=4.7548 | lr=3.00e-04 | wd=0.0490 | mom=0.9500 | T=9.2 k=4.0 (mu_rec=8 mu_bwd=4) | grad=4.531 | tok/s=22,995 | tokens=1.28B
step= 38950 | loss=4.9756 | lr=3.00e-04 | wd=0.0489 | mom=0.9500 | T=10.8 k=4.0 (mu_rec=8 mu_bwd=4) | grad=3.656 | tok/s=21,991 | tokens=1.28B
step= 38960 | loss=4.6107 | lr=3.00e-04 | wd=0.0489 | mom=0.9500 | T=8.5 k=4.0 (mu_rec=8 mu_bwd=4) | grad=2.438 | tok/s=21,038 | tokens=1.28B
step= 38970 | loss=4.9361 | lr=3.00e-04 | wd=0.0489 | mom=0.9500 | T=7.0 k=2.8 (mu_rec=8 mu_bwd=4) | grad=2.766 | tok/s=7,091 | tokens=1.28B
step= 38980 | loss=4.7653 | lr=3.00e-04 | wd=0.0489 | mom=0.9500 | T=7.5 k=3.2 (mu_rec=8 mu_bwd=4) | grad=2.953 | tok/s=24,080 | tokens=1.28B
step= 38990 | loss=4.8170 | lr=3.00e-04 | wd=0.0489 | mom=0.9500 | T=8.0 k=4.0 (mu_rec=8 mu_bwd=4) | grad=7.312 | tok/s=21,548 | tokens=1.28B
step= 39000 | loss=4.7589 | lr=3.00e-04 | wd=0.0489 | mom=0.9500 | T=6.2 k=4.0 (mu_rec=8 mu_bwd=4) | grad=2.422 | tok/s=22,229 | tokens=1.28B
step= 39010 | loss=4.7331 | lr=3.00e-04 | wd=0.0489 | mom=0.9500 | T=6.0 k=3.8 (mu_rec=8 mu_bwd=4) | grad=3.281 | tok/s=21,988 | tokens=1.28B
step= 39020 | loss=4.7755 | lr=3.00e-04 | wd=0.0489 | mom=0.9500 | T=6.2 k=3.0 (mu_rec=8 mu_bwd=4) | grad=3.016 | tok/s=23,253 | tokens=1.28B
step= 39030 | loss=5.0028 | lr=3.00e-04 | wd=0.0488 | mom=0.9500 | T=11.2 k=4.0 (mu_rec=8 mu_bwd=4) | grad=4.719 | tok/s=20,763 | tokens=1.28B
step= 39040 | loss=4.7451 | lr=3.00e-04 | wd=0.0488 | mom=0.9500 | T=8.5 k=2.8 (mu_rec=8 mu_bwd=4) | grad=3.047 | tok/s=21,956 | tokens=1.28B
step= 39050 | loss=4.7947 | lr=3.00e-04 | wd=0.0488 | mom=0.9500 | T=6.5 k=4.0 (mu_rec=8 mu_bwd=4) | grad=2.547 | tok/s=7,048 | tokens=1.28B
step= 39060 | loss=4.5775 | lr=3.00e-04 | wd=0.0488 | mom=0.9500 | T=4.5 k=3.8 (mu_rec=8 mu_bwd=4) | grad=2.922 | tok/s=25,324 | tokens=1.28B
step= 39070 | loss=4.8175 | lr=3.00e-04 | wd=0.0488 | mom=0.9500 | T=8.0 k=4.0 (mu_rec=8 mu_bwd=4) | grad=3.453 | tok/s=21,604 | tokens=1.28B
step= 39080 | loss=4.8839 | lr=3.00e-04 | wd=0.0488 | mom=0.9500 | T=4.2 k=3.0 (mu_rec=8 mu_bwd=4) | grad=4.688 | tok/s=23,766 | tokens=1.28B
step= 39090 | loss=4.9361 | lr=3.00e-04 | wd=0.0488 | mom=0.9500 | T=6.8 k=3.2 (mu_rec=8 mu_bwd=4) | grad=4.562 | tok/s=23,249 | tokens=1.28B
step= 39100 | loss=4.7549 | lr=3.00e-04 | wd=0.0488 | mom=0.9500 | T=2.8 k=2.2 (mu_rec=8 mu_bwd=4) | grad=2.547 | tok/s=23,650 | tokens=1.28B
step= 39110 | loss=4.8477 | lr=3.00e-04 | wd=0.0487 | mom=0.9500 | T=9.5 k=4.0 (mu_rec=8 mu_bwd=4) | grad=3.594 | tok/s=23,601 | tokens=1.28B
step= 39120 | loss=4.8956 | lr=3.00e-04 | wd=0.0487 | mom=0.9500 | T=13.2 k=4.0 (mu_rec=8 mu_bwd=4) | grad=3.172 | tok/s=22,500 | tokens=1.28B
step= 39130 | loss=4.6637 | lr=3.00e-04 | wd=0.0487 | mom=0.9500 | T=8.2 k=4.0 (mu_rec=8 mu_bwd=4) | grad=3.000 | tok/s=23,451 | tokens=1.28B
step= 39140 | loss=4.8970 | lr=3.00e-04 | wd=0.0487 | mom=0.9500 | T=12.2 k=4.0 (mu_rec=8 mu_bwd=4) | grad=3.000 | tok/s=22,257 | tokens=1.28B
step= 39150 | loss=4.7211 | lr=3.00e-04 | wd=0.0487 | mom=0.9500 | T=6.5 k=4.0 (mu_rec=8 mu_bwd=4) | grad=3.703 | tok/s=22,731 | tokens=1.28B
step= 39160 | loss=4.5571 | lr=3.00e-04 | wd=0.0487 | mom=0.9500 | T=10.2 k=4.0 (mu_rec=8 mu_bwd=4) | grad=1.984 | tok/s=22,374 | tokens=1.28B
step= 39170 | loss=4.8138 | lr=3.00e-04 | wd=0.0487 | mom=0.9500 | T=6.8 k=4.0 (mu_rec=8 mu_bwd=4) | grad=9.875 | tok/s=22,073 | tokens=1.28B
step= 39180 | loss=4.9439 | lr=3.00e-04 | wd=0.0486 | mom=0.9500 | T=8.0 k=4.0 (mu_rec=8 mu_bwd=4) | grad=5.312 | tok/s=22,340 | tokens=1.28B
step= 39190 | loss=4.7187 | lr=3.00e-04 | wd=0.0486 | mom=0.9500 | T=5.2 k=3.8 (mu_rec=8 mu_bwd=4) | grad=6.188 | tok/s=25,652 | tokens=1.28B
step= 39200 | loss=4.6655 | lr=3.00e-04 | wd=0.0486 | mom=0.9500 | T=6.8 k=3.5 (mu_rec=8 mu_bwd=4) | grad=2.359 | tok/s=22,854 | tokens=1.28B
step= 39210 | loss=4.9844 | lr=3.00e-04 | wd=0.0486 | mom=0.9500 | T=4.8 k=3.8 (mu_rec=8 mu_bwd=4) | grad=3.531 | tok/s=22,819 | tokens=1.28B
step= 39220 | loss=4.8262 | lr=3.00e-04 | wd=0.0486 | mom=0.9500 | T=2.0 k=2.0 (mu_rec=8 mu_bwd=4) | grad=2.984 | tok/s=25,546 | tokens=1.29B
step= 39230 | loss=5.1741 | lr=3.00e-04 | wd=0.0486 | mom=0.9500 | T=7.8 k=4.0 (mu_rec=8 mu_bwd=4) | grad=5.062 | tok/s=21,810 | tokens=1.29B
step= 39240 | loss=4.9859 | lr=3.00e-04 | wd=0.0486 | mom=0.9500 | T=6.5 k=3.8 (mu_rec=8 mu_bwd=4) | grad=3.047 | tok/s=23,338 | tokens=1.29B
step= 39250 | loss=4.7296 | lr=3.00e-04 | wd=0.0486 | mom=0.9500 | T=5.5 k=4.0 (mu_rec=8 mu_bwd=4) | grad=3.469 | tok/s=21,860 | tokens=1.29B
step= 39260 | loss=4.6534 | lr=3.00e-04 | wd=0.0485 | mom=0.9500 | T=9.0 k=4.0 (mu_rec=8 mu_bwd=4) | grad=5.125 | tok/s=21,456 | tokens=1.29B
step= 39270 | loss=4.8985 | lr=3.00e-04 | wd=0.0485 | mom=0.9500 | T=8.8 k=4.0 (mu_rec=8 mu_bwd=4) | grad=4.156 | tok/s=22,718 | tokens=1.29B
step= 39280 | loss=4.7679 | lr=3.00e-04 | wd=0.0485 | mom=0.9500 | T=9.0 k=3.2 (mu_rec=8 mu_bwd=4) | grad=4.562 | tok/s=22,812 | tokens=1.29B
step= 39290 | loss=4.8094 | lr=3.00e-04 | wd=0.0485 | mom=0.9500 | T=9.0 k=3.8 (mu_rec=8 mu_bwd=4) | grad=4.031 | tok/s=23,384 | tokens=1.29B
step= 39300 | loss=4.9230 | lr=3.00e-04 | wd=0.0485 | mom=0.9500 | T=6.2 k=4.0 (mu_rec=8 mu_bwd=4) | grad=3.062 | tok/s=23,900 | tokens=1.29B
step= 39310 | loss=4.8242 | lr=3.00e-04 | wd=0.0485 | mom=0.9500 | T=6.5 k=3.0 (mu_rec=8 mu_bwd=4) | grad=4.438 | tok/s=23,650 | tokens=1.29B
step= 39320 | loss=4.7684 | lr=3.00e-04 | wd=0.0485 | mom=0.9500 | T=9.2 k=3.5 (mu_rec=8 mu_bwd=4) | grad=4.625 | tok/s=24,113 | tokens=1.29B
step= 39330 | loss=4.5347 | lr=3.00e-04 | wd=0.0485 | mom=0.9500 | T=11.0 k=4.0 (mu_rec=8 mu_bwd=4) | grad=2.703 | tok/s=22,417 | tokens=1.29B
step= 39340 | loss=4.8408 | lr=3.00e-04 | wd=0.0484 | mom=0.9500 | T=5.2 k=3.5 (mu_rec=8 mu_bwd=4) | grad=3.203 | tok/s=23,672 | tokens=1.29B
step= 39350 | loss=4.8494 | lr=3.00e-04 | wd=0.0484 | mom=0.9500 | T=12.8 k=4.0 (mu_rec=8 mu_bwd=4) | grad=2.797 | tok/s=22,942 | tokens=1.29B
step= 39360 | loss=4.7534 | lr=3.00e-04 | wd=0.0484 | mom=0.9500 | T=6.8 k=4.0 (mu_rec=8 mu_bwd=4) | grad=3.531 | tok/s=22,955 | tokens=1.29B
step= 39370 | loss=5.0062 | lr=3.00e-04 | wd=0.0484 | mom=0.9500 | T=6.5 k=3.5 (mu_rec=8 mu_bwd=4) | grad=2.938 | tok/s=23,265 | tokens=1.29B
step= 39380 | loss=4.8425 | lr=3.00e-04 | wd=0.0484 | mom=0.9500 | T=5.8 k=3.2 (mu_rec=8 mu_bwd=4) | grad=2.406 | tok/s=24,056 | tokens=1.29B
step= 39390 | loss=4.8252 | lr=3.00e-04 | wd=0.0484 | mom=0.9500 | T=7.5 k=4.0 (mu_rec=8 mu_bwd=4) | grad=4.750 | tok/s=23,031 | tokens=1.29B
step= 39400 | loss=4.8103 | lr=3.00e-04 | wd=0.0484 | mom=0.9500 | T=4.8 k=3.2 (mu_rec=8 mu_bwd=4) | grad=2.453 | tok/s=23,244 | tokens=1.29B
step= 39410 | loss=5.0917 | lr=3.00e-04 | wd=0.0483 | mom=0.9500 | T=4.8 k=4.0 (mu_rec=8 mu_bwd=4) | grad=2.625 | tok/s=23,190 | tokens=1.29B
step= 39420 | loss=5.3936 | lr=3.00e-04 | wd=0.0483 | mom=0.9500 | T=10.8 k=4.0 (mu_rec=8 mu_bwd=4) | grad=3.047 | tok/s=21,471 | tokens=1.29B
step= 39430 | loss=4.9659 | lr=3.00e-04 | wd=0.0483 | mom=0.9500 | T=13.0 k=4.0 (mu_rec=8 mu_bwd=4) | grad=2.875 | tok/s=19,705 | tokens=1.29B
step= 39440 | loss=4.7679 | lr=3.00e-04 | wd=0.0483 | mom=0.9500 | T=10.8 k=3.8 (mu_rec=8 mu_bwd=4) | grad=4.875 | tok/s=23,097 | tokens=1.29B
step= 39450 | loss=4.7866 | lr=3.00e-04 | wd=0.0483 | mom=0.9500 | T=5.5 k=3.2 (mu_rec=8 mu_bwd=4) | grad=2.844 | tok/s=22,085 | tokens=1.29B
step= 39460 | loss=4.7732 | lr=3.00e-04 | wd=0.0483 | mom=0.9500 | T=5.2 k=4.0 (mu_rec=8 mu_bwd=4) | grad=6.188 | tok/s=23,007 | tokens=1.29B
step= 39470 | loss=4.7907 | lr=3.00e-04 | wd=0.0483 | mom=0.9500 | T=13.8 k=3.8 (mu_rec=8 mu_bwd=4) | grad=2.422 | tok/s=21,809 | tokens=1.29B
step= 39480 | loss=4.6467 | lr=3.00e-04 | wd=0.0483 | mom=0.9500 | T=7.8 k=3.0 (mu_rec=8 mu_bwd=4) | grad=2.547 | tok/s=21,871 | tokens=1.29B
step= 39490 | loss=4.6408 | lr=3.00e-04 | wd=0.0482 | mom=0.9500 | T=11.2 k=4.0 (mu_rec=8 mu_bwd=4) | grad=4.781 | tok/s=22,238 | tokens=1.29B
step= 39500 | loss=4.8299 | lr=3.00e-04 | wd=0.0482 | mom=0.9500 | T=6.8 k=4.0 (mu_rec=8 mu_bwd=4) | grad=3.203 | tok/s=22,461 | tokens=1.29B
step= 39510 | loss=4.8718 | lr=3.00e-04 | wd=0.0482 | mom=0.9500 | T=11.2 k=3.2 (mu_rec=8 mu_bwd=4) | grad=3.391 | tok/s=21,971 | tokens=1.29B
step= 39520 | loss=4.8872 | lr=3.00e-04 | wd=0.0482 | mom=0.9500 | T=6.2 k=3.5 (mu_rec=8 mu_bwd=4) | grad=2.891 | tok/s=23,536 | tokens=1.29B
step= 39530 | loss=5.0457 | lr=3.00e-04 | wd=0.0482 | mom=0.9500 | T=12.8 k=4.0 (mu_rec=8 mu_bwd=4) | grad=5.562 | tok/s=20,910 | tokens=1.30B
step= 39540 | loss=4.9261 | lr=3.00e-04 | wd=0.0482 | mom=0.9500 | T=7.8 k=3.8 (mu_rec=8 mu_bwd=4) | grad=2.969 | tok/s=22,286 | tokens=1.30B
step= 39550 | loss=4.6981 | lr=3.00e-04 | wd=0.0482 | mom=0.9500 | T=8.5 k=3.8 (mu_rec=8 mu_bwd=4) | grad=3.234 | tok/s=21,274 | tokens=1.30B
step= 39560 | loss=4.8368 | lr=3.00e-04 | wd=0.0481 | mom=0.9500 | T=8.0 k=4.0 (mu_rec=8 mu_bwd=4) | grad=3.078 | tok/s=22,064 | tokens=1.30B
step= 39570 | loss=4.6437 | lr=3.00e-04 | wd=0.0481 | mom=0.9500 | T=7.5 k=4.0 (mu_rec=8 mu_bwd=4) | grad=3.344 | tok/s=21,275 | tokens=1.30B
step= 39580 | loss=4.5388 | lr=3.00e-04 | wd=0.0481 | mom=0.9500 | T=10.0 k=4.0 (mu_rec=8 mu_bwd=4) | grad=2.734 | tok/s=22,671 | tokens=1.30B
step= 39590 | loss=4.5991 | lr=3.00e-04 | wd=0.0481 | mom=0.9500 | T=9.0 k=4.0 (mu_rec=8 mu_bwd=4) | grad=4.375 | tok/s=21,857 | tokens=1.30B
step= 39600 | loss=4.7192 | lr=3.00e-04 | wd=0.0481 | mom=0.9500 | T=4.2 k=3.5 (mu_rec=8 mu_bwd=4) | grad=3.016 | tok/s=23,955 | tokens=1.30B
step= 39610 | loss=4.7689 | lr=3.00e-04 | wd=0.0481 | mom=0.9500 | T=8.0 k=4.0 (mu_rec=8 mu_bwd=4) | grad=4.250 | tok/s=21,144 | tokens=1.30B
step= 39620 | loss=4.7646 | lr=3.00e-04 | wd=0.0481 | mom=0.9500 | T=5.0 k=3.2 (mu_rec=8 mu_bwd=4) | grad=3.672 | tok/s=21,883 | tokens=1.30B
step= 39630 | loss=4.7899 | lr=3.00e-04 | wd=0.0481 | mom=0.9500 | T=6.0 k=4.0 (mu_rec=8 mu_bwd=4) | grad=4.062 | tok/s=22,545 | tokens=1.30B
step= 39640 | loss=4.8437 | lr=3.00e-04 | wd=0.0480 | mom=0.9500 | T=4.0 k=3.0 (mu_rec=8 mu_bwd=4) | grad=2.359 | tok/s=21,584 | tokens=1.30B
step= 39650 | loss=4.7553 | lr=3.00e-04 | wd=0.0480 | mom=0.9500 | T=5.8 k=3.5 (mu_rec=8 mu_bwd=4) | grad=2.641 | tok/s=21,428 | tokens=1.30B
step= 39660 | loss=4.6736 | lr=3.00e-04 | wd=0.0480 | mom=0.9500 | T=16.8 k=4.0 (mu_rec=8 mu_bwd=4) | grad=3.203 | tok/s=21,289 | tokens=1.30B
step= 39670 | loss=4.8930 | lr=3.00e-04 | wd=0.0480 | mom=0.9500 | T=6.2 k=3.2 (mu_rec=8 mu_bwd=4) | grad=5.125 | tok/s=20,113 | tokens=1.30B
step= 39680 | loss=4.6126 | lr=3.00e-04 | wd=0.0480 | mom=0.9500 | T=5.2 k=3.8 (mu_rec=8 mu_bwd=4) | grad=3.531 | tok/s=24,518 | tokens=1.30B
step= 39690 | loss=4.5362 | lr=3.00e-04 | wd=0.0480 | mom=0.9500 | T=5.5 k=4.0 (mu_rec=8 mu_bwd=4) | grad=2.391 | tok/s=24,133 | tokens=1.30B
step= 39700 | loss=4.6033 | lr=3.00e-04 | wd=0.0480 | mom=0.9500 | T=6.8 k=3.2 (mu_rec=8 mu_bwd=4) | grad=2.469 | tok/s=24,130 | tokens=1.30B
step= 39710 | loss=4.8807 | lr=3.00e-04 | wd=0.0480 | mom=0.9500 | T=9.5 k=3.2 (mu_rec=8 mu_bwd=4) | grad=2.984 | tok/s=22,672 | tokens=1.30B
step= 39720 | loss=4.8894 | lr=3.00e-04 | wd=0.0479 | mom=0.9500 | T=7.2 k=3.8 (mu_rec=8 mu_bwd=4) | grad=2.094 | tok/s=22,084 | tokens=1.30B
step= 39730 | loss=4.5718 | lr=3.00e-04 | wd=0.0479 | mom=0.9500 | T=4.5 k=3.5 (mu_rec=8 mu_bwd=4) | grad=2.812 | tok/s=21,640 | tokens=1.30B
step= 39740 | loss=4.8947 | lr=3.00e-04 | wd=0.0479 | mom=0.9500 | T=10.5 k=4.0 (mu_rec=8 mu_bwd=4) | grad=2.453 | tok/s=21,709 | tokens=1.30B
step= 39750 | loss=4.8596 | lr=3.00e-04 | wd=0.0479 | mom=0.9500 | T=4.5 k=3.2 (mu_rec=8 mu_bwd=4) | grad=2.812 | tok/s=22,985 | tokens=1.30B
step= 39760 | loss=4.7203 | lr=3.00e-04 | wd=0.0479 | mom=0.9500 | T=9.8 k=4.0 (mu_rec=8 mu_bwd=4) | grad=3.625 | tok/s=21,635 | tokens=1.30B
step= 39770 | loss=4.7277 | lr=3.00e-04 | wd=0.0479 | mom=0.9500 | T=9.0 k=3.5 (mu_rec=8 mu_bwd=4) | grad=2.953 | tok/s=23,057 | tokens=1.30B
step= 39780 | loss=4.6796 | lr=3.00e-04 | wd=0.0479 | mom=0.9500 | T=9.2 k=4.0 (mu_rec=8 mu_bwd=4) | grad=2.312 | tok/s=22,463 | tokens=1.30B
step= 39790 | loss=4.8050 | lr=3.00e-04 | wd=0.0478 | mom=0.9500 | T=12.0 k=4.0 (mu_rec=8 mu_bwd=4) | grad=3.766 | tok/s=21,644 | tokens=1.30B
step= 39800 | loss=4.9620 | lr=3.00e-04 | wd=0.0478 | mom=0.9500 | T=11.8 k=4.0 (mu_rec=8 mu_bwd=4) | grad=4.125 | tok/s=21,362 | tokens=1.30B
step= 39810 | loss=4.5704 | lr=3.00e-04 | wd=0.0478 | mom=0.9500 | T=7.8 k=3.2 (mu_rec=8 mu_bwd=4) | grad=6.656 | tok/s=23,300 | tokens=1.30B
step= 39820 | loss=5.0344 | lr=3.00e-04 | wd=0.0478 | mom=0.9500 | T=5.5 k=3.2 (mu_rec=8 mu_bwd=4) | grad=2.906 | tok/s=23,070 | tokens=1.30B
step= 39830 | loss=4.7254 | lr=3.00e-04 | wd=0.0478 | mom=0.9500 | T=10.0 k=4.0 (mu_rec=8 mu_bwd=4) | grad=2.266 | tok/s=22,002 | tokens=1.31B
step= 39840 | loss=4.7687 | lr=3.00e-04 | wd=0.0478 | mom=0.9500 | T=5.2 k=3.2 (mu_rec=8 mu_bwd=4) | grad=5.344 | tok/s=23,222 | tokens=1.31B
step= 39850 | loss=4.7100 | lr=3.00e-04 | wd=0.0478 | mom=0.9500 | T=4.0 k=3.2 (mu_rec=8 mu_bwd=4) | grad=2.656 | tok/s=7,462 | tokens=1.31B
step= 39860 | loss=4.7340 | lr=3.00e-04 | wd=0.0478 | mom=0.9500 | T=10.8 k=4.0 (mu_rec=8 mu_bwd=4) | grad=2.656 | tok/s=23,586 | tokens=1.31B
step= 39870 | loss=4.8149 | lr=3.00e-04 | wd=0.0477 | mom=0.9500 | T=5.8 k=4.0 (mu_rec=8 mu_bwd=4) | grad=3.203 | tok/s=24,991 | tokens=1.31B
step= 39880 | loss=4.7212 | lr=3.00e-04 | wd=0.0477 | mom=0.9500 | T=5.8 k=3.2 (mu_rec=8 mu_bwd=4) | grad=4.750 | tok/s=22,213 | tokens=1.31B