---------------------------------------
Begin Slurm Prolog: Jun-06-2026 09:10:05
Job ID:    9496621
User ID:   hjiang420
Account:   gts-aivanova7-lab
Job name:  job5b_parcae_resume.sh
Partition: gpu-a100
QOS:       inferno
---------------------------------------
Resuming from: runs/parcae-5b/checkpoint_0038146
Tokens so far: 1249976320 | Training until: 2499976320
Loading EleutherAI/pythia-160m ...
Params: 162,915,840 total, 162,915,840 trainable
Layer split: Pre=3, Loop=6, Coda=3
mu_rec=8, mu_bwd=4 (= ceil(8/2))
Effective batch: 32768 tokens = 16 seqs x 2048 tok
Grad accum: 4 | World size: 1
Max steps: 76,293 | Warmup: 762 | Cooldown: 7629
Curriculum: mu_rec ramps 1->8 over 3800 steps
Resumed from step 38146, 1,249,976,320 tokens
`trust_remote_code` is not supported anymore.
Please check that the Hugging Face dataset 'EleutherAI/the_pile_deduplicated' isn't based on a loading script and remove `trust_remote_code`.
If the dataset is based on a loading script, please ask the dataset author to remove it and convert it to a standard format like Parquet.
`trust_remote_code` is not supported anymore.
Please check that the Hugging Face dataset 'EleutherAI/the_pile_deduplicated' isn't based on a loading script and remove `trust_remote_code`.
If the dataset is based on a loading script, please ask the dataset author to remove it and convert it to a standard format like Parquet.
Warning: You are sending unauthenticated requests to the HF Hub. Please set a HF_TOKEN to enable higher rate limits and faster downloads.
Warning: You are sending unauthenticated requests to the HF Hub. Please set a HF_TOKEN to enable higher rate limits and faster downloads.
wandb: [wandb.login()] Loaded credentials for https://api.wandb.ai from /storage/home/hcoda1/3/hjiang420/.netrc.
wandb: Currently logged in as: henryyjiang42 (henryyjiang42-georgia-institute-of-technology) to https://api.wandb.ai. Use `wandb login --relogin` to force relogin
wandb: setting up run niohhdqn
wandb: Tracking run with wandb version 0.27.0
wandb: Run data is saved locally in runs/parcae-5b/wandb/run-20260606_091037-niohhdqn
wandb: Run `wandb offline` to turn off syncing.
wandb: Syncing run parcae-5b
wandb: ⭐️ View project at https://wandb.ai/henryyjiang42-georgia-institute-of-technology/cortex-gpt
wandb: 🚀 View run at https://wandb.ai/henryyjiang42-georgia-institute-of-technology/cortex-gpt/runs/niohhdqn
step= 38150 | loss=1.9027 | lr=3.00e-04 | wd=0.0500 | mom=0.9500 | T=12.0 k=3.8 (mu_rec=8 mu_bwd=4) | grad=3.203 | tok/s=10,254 | tokens=1.25B
step= 38160 | loss=4.7779 | lr=3.00e-04 | wd=0.0500 | mom=0.9500 | T=9.0 k=4.0 (mu_rec=8 mu_bwd=4) | grad=2.672 | tok/s=24,590 | tokens=1.25B
step= 38170 | loss=4.7688 | lr=3.00e-04 | wd=0.0500 | mom=0.9500 | T=6.0 k=3.5 (mu_rec=8 mu_bwd=4) | grad=3.062 | tok/s=25,483 | tokens=1.25B
step= 38180 | loss=4.6927 | lr=3.00e-04 | wd=0.0500 | mom=0.9500 | T=9.2 k=4.0 (mu_rec=8 mu_bwd=4) | grad=2.844 | tok/s=25,518 | tokens=1.25B
step= 38190 | loss=4.7859 | lr=3.00e-04 | wd=0.0499 | mom=0.9500 | T=8.0 k=4.0 (mu_rec=8 mu_bwd=4) | grad=2.938 | tok/s=25,633 | tokens=1.25B
step= 38200 | loss=4.7313 | lr=3.00e-04 | wd=0.0499 | mom=0.9500 | T=5.8 k=4.0 (mu_rec=8 mu_bwd=4) | grad=2.375 | tok/s=23,648 | tokens=1.25B
step= 38210 | loss=4.6541 | lr=3.00e-04 | wd=0.0499 | mom=0.9500 | T=8.2 k=4.0 (mu_rec=8 mu_bwd=4) | grad=2.859 | tok/s=24,838 | tokens=1.25B
step= 38220 | loss=4.6904 | lr=3.00e-04 | wd=0.0499 | mom=0.9500 | T=4.0 k=3.0 (mu_rec=8 mu_bwd=4) | grad=3.625 | tok/s=25,681 | tokens=1.25B
step= 38230 | loss=4.5537 | lr=3.00e-04 | wd=0.0499 | mom=0.9500 | T=4.2 k=3.8 (mu_rec=8 mu_bwd=4) | grad=4.094 | tok/s=24,763 | tokens=1.25B
step= 38240 | loss=4.7669 | lr=3.00e-04 | wd=0.0499 | mom=0.9500 | T=8.5 k=4.0 (mu_rec=8 mu_bwd=4) | grad=2.734 | tok/s=26,400 | tokens=1.25B
step= 38250 | loss=4.9412 | lr=3.00e-04 | wd=0.0499 | mom=0.9500 | T=11.5 k=3.8 (mu_rec=8 mu_bwd=4) | grad=3.312 | tok/s=26,005 | tokens=1.25B
step= 38260 | loss=4.8981 | lr=3.00e-04 | wd=0.0499 | mom=0.9500 | T=7.0 k=4.0 (mu_rec=8 mu_bwd=4) | grad=2.547 | tok/s=25,180 | tokens=1.25B
step= 38270 | loss=5.0886 | lr=3.00e-04 | wd=0.0498 | mom=0.9500 | T=5.5 k=3.8 (mu_rec=8 mu_bwd=4) | grad=3.781 | tok/s=25,770 | tokens=1.25B
step= 38280 | loss=5.0462 | lr=3.00e-04 | wd=0.0498 | mom=0.9500 | T=5.5 k=3.8 (mu_rec=8 mu_bwd=4) | grad=2.844 | tok/s=23,583 | tokens=1.25B
step= 38290 | loss=4.7788 | lr=3.00e-04 | wd=0.0498 | mom=0.9500 | T=6.2 k=3.8 (mu_rec=8 mu_bwd=4) | grad=2.453 | tok/s=24,951 | tokens=1.25B
step= 38300 | loss=4.8408 | lr=3.00e-04 | wd=0.0498 | mom=0.9500 | T=10.5 k=4.0 (mu_rec=8 mu_bwd=4) | grad=2.703 | tok/s=25,119 | tokens=1.26B
step= 38310 | loss=4.9782 | lr=3.00e-04 | wd=0.0498 | mom=0.9500 | T=7.2 k=4.0 (mu_rec=8 mu_bwd=4) | grad=3.344 | tok/s=25,727 | tokens=1.26B
step= 38320 | loss=4.9357 | lr=3.00e-04 | wd=0.0498 | mom=0.9500 | T=6.5 k=3.2 (mu_rec=8 mu_bwd=4) | grad=2.797 | tok/s=26,013 | tokens=1.26B
step= 38330 | loss=5.0955 | lr=3.00e-04 | wd=0.0498 | mom=0.9500 | T=8.2 k=3.8 (mu_rec=8 mu_bwd=4) | grad=4.281 | tok/s=23,036 | tokens=1.26B
step= 38340 | loss=4.7138 | lr=3.00e-04 | wd=0.0497 | mom=0.9500 | T=6.0 k=3.5 (mu_rec=8 mu_bwd=4) | grad=2.172 | tok/s=24,498 | tokens=1.26B
step= 38350 | loss=4.7967 | lr=3.00e-04 | wd=0.0497 | mom=0.9500 | T=7.5 k=4.0 (mu_rec=8 mu_bwd=4) | grad=2.875 | tok/s=26,303 | tokens=1.26B
step= 38360 | loss=4.9731 | lr=3.00e-04 | wd=0.0497 | mom=0.9500 | T=10.5 k=4.0 (mu_rec=8 mu_bwd=4) | grad=7.344 | tok/s=23,648 | tokens=1.26B
step= 38370 | loss=4.7993 | lr=3.00e-04 | wd=0.0497 | mom=0.9500 | T=7.0 k=4.0 (mu_rec=8 mu_bwd=4) | grad=4.312 | tok/s=24,759 | tokens=1.26B
step= 38380 | loss=4.8706 | lr=3.00e-04 | wd=0.0497 | mom=0.9500 | T=6.0 k=3.5 (mu_rec=8 mu_bwd=4) | grad=2.922 | tok/s=25,037 | tokens=1.26B
step= 38390 | loss=4.8806 | lr=3.00e-04 | wd=0.0497 | mom=0.9500 | T=6.8 k=4.0 (mu_rec=8 mu_bwd=4) | grad=6.906 | tok/s=26,366 | tokens=1.26B
step= 38400 | loss=4.7300 | lr=3.00e-04 | wd=0.0497 | mom=0.9500 | T=10.2 k=4.0 (mu_rec=8 mu_bwd=4) | grad=2.391 | tok/s=24,567 | tokens=1.26B
step= 38410 | loss=4.6092 | lr=3.00e-04 | wd=0.0497 | mom=0.9500 | T=6.5 k=4.0 (mu_rec=8 mu_bwd=4) | grad=4.469 | tok/s=25,264 | tokens=1.26B
step= 38420 | loss=4.9502 | lr=3.00e-04 | wd=0.0496 | mom=0.9500 | T=6.8 k=3.5 (mu_rec=8 mu_bwd=4) | grad=6.656 | tok/s=25,540 | tokens=1.26B
step= 38430 | loss=4.6575 | lr=3.00e-04 | wd=0.0496 | mom=0.9500 | T=10.8 k=4.0 (mu_rec=8 mu_bwd=4) | grad=4.531 | tok/s=23,885 | tokens=1.26B
step= 38440 | loss=4.9536 | lr=3.00e-04 | wd=0.0496 | mom=0.9500 | T=7.2 k=3.8 (mu_rec=8 mu_bwd=4) | grad=2.562 | tok/s=24,059 | tokens=1.26B
step= 38450 | loss=4.7147 | lr=3.00e-04 | wd=0.0496 | mom=0.9500 | T=5.2 k=3.5 (mu_rec=8 mu_bwd=4) | grad=5.312 | tok/s=24,366 | tokens=1.26B
step= 38460 | loss=4.6073 | lr=3.00e-04 | wd=0.0496 | mom=0.9500 | T=7.0 k=4.0 (mu_rec=8 mu_bwd=4) | grad=2.500 | tok/s=26,032 | tokens=1.26B
step= 38470 | loss=4.7387 | lr=3.00e-04 | wd=0.0496 | mom=0.9500 | T=6.2 k=3.2 (mu_rec=8 mu_bwd=4) | grad=3.250 | tok/s=24,588 | tokens=1.26B
step= 38480 | loss=4.7652 | lr=3.00e-04 | wd=0.0496 | mom=0.9500 | T=7.0 k=3.2 (mu_rec=8 mu_bwd=4) | grad=3.734 | tok/s=26,024 | tokens=1.26B
step= 38490 | loss=4.7955 | lr=3.00e-04 | wd=0.0496 | mom=0.9500 | T=6.2 k=4.0 (mu_rec=8 mu_bwd=4) | grad=2.562 | tok/s=26,631 | tokens=1.26B
step= 38500 | loss=4.7362 | lr=3.00e-04 | wd=0.0495 | mom=0.9500 | T=13.0 k=4.0 (mu_rec=8 mu_bwd=4) | grad=2.875 | tok/s=24,476 | tokens=1.26B
step= 38510 | loss=4.9556 | lr=3.00e-04 | wd=0.0495 | mom=0.9500 | T=4.2 k=3.8 (mu_rec=8 mu_bwd=4) | grad=6.875 | tok/s=25,083 | tokens=1.26B
step= 38520 | loss=5.0584 | lr=3.00e-04 | wd=0.0495 | mom=0.9500 | T=7.5 k=4.0 (mu_rec=8 mu_bwd=4) | grad=3.172 | tok/s=25,836 | tokens=1.26B
step= 38530 | loss=5.0367 | lr=3.00e-04 | wd=0.0495 | mom=0.9500 | T=8.0 k=4.0 (mu_rec=8 mu_bwd=4) | grad=5.219 | tok/s=23,896 | tokens=1.26B
step= 38540 | loss=4.9830 | lr=3.00e-04 | wd=0.0495 | mom=0.9500 | T=4.8 k=3.8 (mu_rec=8 mu_bwd=4) | grad=4.812 | tok/s=24,396 | tokens=1.26B
step= 38550 | loss=4.8058 | lr=3.00e-04 | wd=0.0495 | mom=0.9500 | T=8.8 k=3.8 (mu_rec=8 mu_bwd=4) | grad=4.375 | tok/s=26,770 | tokens=1.26B
step= 38560 | loss=5.1577 | lr=3.00e-04 | wd=0.0495 | mom=0.9500 | T=5.0 k=2.2 (mu_rec=8 mu_bwd=4) | grad=3.828 | tok/s=26,991 | tokens=1.26B
step= 38570 | loss=4.8435 | lr=3.00e-04 | wd=0.0494 | mom=0.9500 | T=9.5 k=3.8 (mu_rec=8 mu_bwd=4) | grad=2.516 | tok/s=23,960 | tokens=1.26B
step= 38580 | loss=4.8023 | lr=3.00e-04 | wd=0.0494 | mom=0.9500 | T=6.8 k=3.8 (mu_rec=8 mu_bwd=4) | grad=2.938 | tok/s=22,618 | tokens=1.26B
step= 38590 | loss=4.9360 | lr=3.00e-04 | wd=0.0494 | mom=0.9500 | T=6.0 k=3.8 (mu_rec=8 mu_bwd=4) | grad=2.453 | tok/s=26,204 | tokens=1.26B
step= 38600 | loss=4.8265 | lr=3.00e-04 | wd=0.0494 | mom=0.9500 | T=12.5 k=4.0 (mu_rec=8 mu_bwd=4) | grad=2.375 | tok/s=24,883 | tokens=1.26B
step= 38610 | loss=4.8796 | lr=3.00e-04 | wd=0.0494 | mom=0.9500 | T=16.2 k=4.0 (mu_rec=8 mu_bwd=4) | grad=2.969 | tok/s=24,345 | tokens=1.27B
step= 38620 | loss=4.8455 | lr=3.00e-04 | wd=0.0494 | mom=0.9500 | T=9.0 k=4.0 (mu_rec=8 mu_bwd=4) | grad=2.188 | tok/s=26,080 | tokens=1.27B
step= 38630 | loss=4.7385 | lr=3.00e-04 | wd=0.0494 | mom=0.9500 | T=8.5 k=4.0 (mu_rec=8 mu_bwd=4) | grad=3.234 | tok/s=23,988 | tokens=1.27B
step= 38640 | loss=4.9447 | lr=3.00e-04 | wd=0.0494 | mom=0.9500 | T=11.0 k=4.0 (mu_rec=8 mu_bwd=4) | grad=2.422 | tok/s=23,979 | tokens=1.27B
step= 38650 | loss=4.7841 | lr=3.00e-04 | wd=0.0493 | mom=0.9500 | T=10.0 k=3.2 (mu_rec=8 mu_bwd=4) | grad=2.234 | tok/s=25,711 | tokens=1.27B
step= 38660 | loss=4.8471 | lr=3.00e-04 | wd=0.0493 | mom=0.9500 | T=9.5 k=4.0 (mu_rec=8 mu_bwd=4) | grad=2.953 | tok/s=23,268 | tokens=1.27B
step= 38670 | loss=5.1154 | lr=3.00e-04 | wd=0.0493 | mom=0.9500 | T=10.8 k=4.0 (mu_rec=8 mu_bwd=4) | grad=3.906 | tok/s=23,027 | tokens=1.27B
step= 38680 | loss=5.0740 | lr=3.00e-04 | wd=0.0493 | mom=0.9500 | T=5.8 k=3.8 (mu_rec=8 mu_bwd=4) | grad=2.641 | tok/s=24,094 | tokens=1.27B
step= 38690 | loss=4.7642 | lr=3.00e-04 | wd=0.0493 | mom=0.9500 | T=3.8 k=3.0 (mu_rec=8 mu_bwd=4) | grad=2.578 | tok/s=25,375 | tokens=1.27B
step= 38700 | loss=4.6965 | lr=3.00e-04 | wd=0.0493 | mom=0.9500 | T=8.0 k=4.0 (mu_rec=8 mu_bwd=4) | grad=2.422 | tok/s=25,404 | tokens=1.27B
step= 38710 | loss=4.7613 | lr=3.00e-04 | wd=0.0493 | mom=0.9500 | T=8.2 k=4.0 (mu_rec=8 mu_bwd=4) | grad=4.219 | tok/s=23,730 | tokens=1.27B
step= 38720 | loss=4.9443 | lr=3.00e-04 | wd=0.0492 | mom=0.9500 | T=6.0 k=3.2 (mu_rec=8 mu_bwd=4) | grad=5.531 | tok/s=25,508 | tokens=1.27B
step= 38730 | loss=4.7845 | lr=3.00e-04 | wd=0.0492 | mom=0.9500 | T=7.2 k=4.0 (mu_rec=8 mu_bwd=4) | grad=3.359 | tok/s=25,294 | tokens=1.27B
step= 38740 | loss=4.8883 | lr=3.00e-04 | wd=0.0492 | mom=0.9500 | T=4.5 k=3.8 (mu_rec=8 mu_bwd=4) | grad=3.234 | tok/s=26,140 | tokens=1.27B
step= 38750 | loss=4.9759 | lr=3.00e-04 | wd=0.0492 | mom=0.9500 | T=9.8 k=3.5 (mu_rec=8 mu_bwd=4) | grad=13.000 | tok/s=26,039 | tokens=1.27B
step= 38760 | loss=4.9110 | lr=3.00e-04 | wd=0.0492 | mom=0.9500 | T=7.5 k=3.2 (mu_rec=8 mu_bwd=4) | grad=3.125 | tok/s=23,332 | tokens=1.27B
step= 38770 | loss=4.7666 | lr=3.00e-04 | wd=0.0492 | mom=0.9500 | T=14.8 k=4.0 (mu_rec=8 mu_bwd=4) | grad=3.359 | tok/s=21,887 | tokens=1.27B
step= 38780 | loss=4.8297 | lr=3.00e-04 | wd=0.0492 | mom=0.9500 | T=10.5 k=4.0 (mu_rec=8 mu_bwd=4) | grad=2.766 | tok/s=24,953 | tokens=1.27B
step= 38790 | loss=4.9099 | lr=3.00e-04 | wd=0.0492 | mom=0.9500 | T=7.2 k=2.5 (mu_rec=8 mu_bwd=4) | grad=3.188 | tok/s=24,220 | tokens=1.27B
step= 38800 | loss=4.7705 | lr=3.00e-04 | wd=0.0491 | mom=0.9500 | T=8.8 k=4.0 (mu_rec=8 mu_bwd=4) | grad=3.578 | tok/s=25,193 | tokens=1.27B
step= 38810 | loss=4.7384 | lr=3.00e-04 | wd=0.0491 | mom=0.9500 | T=5.2 k=2.5 (mu_rec=8 mu_bwd=4) | grad=5.844 | tok/s=25,186 | tokens=1.27B
step= 38820 | loss=4.8652 | lr=3.00e-04 | wd=0.0491 | mom=0.9500 | T=8.0 k=3.8 (mu_rec=8 mu_bwd=4) | grad=2.438 | tok/s=23,609 | tokens=1.27B
step= 38830 | loss=5.1174 | lr=3.00e-04 | wd=0.0491 | mom=0.9500 | T=8.0 k=4.0 (mu_rec=8 mu_bwd=4) | grad=4.062 | tok/s=24,704 | tokens=1.27B
step= 38840 | loss=4.8895 | lr=3.00e-04 | wd=0.0491 | mom=0.9500 | T=11.0 k=4.0 (mu_rec=8 mu_bwd=4) | grad=3.188 | tok/s=24,780 | tokens=1.27B
step= 38850 | loss=4.7665 | lr=3.00e-04 | wd=0.0491 | mom=0.9500 | T=8.2 k=4.0 (mu_rec=8 mu_bwd=4) | grad=2.812 | tok/s=24,590 | tokens=1.27B
step= 38860 | loss=4.9237 | lr=3.00e-04 | wd=0.0491 | mom=0.9500 | T=6.2 k=3.2 (mu_rec=8 mu_bwd=4) | grad=3.172 | tok/s=25,872 | tokens=1.27B
step= 38870 | loss=4.7458 | lr=3.00e-04 | wd=0.0491 | mom=0.9500 | T=8.2 k=4.0 (mu_rec=8 mu_bwd=4) | grad=2.812 | tok/s=24,706 | tokens=1.27B
step= 38880 | loss=4.8157 | lr=3.00e-04 | wd=0.0490 | mom=0.9500 | T=6.2 k=3.8 (mu_rec=8 mu_bwd=4) | grad=2.328 | tok/s=26,830 | tokens=1.27B
step= 38890 | loss=4.7292 | lr=3.00e-04 | wd=0.0490 | mom=0.9500 | T=9.8 k=3.2 (mu_rec=8 mu_bwd=4) | grad=2.453 | tok/s=24,327 | tokens=1.27B
step= 38900 | loss=4.7830 | lr=3.00e-04 | wd=0.0490 | mom=0.9500 | T=7.2 k=3.5 (mu_rec=8 mu_bwd=4) | grad=2.797 | tok/s=22,509 | tokens=1.27B
step= 38910 | loss=4.7338 | lr=3.00e-04 | wd=0.0490 | mom=0.9500 | T=6.0 k=3.5 (mu_rec=8 mu_bwd=4) | grad=3.234 | tok/s=25,992 | tokens=1.28B
step= 38920 | loss=4.8742 | lr=3.00e-04 | wd=0.0490 | mom=0.9500 | T=16.5 k=4.0 (mu_rec=8 mu_bwd=4) | grad=4.531 | tok/s=23,647 | tokens=1.28B
step= 38930 | loss=4.7862 | lr=3.00e-04 | wd=0.0490 | mom=0.9500 | T=9.2 k=4.0 (mu_rec=8 mu_bwd=4) | grad=3.250 | tok/s=25,136 | tokens=1.28B
step= 38940 | loss=4.7562 | lr=3.00e-04 | wd=0.0490 | mom=0.9500 | T=9.2 k=4.0 (mu_rec=8 mu_bwd=4) | grad=4.500 | tok/s=25,182 | tokens=1.28B
step= 38950 | loss=4.9774 | lr=3.00e-04 | wd=0.0489 | mom=0.9500 | T=10.8 k=4.0 (mu_rec=8 mu_bwd=4) | grad=3.594 | tok/s=24,062 | tokens=1.28B
step= 38960 | loss=4.6166 | lr=3.00e-04 | wd=0.0489 | mom=0.9500 | T=8.5 k=4.0 (mu_rec=8 mu_bwd=4) | grad=2.406 | tok/s=23,045 | tokens=1.28B
step= 38970 | loss=4.9380 | lr=3.00e-04 | wd=0.0489 | mom=0.9500 | T=7.0 k=2.8 (mu_rec=8 mu_bwd=4) | grad=2.766 | tok/s=9,108 | tokens=1.28B
step= 38980 | loss=4.7663 | lr=3.00e-04 | wd=0.0489 | mom=0.9500 | T=7.5 k=3.2 (mu_rec=8 mu_bwd=4) | grad=3.000 | tok/s=26,375 | tokens=1.28B
step= 38990 | loss=4.8185 | lr=3.00e-04 | wd=0.0489 | mom=0.9500 | T=8.0 k=4.0 (mu_rec=8 mu_bwd=4) | grad=7.250 | tok/s=23,632 | tokens=1.28B
step= 39000 | loss=4.7590 | lr=3.00e-04 | wd=0.0489 | mom=0.9500 | T=6.2 k=4.0 (mu_rec=8 mu_bwd=4) | grad=2.406 | tok/s=24,384 | tokens=1.28B
step= 39010 | loss=4.7378 | lr=3.00e-04 | wd=0.0489 | mom=0.9500 | T=6.0 k=3.8 (mu_rec=8 mu_bwd=4) | grad=3.281 | tok/s=24,126 | tokens=1.28B
step= 39020 | loss=4.7764 | lr=3.00e-04 | wd=0.0489 | mom=0.9500 | T=6.2 k=3.0 (mu_rec=8 mu_bwd=4) | grad=3.094 | tok/s=25,506 | tokens=1.28B
step= 39030 | loss=5.0046 | lr=3.00e-04 | wd=0.0488 | mom=0.9500 | T=11.2 k=4.0 (mu_rec=8 mu_bwd=4) | grad=4.938 | tok/s=22,838 | tokens=1.28B
step= 39040 | loss=4.7482 | lr=3.00e-04 | wd=0.0488 | mom=0.9500 | T=8.5 k=2.8 (mu_rec=8 mu_bwd=4) | grad=3.016 | tok/s=24,118 | tokens=1.28B
step= 39050 | loss=4.7964 | lr=3.00e-04 | wd=0.0488 | mom=0.9500 | T=6.5 k=4.0 (mu_rec=8 mu_bwd=4) | grad=2.578 | tok/s=8,973 | tokens=1.28B
step= 39060 | loss=4.5812 | lr=3.00e-04 | wd=0.0488 | mom=0.9500 | T=4.5 k=3.8 (mu_rec=8 mu_bwd=4) | grad=2.844 | tok/s=27,772 | tokens=1.28B
step= 39070 | loss=4.8169 | lr=3.00e-04 | wd=0.0488 | mom=0.9500 | T=8.0 k=4.0 (mu_rec=8 mu_bwd=4) | grad=3.438 | tok/s=23,749 | tokens=1.28B
step= 39080 | loss=4.8865 | lr=3.00e-04 | wd=0.0488 | mom=0.9500 | T=4.2 k=3.0 (mu_rec=8 mu_bwd=4) | grad=4.688 | tok/s=26,105 | tokens=1.28B
step= 39090 | loss=4.9389 | lr=3.00e-04 | wd=0.0488 | mom=0.9500 | T=6.8 k=3.2 (mu_rec=8 mu_bwd=4) | grad=4.469 | tok/s=25,550 | tokens=1.28B
step= 39100 | loss=4.7559 | lr=3.00e-04 | wd=0.0488 | mom=0.9500 | T=2.8 k=2.2 (mu_rec=8 mu_bwd=4) | grad=2.484 | tok/s=26,013 | tokens=1.28B
step= 39110 | loss=4.8507 | lr=3.00e-04 | wd=0.0487 | mom=0.9500 | T=9.5 k=4.0 (mu_rec=8 mu_bwd=4) | grad=3.625 | tok/s=25,957 | tokens=1.28B
step= 39120 | loss=4.8980 | lr=3.00e-04 | wd=0.0487 | mom=0.9500 | T=13.2 k=4.0 (mu_rec=8 mu_bwd=4) | grad=3.188 | tok/s=24,744 | tokens=1.28B
step= 39130 | loss=4.6678 | lr=3.00e-04 | wd=0.0487 | mom=0.9500 | T=8.2 k=4.0 (mu_rec=8 mu_bwd=4) | grad=2.984 | tok/s=25,761 | tokens=1.28B
step= 39140 | loss=4.8982 | lr=3.00e-04 | wd=0.0487 | mom=0.9500 | T=12.2 k=4.0 (mu_rec=8 mu_bwd=4) | grad=3.000 | tok/s=24,427 | tokens=1.28B
step= 39150 | loss=4.7227 | lr=3.00e-04 | wd=0.0487 | mom=0.9500 | T=6.5 k=4.0 (mu_rec=8 mu_bwd=4) | grad=3.656 | tok/s=24,930 | tokens=1.28B
step= 39160 | loss=4.5580 | lr=3.00e-04 | wd=0.0487 | mom=0.9500 | T=10.2 k=4.0 (mu_rec=8 mu_bwd=4) | grad=1.938 | tok/s=24,527 | tokens=1.28B
step= 39170 | loss=4.8172 | lr=3.00e-04 | wd=0.0487 | mom=0.9500 | T=6.8 k=4.0 (mu_rec=8 mu_bwd=4) | grad=10.062 | tok/s=24,196 | tokens=1.28B
step= 39180 | loss=4.9445 | lr=3.00e-04 | wd=0.0486 | mom=0.9500 | T=8.0 k=4.0 (mu_rec=8 mu_bwd=4) | grad=5.438 | tok/s=24,484 | tokens=1.28B
step= 39190 | loss=4.7223 | lr=3.00e-04 | wd=0.0486 | mom=0.9500 | T=5.2 k=3.8 (mu_rec=8 mu_bwd=4) | grad=6.688 | tok/s=28,031 | tokens=1.28B
step= 39200 | loss=4.6686 | lr=3.00e-04 | wd=0.0486 | mom=0.9500 | T=6.8 k=3.5 (mu_rec=8 mu_bwd=4) | grad=2.422 | tok/s=25,025 | tokens=1.28B
step= 39210 | loss=4.9857 | lr=3.00e-04 | wd=0.0486 | mom=0.9500 | T=4.8 k=3.8 (mu_rec=8 mu_bwd=4) | grad=3.406 | tok/s=24,994 | tokens=1.28B
step= 39220 | loss=4.8270 | lr=3.00e-04 | wd=0.0486 | mom=0.9500 | T=2.0 k=2.0 (mu_rec=8 mu_bwd=4) | grad=2.953 | tok/s=27,933 | tokens=1.29B
step= 39230 | loss=5.1774 | lr=3.00e-04 | wd=0.0486 | mom=0.9500 | T=7.8 k=4.0 (mu_rec=8 mu_bwd=4) | grad=5.031 | tok/s=23,915 | tokens=1.29B
step= 39240 | loss=4.9877 | lr=3.00e-04 | wd=0.0486 | mom=0.9500 | T=6.5 k=3.8 (mu_rec=8 mu_bwd=4) | grad=3.000 | tok/s=25,514 | tokens=1.29B
step= 39250 | loss=4.7297 | lr=3.00e-04 | wd=0.0486 | mom=0.9500 | T=5.5 k=4.0 (mu_rec=8 mu_bwd=4) | grad=3.531 | tok/s=23,909 | tokens=1.29B
step= 39260 | loss=4.6569 | lr=3.00e-04 | wd=0.0485 | mom=0.9500 | T=9.0 k=4.0 (mu_rec=8 mu_bwd=4) | grad=5.000 | tok/s=23,474 | tokens=1.29B
step= 39270 | loss=4.9003 | lr=3.00e-04 | wd=0.0485 | mom=0.9500 | T=8.8 k=4.0 (mu_rec=8 mu_bwd=4) | grad=4.094 | tok/s=24,825 | tokens=1.29B
step= 39280 | loss=4.7679 | lr=3.00e-04 | wd=0.0485 | mom=0.9500 | T=9.0 k=3.2 (mu_rec=8 mu_bwd=4) | grad=4.344 | tok/s=24,912 | tokens=1.29B
step= 39290 | loss=4.8162 | lr=3.00e-04 | wd=0.0485 | mom=0.9500 | T=9.0 k=3.8 (mu_rec=8 mu_bwd=4) | grad=3.969 | tok/s=25,538 | tokens=1.29B
step= 39300 | loss=4.9562 | lr=3.00e-04 | wd=0.0485 | mom=0.9500 | T=6.2 k=4.0 (mu_rec=8 mu_bwd=4) | grad=3.109 | tok/s=26,069 | tokens=1.29B
step= 39310 | loss=4.8261 | lr=3.00e-04 | wd=0.0485 | mom=0.9500 | T=6.5 k=3.0 (mu_rec=8 mu_bwd=4) | grad=4.375 | tok/s=25,835 | tokens=1.29B
step= 39320 | loss=4.7720 | lr=3.00e-04 | wd=0.0485 | mom=0.9500 | T=9.2 k=3.5 (mu_rec=8 mu_bwd=4) | grad=4.656 | tok/s=26,369 | tokens=1.29B
step= 39330 | loss=4.5353 | lr=3.00e-04 | wd=0.0485 | mom=0.9500 | T=11.0 k=4.0 (mu_rec=8 mu_bwd=4) | grad=2.797 | tok/s=24,494 | tokens=1.29B
step= 39340 | loss=4.8417 | lr=3.00e-04 | wd=0.0484 | mom=0.9500 | T=5.2 k=3.5 (mu_rec=8 mu_bwd=4) | grad=3.297 | tok/s=25,843 | tokens=1.29B
step= 39350 | loss=4.8474 | lr=3.00e-04 | wd=0.0484 | mom=0.9500 | T=12.8 k=4.0 (mu_rec=8 mu_bwd=4) | grad=2.719 | tok/s=25,093 | tokens=1.29B
step= 39360 | loss=4.7554 | lr=3.00e-04 | wd=0.0484 | mom=0.9500 | T=6.8 k=4.0 (mu_rec=8 mu_bwd=4) | grad=3.500 | tok/s=25,096 | tokens=1.29B
step= 39370 | loss=5.0104 | lr=3.00e-04 | wd=0.0484 | mom=0.9500 | T=6.5 k=3.5 (mu_rec=8 mu_bwd=4) | grad=3.031 | tok/s=25,429 | tokens=1.29B
step= 39380 | loss=4.8456 | lr=3.00e-04 | wd=0.0484 | mom=0.9500 | T=5.8 k=3.2 (mu_rec=8 mu_bwd=4) | grad=2.344 | tok/s=26,339 | tokens=1.29B
step= 39390 | loss=4.8262 | lr=3.00e-04 | wd=0.0484 | mom=0.9500 | T=7.5 k=4.0 (mu_rec=8 mu_bwd=4) | grad=4.625 | tok/s=25,201 | tokens=1.29B
step= 39400 | loss=4.8113 | lr=3.00e-04 | wd=0.0484 | mom=0.9500 | T=4.8 k=3.2 (mu_rec=8 mu_bwd=4) | grad=2.438 | tok/s=25,437 | tokens=1.29B
step= 39410 | loss=5.0947 | lr=3.00e-04 | wd=0.0483 | mom=0.9500 | T=4.8 k=4.0 (mu_rec=8 mu_bwd=4) | grad=2.609 | tok/s=25,386 | tokens=1.29B
step= 39420 | loss=5.3992 | lr=3.00e-04 | wd=0.0483 | mom=0.9500 | T=10.8 k=4.0 (mu_rec=8 mu_bwd=4) | grad=3.062 | tok/s=23,555 | tokens=1.29B
step= 39430 | loss=4.9673 | lr=3.00e-04 | wd=0.0483 | mom=0.9500 | T=13.0 k=4.0 (mu_rec=8 mu_bwd=4) | grad=2.859 | tok/s=21,622 | tokens=1.29B
step= 39440 | loss=4.7716 | lr=3.00e-04 | wd=0.0483 | mom=0.9500 | T=10.8 k=3.8 (mu_rec=8 mu_bwd=4) | grad=4.188 | tok/s=25,264 | tokens=1.29B
step= 39450 | loss=4.7902 | lr=3.00e-04 | wd=0.0483 | mom=0.9500 | T=5.5 k=3.2 (mu_rec=8 mu_bwd=4) | grad=2.891 | tok/s=24,169 | tokens=1.29B
step= 39460 | loss=4.7754 | lr=3.00e-04 | wd=0.0483 | mom=0.9500 | T=5.2 k=4.0 (mu_rec=8 mu_bwd=4) | grad=6.094 | tok/s=25,162 | tokens=1.29B
step= 39470 | loss=4.7905 | lr=3.00e-04 | wd=0.0483 | mom=0.9500 | T=13.8 k=3.8 (mu_rec=8 mu_bwd=4) | grad=2.422 | tok/s=23,875 | tokens=1.29B
step= 39480 | loss=4.6470 | lr=3.00e-04 | wd=0.0483 | mom=0.9500 | T=7.8 k=3.0 (mu_rec=8 mu_bwd=4) | grad=2.562 | tok/s=23,981 | tokens=1.29B
step= 39490 | loss=4.6421 | lr=3.00e-04 | wd=0.0482 | mom=0.9500 | T=11.2 k=4.0 (mu_rec=8 mu_bwd=4) | grad=4.875 | tok/s=24,397 | tokens=1.29B
step= 39500 | loss=4.8376 | lr=3.00e-04 | wd=0.0482 | mom=0.9500 | T=6.8 k=4.0 (mu_rec=8 mu_bwd=4) | grad=3.156 | tok/s=24,720 | tokens=1.29B
step= 39510 | loss=4.8776 | lr=3.00e-04 | wd=0.0482 | mom=0.9500 | T=11.2 k=3.2 (mu_rec=8 mu_bwd=4) | grad=3.438 | tok/s=24,130 | tokens=1.29B
step= 39520 | loss=4.8879 | lr=3.00e-04 | wd=0.0482 | mom=0.9500 | T=6.2 k=3.5 (mu_rec=8 mu_bwd=4) | grad=2.859 | tok/s=25,820 | tokens=1.29B
step= 39530 | loss=5.0450 | lr=3.00e-04 | wd=0.0482 | mom=0.9500 | T=12.8 k=4.0 (mu_rec=8 mu_bwd=4) | grad=5.469 | tok/s=23,029 | tokens=1.30B
step= 39540 | loss=4.9269 | lr=3.00e-04 | wd=0.0482 | mom=0.9500 | T=7.8 k=3.8 (mu_rec=8 mu_bwd=4) | grad=2.969 | tok/s=24,515 | tokens=1.30B
step= 39550 | loss=4.7004 | lr=3.00e-04 | wd=0.0482 | mom=0.9500 | T=8.5 k=3.8 (mu_rec=8 mu_bwd=4) | grad=3.250 | tok/s=23,428 | tokens=1.30B
step= 39560 | loss=4.8423 | lr=3.00e-04 | wd=0.0481 | mom=0.9500 | T=8.0 k=4.0 (mu_rec=8 mu_bwd=4) | grad=3.125 | tok/s=24,267 | tokens=1.30B
step= 39570 | loss=4.6429 | lr=3.00e-04 | wd=0.0481 | mom=0.9500 | T=7.5 k=4.0 (mu_rec=8 mu_bwd=4) | grad=3.281 | tok/s=23,387 | tokens=1.30B
step= 39580 | loss=4.5445 | lr=3.00e-04 | wd=0.0481 | mom=0.9500 | T=10.0 k=4.0 (mu_rec=8 mu_bwd=4) | grad=2.703 | tok/s=24,939 | tokens=1.30B
step= 39590 | loss=4.6001 | lr=3.00e-04 | wd=0.0481 | mom=0.9500 | T=9.0 k=4.0 (mu_rec=8 mu_bwd=4) | grad=4.375 | tok/s=24,037 | tokens=1.30B
step= 39600 | loss=4.7236 | lr=3.00e-04 | wd=0.0481 | mom=0.9500 | T=4.2 k=3.5 (mu_rec=8 mu_bwd=4) | grad=3.047 | tok/s=26,290 | tokens=1.30B
step= 39610 | loss=4.7704 | lr=3.00e-04 | wd=0.0481 | mom=0.9500 | T=8.0 k=4.0 (mu_rec=8 mu_bwd=4) | grad=4.250 | tok/s=23,276 | tokens=1.30B
step= 39620 | loss=4.7644 | lr=3.00e-04 | wd=0.0481 | mom=0.9500 | T=5.0 k=3.2 (mu_rec=8 mu_bwd=4) | grad=3.562 | tok/s=24,080 | tokens=1.30B
step= 39630 | loss=4.7871 | lr=3.00e-04 | wd=0.0481 | mom=0.9500 | T=6.0 k=4.0 (mu_rec=8 mu_bwd=4) | grad=4.062 | tok/s=24,774 | tokens=1.30B
step= 39640 | loss=4.8442 | lr=3.00e-04 | wd=0.0480 | mom=0.9500 | T=4.0 k=3.0 (mu_rec=8 mu_bwd=4) | grad=2.406 | tok/s=23,761 | tokens=1.30B
step= 39650 | loss=4.7569 | lr=3.00e-04 | wd=0.0480 | mom=0.9500 | T=5.8 k=3.5 (mu_rec=8 mu_bwd=4) | grad=2.656 | tok/s=23,574 | tokens=1.30B
step= 39660 | loss=4.6747 | lr=3.00e-04 | wd=0.0480 | mom=0.9500 | T=16.8 k=4.0 (mu_rec=8 mu_bwd=4) | grad=2.938 | tok/s=23,398 | tokens=1.30B
step= 39670 | loss=4.8975 | lr=3.00e-04 | wd=0.0480 | mom=0.9500 | T=6.2 k=3.2 (mu_rec=8 mu_bwd=4) | grad=5.156 | tok/s=22,135 | tokens=1.30B
step= 39680 | loss=4.6134 | lr=3.00e-04 | wd=0.0480 | mom=0.9500 | T=5.2 k=3.8 (mu_rec=8 mu_bwd=4) | grad=3.453 | tok/s=26,887 | tokens=1.30B
step= 39690 | loss=4.5381 | lr=3.00e-04 | wd=0.0480 | mom=0.9500 | T=5.5 k=4.0 (mu_rec=8 mu_bwd=4) | grad=2.406 | tok/s=26,482 | tokens=1.30B
step= 39700 | loss=4.6053 | lr=3.00e-04 | wd=0.0480 | mom=0.9500 | T=6.8 k=3.2 (mu_rec=8 mu_bwd=4) | grad=2.500 | tok/s=26,505 | tokens=1.30B
step= 39710 | loss=4.8802 | lr=3.00e-04 | wd=0.0480 | mom=0.9500 | T=9.5 k=3.2 (mu_rec=8 mu_bwd=4) | grad=3.000 | tok/s=24,892 | tokens=1.30B
step= 39720 | loss=4.8927 | lr=3.00e-04 | wd=0.0479 | mom=0.9500 | T=7.2 k=3.8 (mu_rec=8 mu_bwd=4) | grad=2.141 | tok/s=24,274 | tokens=1.30B
step= 39730 | loss=4.5747 | lr=3.00e-04 | wd=0.0479 | mom=0.9500 | T=4.5 k=3.5 (mu_rec=8 mu_bwd=4) | grad=2.812 | tok/s=23,818 | tokens=1.30B
step= 39740 | loss=4.8954 | lr=3.00e-04 | wd=0.0479 | mom=0.9500 | T=10.5 k=4.0 (mu_rec=8 mu_bwd=4) | grad=2.312 | tok/s=23,908 | tokens=1.30B
step= 39750 | loss=4.8611 | lr=3.00e-04 | wd=0.0479 | mom=0.9500 | T=4.5 k=3.2 (mu_rec=8 mu_bwd=4) | grad=2.750 | tok/s=25,258 | tokens=1.30B
step= 39760 | loss=4.7208 | lr=3.00e-04 | wd=0.0479 | mom=0.9500 | T=9.8 k=4.0 (mu_rec=8 mu_bwd=4) | grad=3.484 | tok/s=23,805 | tokens=1.30B
step= 39770 | loss=4.7310 | lr=3.00e-04 | wd=0.0479 | mom=0.9500 | T=9.0 k=3.5 (mu_rec=8 mu_bwd=4) | grad=2.969 | tok/s=25,315 | tokens=1.30B
step= 39780 | loss=4.6800 | lr=3.00e-04 | wd=0.0479 | mom=0.9500 | T=9.2 k=4.0 (mu_rec=8 mu_bwd=4) | grad=2.312 | tok/s=24,649 | tokens=1.30B
step= 39790 | loss=4.8051 | lr=3.00e-04 | wd=0.0478 | mom=0.9500 | T=12.0 k=4.0 (mu_rec=8 mu_bwd=4) | grad=3.812 | tok/s=23,783 | tokens=1.30B
step= 39800 | loss=4.9556 | lr=3.00e-04 | wd=0.0478 | mom=0.9500 | T=11.8 k=4.0 (mu_rec=8 mu_bwd=4) | grad=4.188 | tok/s=23,491 | tokens=1.30B
step= 39810 | loss=4.5715 | lr=3.00e-04 | wd=0.0478 | mom=0.9500 | T=7.8 k=3.2 (mu_rec=8 mu_bwd=4) | grad=6.625 | tok/s=25,583 | tokens=1.30B
step= 39820 | loss=5.0304 | lr=3.00e-04 | wd=0.0478 | mom=0.9500 | T=5.5 k=3.2 (mu_rec=8 mu_bwd=4) | grad=2.891 | tok/s=25,377 | tokens=1.30B
step= 39830 | loss=4.7228 | lr=3.00e-04 | wd=0.0478 | mom=0.9500 | T=10.0 k=4.0 (mu_rec=8 mu_bwd=4) | grad=2.266 | tok/s=24,197 | tokens=1.31B
step= 39840 | loss=4.7699 | lr=3.00e-04 | wd=0.0478 | mom=0.9500 | T=5.2 k=3.2 (mu_rec=8 mu_bwd=4) | grad=5.531 | tok/s=25,513 | tokens=1.31B
step= 39850 | loss=4.7110 | lr=3.00e-04 | wd=0.0478 | mom=0.9500 | T=4.0 k=3.2 (mu_rec=8 mu_bwd=4) | grad=2.766 | tok/s=9,643 | tokens=1.31B
step= 39860 | loss=4.7345 | lr=3.00e-04 | wd=0.0478 | mom=0.9500 | T=10.8 k=4.0 (mu_rec=8 mu_bwd=4) | grad=2.562 | tok/s=25,929 | tokens=1.31B
step= 39870 | loss=4.8139 | lr=3.00e-04 | wd=0.0477 | mom=0.9500 | T=5.8 k=4.0 (mu_rec=8 mu_bwd=4) | grad=3.219 | tok/s=27,448 | tokens=1.31B
step= 39880 | loss=4.7223 | lr=3.00e-04 | wd=0.0477 | mom=0.9500 | T=5.8 k=3.2 (mu_rec=8 mu_bwd=4) | grad=4.656 | tok/s=24,475 | tokens=1.31B[2026-06-06T10:54:43.236] error: *** JOB 9496621 ON atl1-1-01-006-3-0 CANCELLED AT 2026-06-06T10:54:43 DUE to SIGNAL Terminated ***
---------------------------------------
Begin Slurm Epilog: Jun-06-2026 10:54:45
Job ID:        9496621
User ID:       hjiang420
Account:       gts-aivanova7-lab
Job name:      job5b_parcae_resume.sh
Resources:     cpu=8,gres/gpu:a100=1,mem=64G,node=1
Rsrc Used:     cput=13:57:12,vmem=0,walltime=01:44:39,mem=6780748K,energy_used=0
Partition:     gpu-a100
QOS:           inferno
Nodes:         atl1-1-01-006-3-0
---------------------------------------
