---------------------------------------
Begin Slurm Prolog: Jul-06-2026 13:52:19
Job ID:    10813879
User ID:   hjiang420
Account:   gts-aivanova7-lab
Job name:  job_eval_easy_cortex_k4.sh
Partition: gpu-a100
QOS:       inferno
---------------------------------------
============================================================
Easy evals [cortex-5b-k4]: LAMBADA, BLIMP, SciQ, ARC-Easy, PIQA
============================================================
[cortex-5b-k4] runs/cortex-5b-k4/checkpoint_0152584/checkpoint.pt
Warning: You are sending unauthenticated requests to the HF Hub. Please set a HF_TOKEN to enable higher rate limits and faster downloads.
Loading checkpoint: runs/cortex-5b-k4/checkpoint_0152584/checkpoint.pt
T=8  tasks=['lambada', 'blimp', 'sciq', 'arc_easy', 'piqa']

=======================================================
Task: lambada
=======================================================
  [lambada] 500/5153  acc=0.2600
  [lambada] 1000/5153  acc=0.2710
  [lambada] 1500/5153  acc=0.2727
  [lambada] 2000/5153  acc=0.2785
  [lambada] 2500/5153  acc=0.2732
  [lambada] 3000/5153  acc=0.2730
  [lambada] 3500/5153  acc=0.2709
  [lambada] 4000/5153  acc=0.2772
  [lambada] 4500/5153  acc=0.2778
  [lambada] 5000/5153  acc=0.2812
  lambada: 1453/5153 = 0.2820

=======================================================
Task: blimp
=======================================================
  [blimp/adjunct_island] 863/1000 = 0.8630
  [blimp/anaphor_gender_agreement] 904/1000 = 0.9040
  [blimp/anaphor_number_agreement] 976/1000 = 0.9760
  [blimp/animate_subject_passive] 779/1000 = 0.7790
  [blimp/animate_subject_trans] 782/1000 = 0.7820
  [blimp/causative] 659/1000 = 0.6590
  [blimp/complex_NP_island] 627/1000 = 0.6270
  [blimp/coordinate_structure_constraint_complex_left_branch] 535/1000 = 0.5350
  [blimp/coordinate_structure_constraint_object_extraction] 797/1000 = 0.7970
  [blimp/determiner_noun_agreement_1] 970/1000 = 0.9700
  [blimp/determiner_noun_agreement_2] 949/1000 = 0.9490
  [blimp/determiner_noun_agreement_irregular_1] 866/1000 = 0.8660
  [blimp/determiner_noun_agreement_irregular_2] 935/1000 = 0.9350
  [blimp/determiner_noun_agreement_with_adj_2] 889/1000 = 0.8890
  [blimp/determiner_noun_agreement_with_adj_irregular_1] 875/1000 = 0.8750
  [blimp/determiner_noun_agreement_with_adj_irregular_2] 874/1000 = 0.8740
  [blimp/determiner_noun_agreement_with_adjective_1] 933/1000 = 0.9330
  [blimp/distractor_agreement_relational_noun] 842/1000 = 0.8420
  [blimp/distractor_agreement_relative_clause] 597/1000 = 0.5970
  [blimp/drop_argument] 759/1000 = 0.7590
  [blimp/ellipsis_n_bar_1] 857/1000 = 0.8570
  [blimp/ellipsis_n_bar_2] 856/1000 = 0.8560
  [blimp/existential_there_object_raising] 821/1000 = 0.8210
  [blimp/existential_there_quantifiers_1] 982/1000 = 0.9820
  [blimp/existential_there_quantifiers_2] 404/1000 = 0.4040
  [blimp/existential_there_subject_raising] 857/1000 = 0.8570
  [blimp/expletive_it_object_raising] 775/1000 = 0.7750
  [blimp/inchoative] 601/1000 = 0.6010
  [blimp/intransitive] 770/1000 = 0.7700
  [blimp/irregular_past_participle_adjectives] 940/1000 = 0.9400
  [blimp/irregular_past_participle_verbs] 852/1000 = 0.8520
  [blimp/irregular_plural_subject_verb_agreement_1] 863/1000 = 0.8630
  [blimp/irregular_plural_subject_verb_agreement_2] 865/1000 = 0.8650
  [blimp/left_branch_island_echo_question] 280/1000 = 0.2800
  [blimp/left_branch_island_simple_question] 598/1000 = 0.5980
  [blimp/matrix_question_npi_licensor_present] 547/1000 = 0.5470
  [blimp/npi_present_1] 707/1000 = 0.7070
  [blimp/npi_present_2] 712/1000 = 0.7120
  [blimp/only_npi_licensor_present] 828/1000 = 0.8280
  [blimp/only_npi_scope] 689/1000 = 0.6890
  [blimp/passive_1] 884/1000 = 0.8840
  [blimp/passive_2] 886/1000 = 0.8860
  [blimp/principle_A_c_command] 615/1000 = 0.6150
  [blimp/principle_A_case_1] 1000/1000 = 1.0000
  [blimp/principle_A_case_2] 908/1000 = 0.9080
  [blimp/principle_A_domain_1] 991/1000 = 0.9910
  [blimp/principle_A_domain_2] 855/1000 = 0.8550
  [blimp/principle_A_domain_3] 503/1000 = 0.5030
  [blimp/principle_A_reconstruction] 466/1000 = 0.4660
  [blimp/regular_plural_subject_verb_agreement_1] 852/1000 = 0.8520
  [blimp/regular_plural_subject_verb_agreement_2] 879/1000 = 0.8790
  [blimp/sentential_negation_npi_licensor_present] 988/1000 = 0.9880
  [blimp/sentential_negation_npi_scope] 608/1000 = 0.6080
  [blimp/sentential_subject_island] 426/1000 = 0.4260
  [blimp/superlative_quantifiers_1] 652/1000 = 0.6520
  [blimp/superlative_quantifiers_2] 840/1000 = 0.8400
  [blimp/tough_vs_raising_1] 645/1000 = 0.6450
  [blimp/tough_vs_raising_2] 867/1000 = 0.8670
  [blimp/transitive] 830/1000 = 0.8300
  [blimp/wh_island] 741/1000 = 0.7410
  [blimp/wh_questions_object_gap] 809/1000 = 0.8090
  [blimp/wh_questions_subject_gap] 924/1000 = 0.9240
  [blimp/wh_questions_subject_gap_long_distance] 899/1000 = 0.8990
  [blimp/wh_vs_that_no_gap] 982/1000 = 0.9820
  [blimp/wh_vs_that_no_gap_long_distance] 987/1000 = 0.9870
  [blimp/wh_vs_that_with_gap] 574/1000 = 0.5740
  [blimp/wh_vs_that_with_gap_long_distance] 338/1000 = 0.3380
  blimp: 52164/67000 = 0.7786

=======================================================
Task: sciq
=======================================================
  [sciq] 200/1000  acc=0.4900
  [sciq] 400/1000  acc=0.5100
  [sciq] 600/1000  acc=0.5033
  [sciq] 800/1000  acc=0.5175
  [sciq] 1000/1000  acc=0.5170
  sciq: 517/1000 = 0.5170

=======================================================
Task: arc_easy
=======================================================
  [arc_easy] 200/570  acc=0.2850
  [arc_easy] 400/570  acc=0.3200
  arc_easy: 178/570 = 0.3123

=======================================================
Task: piqa
=======================================================
  [piqa] 200/1838  acc=0.6300
  [piqa] 400/1838  acc=0.6200
  [piqa] 600/1838  acc=0.6083
  [piqa] 800/1838  acc=0.5962
  [piqa] 1000/1838  acc=0.6010
  [piqa] 1200/1838  acc=0.6083
  [piqa] 1400/1838  acc=0.5986
  [piqa] 1600/1838  acc=0.6094
  [piqa] 1800/1838  acc=0.6056
  piqa: 1114/1838 = 0.6061

Task                Correct    Total      Acc
---------------------------------------------
lambada                1453     5153   0.2820
blimp                 52164    67000   0.7786
sciq                    517     1000   0.5170
arc_easy                178      570   0.3123
piqa                   1114     1838   0.6061

Results saved -> eval_results/easy_20260706/cortex-5b-k4
Results written to eval_results/easy_20260706/cortex-5b-k4

Easy benchmarks -- accuracy (eval_results/easy_20260706)
--------------------------------------------------------------------------
Model              lambada       blimp        sciq    arc_easy        piqa
--------------------------------------------------------------------------
pythia-5b           0.2961      0.7642      0.5380      0.3018      0.6099
parcae-5b           0.2843      0.7811      0.5130      0.3105      0.6137
cortex-5b           0.2765      0.7762      0.4990      0.3175      0.6153
cortex-5b-k4        0.2820      0.7786      0.5170      0.3123      0.6061
--------------------------------------------------------------------------
still missing: ccot-5b
---------------------------------------
Begin Slurm Epilog: Jul-06-2026 15:06:29
Job ID:        10813879
User ID:       hjiang420
Account:       gts-aivanova7-lab
Job name:      job_eval_easy_cortex_k4.sh
Resources:     cpu=8,gres/gpu:a100=1,mem=64G,node=1
Rsrc Used:     cput=09:53:20,vmem=0,walltime=01:14:10,mem=3745704K,energy_used=0
Partition:     gpu-a100
QOS:           inferno
Nodes:         atl1-1-01-006-1-0
---------------------------------------
