---------------------------------------
Begin Slurm Prolog: Jun-10-2026 19:18:46
Job ID:    9797527
User ID:   hjiang420
Account:   gts-aivanova7-lab
Job name:  job_eval_basic.sh
Partition: gpu-a100
QOS:       inferno
---------------------------------------
============================================================
Multiple choice
============================================================
[cortex-5b]
Warning: You are sending unauthenticated requests to the HF Hub. Please set a HF_TOKEN to enable higher rate limits and faster downloads.
`trust_remote_code` is not supported anymore.
Please check that the Hugging Face dataset 'allenai/winogrande' isn't based on a loading script and remove `trust_remote_code`.
If the dataset is based on a loading script, please ask the dataset author to remove it and convert it to a standard format like Parquet.
Loading checkpoint: runs/cortex-5b/checkpoint_0154441/checkpoint.pt
T=8  tasks=['hellaswag', 'winogrande', 'arc_easy', 'arc_challenge', 'piqa']

=======================================================
Task: hellaswag
=======================================================
  [hellaswag] 200/10042  acc=0.2950
  [hellaswag] 400/10042  acc=0.2725
  [hellaswag] 600/10042  acc=0.2850
  [hellaswag] 800/10042  acc=0.2875
  [hellaswag] 1000/10042  acc=0.2850
  [hellaswag] 1200/10042  acc=0.2842
  [hellaswag] 1400/10042  acc=0.2829
  [hellaswag] 1600/10042  acc=0.2812
  [hellaswag] 1800/10042  acc=0.2778
  [hellaswag] 2000/10042  acc=0.2725
  [hellaswag] 2200/10042  acc=0.2727
  [hellaswag] 2400/10042  acc=0.2733
  [hellaswag] 2600/10042  acc=0.2727
  [hellaswag] 2800/10042  acc=0.2764
  [hellaswag] 3000/10042  acc=0.2800
  [hellaswag] 3200/10042  acc=0.2847
  [hellaswag] 3400/10042  acc=0.2826
  [hellaswag] 3600/10042  acc=0.2814
  [hellaswag] 3800/10042  acc=0.2797
  [hellaswag] 4000/10042  acc=0.2745
  [hellaswag] 4200/10042  acc=0.2740
  [hellaswag] 4400/10042  acc=0.2736
  [hellaswag] 4600/10042  acc=0.2707
  [hellaswag] 4800/10042  acc=0.2677
  [hellaswag] 5000/10042  acc=0.2676
  [hellaswag] 5200/10042  acc=0.2658
  [hellaswag] 5400/10042  acc=0.2641
  [hellaswag] 5600/10042  acc=0.2632
  [hellaswag] 5800/10042  acc=0.2626
  [hellaswag] 6000/10042  acc=0.2618
  [hellaswag] 6200/10042  acc=0.2602
  [hellaswag] 6400/10042  acc=0.2594
  [hellaswag] 6600/10042  acc=0.2598
  [hellaswag] 6800/10042  acc=0.2600
  [hellaswag] 7000/10042  acc=0.2589
  [hellaswag] 7200/10042  acc=0.2571
  [hellaswag] 7400/10042  acc=0.2562
  [hellaswag] 7600/10042  acc=0.2549
  [hellaswag] 7800/10042  acc=0.2549
  [hellaswag] 8000/10042  acc=0.2540
  [hellaswag] 8200/10042  acc=0.2535
  [hellaswag] 8400/10042  acc=0.2531
  [hellaswag] 8600/10042  acc=0.2520
  [hellaswag] 8800/10042  acc=0.2507
  [hellaswag] 9000/10042  acc=0.2499
  [hellaswag] 9200/10042  acc=0.2507
  [hellaswag] 9400/10042  acc=0.2511
  [hellaswag] 9600/10042  acc=0.2507
  [hellaswag] 9800/10042  acc=0.2499
  [hellaswag] 10000/10042  acc=0.2503
  hellaswag: 2506/10042 = 0.2496

=======================================================
Task: winogrande
=======================================================
  [winogrande] 200/1267  acc=0.4900
  [winogrande] 400/1267  acc=0.4925
  [winogrande] 600/1267  acc=0.5050
  [winogrande] 800/1267  acc=0.5200
  [winogrande] 1000/1267  acc=0.5170
  [winogrande] 1200/1267  acc=0.5183
  winogrande: 652/1267 = 0.5146

=======================================================
Task: arc_easy
=======================================================
  [arc_easy] 200/570  acc=0.2500
  [arc_easy] 400/570  acc=0.2600
  arc_easy: 149/570 = 0.2614

=======================================================
Task: arc_challenge
=======================================================
  [arc_challenge] 200/299  acc=0.2250
  arc_challenge: 70/299 = 0.2341

=======================================================
Task: piqa
=======================================================
Traceback (most recent call last):
  File "/storage/home/hcoda1/3/hjiang420/cortex/evals/eval_multiple_choice.py", line 215, in <module>
    main()
  File "/storage/home/hcoda1/3/hjiang420/cortex/evals/eval_multiple_choice.py", line 193, in main
    examples = LOADERS[task](args.max_examples)
               ^^^^^^^^^^^^^^^^^^^^^^^^^^^^^^^^
  File "/storage/home/hcoda1/3/hjiang420/cortex/evals/eval_multiple_choice.py", line 141, in <lambda>
    "piqa":          lambda n: load_piqa(n),
                               ^^^^^^^^^^^^
  File "/storage/home/hcoda1/3/hjiang420/cortex/evals/eval_multiple_choice.py", line 130, in load_piqa
    ds = load_dataset("piqa", split="validation")
         ^^^^^^^^^^^^^^^^^^^^^^^^^^^^^^^^^^^^^^^^
  File "/storage/home/hcoda1/3/hjiang420/.conda/envs/cortex/lib/python3.11/site-packages/datasets/load.py", line 1688, in load_dataset
    builder_instance = load_dataset_builder(
                       ^^^^^^^^^^^^^^^^^^^^^
  File "/storage/home/hcoda1/3/hjiang420/.conda/envs/cortex/lib/python3.11/site-packages/datasets/load.py", line 1315, in load_dataset_builder
    dataset_module = dataset_module_factory(
                     ^^^^^^^^^^^^^^^^^^^^^^^
  File "/storage/home/hcoda1/3/hjiang420/.conda/envs/cortex/lib/python3.11/site-packages/datasets/load.py", line 1207, in dataset_module_factory
    raise e1 from None
  File "/storage/home/hcoda1/3/hjiang420/.conda/envs/cortex/lib/python3.11/site-packages/datasets/load.py", line 1167, in dataset_module_factory
    raise RuntimeError(f"Dataset scripts are no longer supported, but found {filename}")
RuntimeError: Dataset scripts are no longer supported, but found piqa.py
[cortex-5b-k4]
Warning: You are sending unauthenticated requests to the HF Hub. Please set a HF_TOKEN to enable higher rate limits and faster downloads.
`trust_remote_code` is not supported anymore.
Please check that the Hugging Face dataset 'allenai/winogrande' isn't based on a loading script and remove `trust_remote_code`.
If the dataset is based on a loading script, please ask the dataset author to remove it and convert it to a standard format like Parquet.
Loading checkpoint: runs/cortex-5b-k4/checkpoint_0152584/checkpoint.pt
T=8  tasks=['hellaswag', 'winogrande', 'arc_easy', 'arc_challenge', 'piqa']

=======================================================
Task: hellaswag
=======================================================
  [hellaswag] 200/10042  acc=0.2950
  [hellaswag] 400/10042  acc=0.2650
  [hellaswag] 600/10042  acc=0.2767
  [hellaswag] 800/10042  acc=0.2825
  [hellaswag] 1000/10042  acc=0.2790
  [hellaswag] 1200/10042  acc=0.2825
  [hellaswag] 1400/10042  acc=0.2886
  [hellaswag] 1600/10042  acc=0.2850
  [hellaswag] 1800/10042  acc=0.2817
  [hellaswag] 2000/10042  acc=0.2775
  [hellaswag] 2200/10042  acc=0.2800
  [hellaswag] 2400/10042  acc=0.2783
  [hellaswag] 2600/10042  acc=0.2781
  [hellaswag] 2800/10042  acc=0.2789
  [hellaswag] 3000/10042  acc=0.2823
  [hellaswag] 3200/10042  acc=0.2853
  [hellaswag] 3400/10042  acc=0.2835
  [hellaswag] 3600/10042  acc=0.2814
  [hellaswag] 3800/10042  acc=0.2776
  [hellaswag] 4000/10042  acc=0.2737
  [hellaswag] 4200/10042  acc=0.2738
  [hellaswag] 4400/10042  acc=0.2736
  [hellaswag] 4600/10042  acc=0.2720
  [hellaswag] 4800/10042  acc=0.2692
  [hellaswag] 5000/10042  acc=0.2690
  [hellaswag] 5200/10042  acc=0.2675
  [hellaswag] 5400/10042  acc=0.2654
  [hellaswag] 5600/10042  acc=0.2646
  [hellaswag] 5800/10042  acc=0.2633
  [hellaswag] 6000/10042  acc=0.2637
  [hellaswag] 6200/10042  acc=0.2627
  [hellaswag] 6400/10042  acc=0.2616
  [hellaswag] 6600/10042  acc=0.2626
  [hellaswag] 6800/10042  acc=0.2621
  [hellaswag] 7000/10042  acc=0.2610
  [hellaswag] 7200/10042  acc=0.2590
  [hellaswag] 7400/10042  acc=0.2586
  [hellaswag] 7600/10042  acc=0.2571
  [hellaswag] 7800/10042  acc=0.2574
  [hellaswag] 8000/10042  acc=0.2560
  [hellaswag] 8200/10042  acc=0.2552
  [hellaswag] 8400/10042  acc=0.2549
  [hellaswag] 8600/10042  acc=0.2537
  [hellaswag] 8800/10042  acc=0.2523
  [hellaswag] 9000/10042  acc=0.2517
  [hellaswag] 9200/10042  acc=0.2521
  [hellaswag] 9400/10042  acc=0.2524
  [hellaswag] 9600/10042  acc=0.2522
  [hellaswag] 9800/10042  acc=0.2511
  [hellaswag] 10000/10042  acc=0.2518
  hellaswag: 2522/10042 = 0.2511

=======================================================
Task: winogrande
=======================================================
  [winogrande] 200/1267  acc=0.5000
  [winogrande] 400/1267  acc=0.5075
  [winogrande] 600/1267  acc=0.5050
  [winogrande] 800/1267  acc=0.5150
  [winogrande] 1000/1267  acc=0.5060
  [winogrande] 1200/1267  acc=0.5100
  winogrande: 643/1267 = 0.5075

=======================================================
Task: arc_easy
=======================================================
  [arc_easy] 200/570  acc=0.2400
  [arc_easy] 400/570  acc=0.2700
  arc_easy: 152/570 = 0.2667

=======================================================
Task: arc_challenge
=======================================================
  [arc_challenge] 200/299  acc=0.2000
  arc_challenge: 68/299 = 0.2274

=======================================================
Task: piqa
=======================================================
Traceback (most recent call last):
  File "/storage/home/hcoda1/3/hjiang420/cortex/evals/eval_multiple_choice.py", line 215, in <module>
    main()
  File "/storage/home/hcoda1/3/hjiang420/cortex/evals/eval_multiple_choice.py", line 193, in main
    examples = LOADERS[task](args.max_examples)
               ^^^^^^^^^^^^^^^^^^^^^^^^^^^^^^^^
  File "/storage/home/hcoda1/3/hjiang420/cortex/evals/eval_multiple_choice.py", line 141, in <lambda>
    "piqa":          lambda n: load_piqa(n),
                               ^^^^^^^^^^^^
  File "/storage/home/hcoda1/3/hjiang420/cortex/evals/eval_multiple_choice.py", line 130, in load_piqa
    ds = load_dataset("piqa", split="validation")
         ^^^^^^^^^^^^^^^^^^^^^^^^^^^^^^^^^^^^^^^^
  File "/storage/home/hcoda1/3/hjiang420/.conda/envs/cortex/lib/python3.11/site-packages/datasets/load.py", line 1688, in load_dataset
    builder_instance = load_dataset_builder(
                       ^^^^^^^^^^^^^^^^^^^^^
  File "/storage/home/hcoda1/3/hjiang420/.conda/envs/cortex/lib/python3.11/site-packages/datasets/load.py", line 1315, in load_dataset_builder
    dataset_module = dataset_module_factory(
                     ^^^^^^^^^^^^^^^^^^^^^^^
  File "/storage/home/hcoda1/3/hjiang420/.conda/envs/cortex/lib/python3.11/site-packages/datasets/load.py", line 1207, in dataset_module_factory
    raise e1 from None
  File "/storage/home/hcoda1/3/hjiang420/.conda/envs/cortex/lib/python3.11/site-packages/datasets/load.py", line 1167, in dataset_module_factory
    raise RuntimeError(f"Dataset scripts are no longer supported, but found {filename}")
RuntimeError: Dataset scripts are no longer supported, but found piqa.py
[pythia-5b]
Loading checkpoint: runs/pythia-5b/checkpoint_0152584/checkpoint.pt
Traceback (most recent call last):
  File "/storage/home/hcoda1/3/hjiang420/cortex/evals/eval_multiple_choice.py", line 215, in <module>
    main()
  File "/storage/home/hcoda1/3/hjiang420/cortex/evals/eval_multiple_choice.py", line 178, in main
    model, cfg = load_checkpoint(args.checkpoint, args.model_name,
                 ^^^^^^^^^^^^^^^^^^^^^^^^^^^^^^^^^^^^^^^^^^^^^^^^^
  File "/storage/home/hcoda1/3/hjiang420/cortex/evals/model_utils.py", line 38, in load_checkpoint
    model.load_state_dict(ckpt["model"], strict=True)
  File "/storage/home/hcoda1/3/hjiang420/.conda/envs/cortex/lib/python3.11/site-packages/torch/nn/modules/module.py", line 2584, in load_state_dict
    raise RuntimeError(
RuntimeError: Error(s) in loading state_dict for CortexGPT:
	Missing key(s) in state_dict: "ln_prelude.weight", "ln_prelude.bias". 
[parcae-5b]
Warning: You are sending unauthenticated requests to the HF Hub. Please set a HF_TOKEN to enable higher rate limits and faster downloads.
`trust_remote_code` is not supported anymore.
Please check that the Hugging Face dataset 'allenai/winogrande' isn't based on a loading script and remove `trust_remote_code`.
If the dataset is based on a loading script, please ask the dataset author to remove it and convert it to a standard format like Parquet.
Loading checkpoint: runs/parcae-5b/checkpoint_0154441/checkpoint.pt
T=8  tasks=['hellaswag', 'winogrande', 'arc_easy', 'arc_challenge', 'piqa']

=======================================================
Task: hellaswag
=======================================================
  [hellaswag] 200/10042  acc=0.3050
  [hellaswag] 400/10042  acc=0.2800
  [hellaswag] 600/10042  acc=0.2833
  [hellaswag] 800/10042  acc=0.2888
  [hellaswag] 1000/10042  acc=0.2920
  [hellaswag] 1200/10042  acc=0.2925
  [hellaswag] 1400/10042  acc=0.2943
  [hellaswag] 1600/10042  acc=0.2888
  [hellaswag] 1800/10042  acc=0.2850
  [hellaswag] 2000/10042  acc=0.2815
  [hellaswag] 2200/10042  acc=0.2809
  [hellaswag] 2400/10042  acc=0.2812
  [hellaswag] 2600/10042  acc=0.2827
  [hellaswag] 2800/10042  acc=0.2861
  [hellaswag] 3000/10042  acc=0.2880
  [hellaswag] 3200/10042  acc=0.2928
  [hellaswag] 3400/10042  acc=0.2903
  [hellaswag] 3600/10042  acc=0.2875
  [hellaswag] 3800/10042  acc=0.2850
  [hellaswag] 4000/10042  acc=0.2807
  [hellaswag] 4200/10042  acc=0.2807
  [hellaswag] 4400/10042  acc=0.2795
  [hellaswag] 4600/10042  acc=0.2765
  [hellaswag] 4800/10042  acc=0.2731
  [hellaswag] 5000/10042  acc=0.2720
  [hellaswag] 5200/10042  acc=0.2702
  [hellaswag] 5400/10042  acc=0.2681
  [hellaswag] 5600/10042  acc=0.2677
  [hellaswag] 5800/10042  acc=0.2671
  [hellaswag] 6000/10042  acc=0.2668
  [hellaswag] 6200/10042  acc=0.2661
  [hellaswag] 6400/10042  acc=0.2647
  [hellaswag] 6600/10042  acc=0.2642
  [hellaswag] 6800/10042  acc=0.2641
  [hellaswag] 7000/10042  acc=0.2629
  [hellaswag] 7200/10042  acc=0.2604
  [hellaswag] 7400/10042  acc=0.2593
  [hellaswag] 7600/10042  acc=0.2575
  [hellaswag] 7800/10042  acc=0.2574
  [hellaswag] 8000/10042  acc=0.2564
  [hellaswag] 8200/10042  acc=0.2554
  [hellaswag] 8400/10042  acc=0.2554
  [hellaswag] 8600/10042  acc=0.2543
  [hellaswag] 8800/10042  acc=0.2528
  [hellaswag] 9000/10042  acc=0.2522
  [hellaswag] 9200/10042  acc=0.2530
  [hellaswag] 9400/10042  acc=0.2536
  [hellaswag] 9600/10042  acc=0.2534
  [hellaswag] 9800/10042  acc=0.2529
  [hellaswag] 10000/10042  acc=0.2535
  hellaswag: 2540/10042 = 0.2529

=======================================================
Task: winogrande
=======================================================
  [winogrande] 200/1267  acc=0.4950
  [winogrande] 400/1267  acc=0.5025
  [winogrande] 600/1267  acc=0.5133
  [winogrande] 800/1267  acc=0.5175
  [winogrande] 1000/1267  acc=0.5160
  [winogrande] 1200/1267  acc=0.5175
  winogrande: 654/1267 = 0.5162

=======================================================
Task: arc_easy
=======================================================
  [arc_easy] 200/570  acc=0.2550
  [arc_easy] 400/570  acc=0.2700
  arc_easy: 152/570 = 0.2667

=======================================================
Task: arc_challenge
=======================================================
  [arc_challenge] 200/299  acc=0.2450
  arc_challenge: 78/299 = 0.2609

=======================================================
Task: piqa
=======================================================
Traceback (most recent call last):
  File "/storage/home/hcoda1/3/hjiang420/cortex/evals/eval_multiple_choice.py", line 215, in <module>
    main()
  File "/storage/home/hcoda1/3/hjiang420/cortex/evals/eval_multiple_choice.py", line 193, in main
    examples = LOADERS[task](args.max_examples)
               ^^^^^^^^^^^^^^^^^^^^^^^^^^^^^^^^
  File "/storage/home/hcoda1/3/hjiang420/cortex/evals/eval_multiple_choice.py", line 141, in <lambda>
    "piqa":          lambda n: load_piqa(n),
                               ^^^^^^^^^^^^
  File "/storage/home/hcoda1/3/hjiang420/cortex/evals/eval_multiple_choice.py", line 130, in load_piqa
    ds = load_dataset("piqa", split="validation")
         ^^^^^^^^^^^^^^^^^^^^^^^^^^^^^^^^^^^^^^^^
  File "/storage/home/hcoda1/3/hjiang420/.conda/envs/cortex/lib/python3.11/site-packages/datasets/load.py", line 1688, in load_dataset
    builder_instance = load_dataset_builder(
                       ^^^^^^^^^^^^^^^^^^^^^
  File "/storage/home/hcoda1/3/hjiang420/.conda/envs/cortex/lib/python3.11/site-packages/datasets/load.py", line 1315, in load_dataset_builder
    dataset_module = dataset_module_factory(
                     ^^^^^^^^^^^^^^^^^^^^^^^
  File "/storage/home/hcoda1/3/hjiang420/.conda/envs/cortex/lib/python3.11/site-packages/datasets/load.py", line 1207, in dataset_module_factory
    raise e1 from None
  File "/storage/home/hcoda1/3/hjiang420/.conda/envs/cortex/lib/python3.11/site-packages/datasets/load.py", line 1167, in dataset_module_factory
    raise RuntimeError(f"Dataset scripts are no longer supported, but found {filename}")
RuntimeError: Dataset scripts are no longer supported, but found piqa.py
============================================================
GSM8K
============================================================
[cortex-5b]
Warning: You are sending unauthenticated requests to the HF Hub. Please set a HF_TOKEN to enable higher rate limits and faster downloads.
Loading checkpoint: runs/cortex-5b/checkpoint_0154441/checkpoint.pt
T=8
  100/1319  acc=0.0000
  200/1319  acc=0.0000
  300/1319  acc=0.0000
  400/1319  acc=0.0025
  500/1319  acc=0.0020
  600/1319  acc=0.0017
  700/1319  acc=0.0014
  800/1319  acc=0.0013
  900/1319  acc=0.0011
  1000/1319  acc=0.0010
  1100/1319  acc=0.0009
  1200/1319  acc=0.0008
  1300/1319  acc=0.0008

GSM8K accuracy: 1/1319 = 0.0008
Results saved → eval_results/basic_20260610_191852/gsm8k/cortex-5b
[cortex-5b-k4]
Warning: You are sending unauthenticated requests to the HF Hub. Please set a HF_TOKEN to enable higher rate limits and faster downloads.
[2026-06-11T03:19:13.032] error: *** JOB 9797527 ON atl1-1-02-018-31-0 CANCELLED AT 2026-06-11T03:19:13 DUE TO TIME LIMIT ***
---------------------------------------
Begin Slurm Epilog: Jun-11-2026 03:19:16
Job ID:        9797527
User ID:       hjiang420
Account:       gts-aivanova7-lab
Job name:      job_eval_basic.sh
Resources:     cpu=8,gres/gpu:a100=1,mem=64G,node=1
Rsrc Used:     cput=2-16:03:52,vmem=0,walltime=08:00:29,mem=3125000K,energy_used=0
Partition:     gpu-a100
QOS:           inferno
Nodes:         atl1-1-02-018-31-0
---------------------------------------
