---------------------------------------
Begin Slurm Prolog: Jun-06-2026 08:46:57
Job ID:    9495972
User ID:   hjiang420
Account:   gts-aivanova7-lab
Job name:  job5b2_resume.sh
Partition: gpu-a100
QOS:       inferno
---------------------------------------
Resuming from: runs/cortex-5b-k4/checkpoint_0038146
Warning: You are sending unauthenticated requests to the HF Hub. Please set a HF_TOKEN to enable higher rate limits and faster downloads.
Loading EleutherAI/pythia-160m ...
Params: 171,773,954 total, 171,773,954 trainable
Layer split: Pre=3, Loop=6, Coda=3
mu_rec=8, mu_bwd=4 (= ceil(8/2))
Effective batch: 32768 tokens = 16 seqs x 2048 tok
Grad accum: 4 | World size: 1
Max steps: 38,146 | Warmup: 381 | Cooldown: 3814
Curriculum: mu_rec ramps 1->8 over 3800 steps
Resumed from step 38146, 1,249,968,128 tokens
`trust_remote_code` is not supported anymore.
Please check that the Hugging Face dataset 'EleutherAI/the_pile_deduplicated' isn't based on a loading script and remove `trust_remote_code`.
If the dataset is based on a loading script, please ask the dataset author to remove it and convert it to a standard format like Parquet.
`trust_remote_code` is not supported anymore.
Please check that the Hugging Face dataset 'EleutherAI/the_pile_deduplicated' isn't based on a loading script and remove `trust_remote_code`.
If the dataset is based on a loading script, please ask the dataset author to remove it and convert it to a standard format like Parquet.
wandb: [wandb.login()] Loaded credentials for https://api.wandb.ai from /storage/home/hcoda1/3/hjiang420/.netrc.
wandb: Currently logged in as: henryyjiang42 (henryyjiang42-georgia-institute-of-technology) to https://api.wandb.ai. Use `wandb login --relogin` to force relogin
wandb: setting up run bz0133u8
wandb: Tracking run with wandb version 0.27.0
wandb: Run data is saved locally in runs/cortex-5b-k4/wandb/run-20260606_084731-bz0133u8
wandb: Run `wandb offline` to turn off syncing.
wandb: Syncing run cortex-5b-k4
wandb: ⭐️ View project at https://wandb.ai/henryyjiang42-georgia-institute-of-technology/cortex-gpt
wandb: 🚀 View run at https://wandb.ai/henryyjiang42-georgia-institute-of-technology/cortex-gpt/runs/bz0133u8
wandb: updating run metadata
wandb: uploading summary, console lines 0-1
wandb: 🚀 View run cortex-5b-k4 at: https://wandb.ai/henryyjiang42-georgia-institute-of-technology/cortex-gpt/runs/bz0133u8
wandb: ⭐️ View project at: https://wandb.ai/henryyjiang42-georgia-institute-of-technology/cortex-gpt
wandb: Synced 5 W&B file(s), 0 media file(s), 0 artifact file(s) and 0 other file(s)
wandb: Find logs at: runs/cortex-5b-k4/wandb/run-20260606_084731-bz0133u8/logs
[step 38146] Saved -> runs/cortex-5b-k4/checkpoint_0038146
Training complete. 1.25B tokens, 38146 steps.
---------------------------------------
Begin Slurm Epilog: Jun-06-2026 08:48:05
Job ID:        9495972
User ID:       hjiang420
Account:       gts-aivanova7-lab
Job name:      job5b2_resume.sh
Resources:     cpu=8,gres/gpu:a100=1,mem=64G,node=1
Rsrc Used:     cput=00:09:04,vmem=0,walltime=00:01:08,mem=5954644K,energy_used=0
Partition:     gpu-a100
QOS:           inferno
Nodes:         atl1-1-02-018-33-0
---------------------------------------
