---------------------------------------
Begin Slurm Prolog: Jul-06-2026 13:03:07
Job ID:    10813876
User ID:   hjiang420
Account:   gts-aivanova7-lab
Job name:  job_eval_easy_parcae.sh
Partition: gpu-a100
QOS:       inferno
---------------------------------------
============================================================
Easy evals [parcae-5b]: LAMBADA, BLIMP, SciQ, ARC-Easy, PIQA
============================================================
[parcae-5b] runs/parcae-5b/checkpoint_0152584/checkpoint.pt
Warning: You are sending unauthenticated requests to the HF Hub. Please set a HF_TOKEN to enable higher rate limits and faster downloads.
Loading checkpoint: runs/parcae-5b/checkpoint_0152584/checkpoint.pt
T=8  tasks=['lambada', 'blimp', 'sciq', 'arc_easy', 'piqa']

=======================================================
Task: lambada
=======================================================
  [lambada] 500/5153  acc=0.2800
  [lambada] 1000/5153  acc=0.2800
  [lambada] 1500/5153  acc=0.2860
  [lambada] 2000/5153  acc=0.2920
  [lambada] 2500/5153  acc=0.2840
  [lambada] 3000/5153  acc=0.2827
  [lambada] 3500/5153  acc=0.2786
  [lambada] 4000/5153  acc=0.2833
  [lambada] 4500/5153  acc=0.2820
  [lambada] 5000/5153  acc=0.2836
  lambada: 1465/5153 = 0.2843

=======================================================
Task: blimp
=======================================================
  [blimp/adjunct_island] 891/1000 = 0.8910
  [blimp/anaphor_gender_agreement] 913/1000 = 0.9130
  [blimp/anaphor_number_agreement] 988/1000 = 0.9880
  [blimp/animate_subject_passive] 755/1000 = 0.7550
  [blimp/animate_subject_trans] 789/1000 = 0.7890
  [blimp/causative] 679/1000 = 0.6790
  [blimp/complex_NP_island] 623/1000 = 0.6230
  [blimp/coordinate_structure_constraint_complex_left_branch] 530/1000 = 0.5300
  [blimp/coordinate_structure_constraint_object_extraction] 848/1000 = 0.8480
  [blimp/determiner_noun_agreement_1] 970/1000 = 0.9700
  [blimp/determiner_noun_agreement_2] 976/1000 = 0.9760
  [blimp/determiner_noun_agreement_irregular_1] 875/1000 = 0.8750
  [blimp/determiner_noun_agreement_irregular_2] 936/1000 = 0.9360
  [blimp/determiner_noun_agreement_with_adj_2] 922/1000 = 0.9220
  [blimp/determiner_noun_agreement_with_adj_irregular_1] 877/1000 = 0.8770
  [blimp/determiner_noun_agreement_with_adj_irregular_2] 891/1000 = 0.8910
  [blimp/determiner_noun_agreement_with_adjective_1] 931/1000 = 0.9310
  [blimp/distractor_agreement_relational_noun] 795/1000 = 0.7950
  [blimp/distractor_agreement_relative_clause] 645/1000 = 0.6450
  [blimp/drop_argument] 796/1000 = 0.7960
  [blimp/ellipsis_n_bar_1] 805/1000 = 0.8050
  [blimp/ellipsis_n_bar_2] 806/1000 = 0.8060
  [blimp/existential_there_object_raising] 822/1000 = 0.8220
  [blimp/existential_there_quantifiers_1] 976/1000 = 0.9760
  [blimp/existential_there_quantifiers_2] 472/1000 = 0.4720
  [blimp/existential_there_subject_raising] 874/1000 = 0.8740
  [blimp/expletive_it_object_raising] 799/1000 = 0.7990
  [blimp/inchoative] 645/1000 = 0.6450
  [blimp/intransitive] 800/1000 = 0.8000
  [blimp/irregular_past_participle_adjectives] 932/1000 = 0.9320
  [blimp/irregular_past_participle_verbs] 915/1000 = 0.9150
  [blimp/irregular_plural_subject_verb_agreement_1] 853/1000 = 0.8530
  [blimp/irregular_plural_subject_verb_agreement_2] 900/1000 = 0.9000
  [blimp/left_branch_island_echo_question] 408/1000 = 0.4080
  [blimp/left_branch_island_simple_question] 638/1000 = 0.6380
  [blimp/matrix_question_npi_licensor_present] 573/1000 = 0.5730
  [blimp/npi_present_1] 590/1000 = 0.5900
  [blimp/npi_present_2] 579/1000 = 0.5790
  [blimp/only_npi_licensor_present] 689/1000 = 0.6890
  [blimp/only_npi_scope] 814/1000 = 0.8140
  [blimp/passive_1] 909/1000 = 0.9090
  [blimp/passive_2] 901/1000 = 0.9010
  [blimp/principle_A_c_command] 653/1000 = 0.6530
  [blimp/principle_A_case_1] 1000/1000 = 1.0000
  [blimp/principle_A_case_2] 929/1000 = 0.9290
  [blimp/principle_A_domain_1] 980/1000 = 0.9800
  [blimp/principle_A_domain_2] 854/1000 = 0.8540
  [blimp/principle_A_domain_3] 531/1000 = 0.5310
  [blimp/principle_A_reconstruction] 272/1000 = 0.2720
  [blimp/regular_plural_subject_verb_agreement_1] 875/1000 = 0.8750
  [blimp/regular_plural_subject_verb_agreement_2] 872/1000 = 0.8720
  [blimp/sentential_negation_npi_licensor_present] 997/1000 = 0.9970
  [blimp/sentential_negation_npi_scope] 576/1000 = 0.5760
  [blimp/sentential_subject_island] 316/1000 = 0.3160
  [blimp/superlative_quantifiers_1] 856/1000 = 0.8560
  [blimp/superlative_quantifiers_2] 804/1000 = 0.8040
  [blimp/tough_vs_raising_1] 625/1000 = 0.6250
  [blimp/tough_vs_raising_2] 893/1000 = 0.8930
  [blimp/transitive] 851/1000 = 0.8510
  [blimp/wh_island] 745/1000 = 0.7450
  [blimp/wh_questions_object_gap] 759/1000 = 0.7590
  [blimp/wh_questions_subject_gap] 903/1000 = 0.9030
  [blimp/wh_questions_subject_gap_long_distance] 876/1000 = 0.8760
  [blimp/wh_vs_that_no_gap] 962/1000 = 0.9620
  [blimp/wh_vs_that_no_gap_long_distance] 982/1000 = 0.9820
  [blimp/wh_vs_that_with_gap] 600/1000 = 0.6000
  [blimp/wh_vs_that_with_gap_long_distance] 290/1000 = 0.2900
  blimp: 52331/67000 = 0.7811

=======================================================
Task: sciq
=======================================================
  [sciq] 200/1000  acc=0.5300
  [sciq] 400/1000  acc=0.5500
  [sciq] 600/1000  acc=0.5100
  [sciq] 800/1000  acc=0.5238
  [sciq] 1000/1000  acc=0.5130
  sciq: 513/1000 = 0.5130

=======================================================
Task: arc_easy
=======================================================
  [arc_easy] 200/570  acc=0.2900
  [arc_easy] 400/570  acc=0.3125
  arc_easy: 177/570 = 0.3105

=======================================================
Task: piqa
=======================================================
  [piqa] 200/1838  acc=0.6300
  [piqa] 400/1838  acc=0.6050
  [piqa] 600/1838  acc=0.6100
  [piqa] 800/1838  acc=0.5950
  [piqa] 1000/1838  acc=0.6050
  [piqa] 1200/1838  acc=0.6083
  [piqa] 1400/1838  acc=0.6050
  [piqa] 1600/1838  acc=0.6156
  [piqa] 1800/1838  acc=0.6139
  piqa: 1128/1838 = 0.6137

Task                Correct    Total      Acc
---------------------------------------------
lambada                1465     5153   0.2843
blimp                 52331    67000   0.7811
sciq                    513     1000   0.5130
arc_easy                177      570   0.3105
piqa                   1128     1838   0.6137

Results saved -> eval_results/easy_20260706/parcae-5b
Results written to eval_results/easy_20260706/parcae-5b

Easy benchmarks -- accuracy (eval_results/easy_20260706)
-----------------------------------------------------------------------
Model           lambada       blimp        sciq    arc_easy        piqa
-----------------------------------------------------------------------
pythia-5b        0.2961      0.7642      0.5380      0.3018      0.6099
parcae-5b        0.2843      0.7811      0.5130      0.3105      0.6137
-----------------------------------------------------------------------
still missing: ccot-5b, cortex-5b, cortex-5b-k4
---------------------------------------
Begin Slurm Epilog: Jul-06-2026 14:14:00
Job ID:        10813876
User ID:       hjiang420
Account:       gts-aivanova7-lab
Job name:      job_eval_easy_parcae.sh
Resources:     cpu=8,gres/gpu:a100=1,mem=64G,node=1
Rsrc Used:     cput=09:27:28,vmem=0,walltime=01:10:56,mem=3008628K,energy_used=0
Partition:     gpu-a100
QOS:           inferno
Nodes:         atl1-1-01-006-11-0
---------------------------------------
