---------------------------------------
Begin Slurm Prolog: Jun-04-2026 22:56:51
Job ID:    9433987
User ID:   hjiang420
Account:   gts-aivanova7-lab
Job name:  job5b.sh
Partition: gpu-a100
QOS:       inferno
---------------------------------------
Warning: You are sending unauthenticated requests to the HF Hub. Please set a HF_TOKEN to enable higher rate limits and faster downloads.
Loading EleutherAI/pythia-160m ...
Params: 162,915,840 total, 162,915,840 trainable
Layer split: Pre=2, Loop=8, Coda=2
mu_rec=8, mu_bwd=4 (= ceil(8/2))
Effective batch: 32768 tokens = 16 seqs x 2048 tok
Grad accum: 4 | World size: 1
Max steps: 45,776 | Warmup: 457 | Cooldown: 4577
Curriculum: mu_rec ramps 1->8 over 3800 steps
wandb: [wandb.login()] Loaded credentials for https://api.wandb.ai from /storage/home/hcoda1/3/hjiang420/.netrc.
wandb: Currently logged in as: henryyjiang42 (henryyjiang42-georgia-institute-of-technology) to https://api.wandb.ai. Use `wandb login --relogin` to force relogin
wandb: setting up run dljxfizw
wandb: Tracking run with wandb version 0.27.0
wandb: Run data is saved locally in runs/cortex-5b/wandb/run-20260604_225952-dljxfizw
wandb: Run `wandb offline` to turn off syncing.
wandb: Syncing run cortex-5b
wandb: ⭐️ View project at https://wandb.ai/henryyjiang42-georgia-institute-of-technology/cortex-gpt
wandb: 🚀 View run at https://wandb.ai/henryyjiang42-georgia-institute-of-technology/cortex-gpt/runs/dljxfizw
`trust_remote_code` is not supported anymore.
Please check that the Hugging Face dataset 'EleutherAI/the_pile_deduplicated' isn't based on a loading script and remove `trust_remote_code`.
If the dataset is based on a loading script, please ask the dataset author to remove it and convert it to a standard format like Parquet.
`trust_remote_code` is not supported anymore.
Please check that the Hugging Face dataset 'EleutherAI/the_pile_deduplicated' isn't based on a loading script and remove `trust_remote_code`.
If the dataset is based on a loading script, please ask the dataset author to remove it and convert it to a standard format like Parquet.
[2026-06-04T23:14:51.276] error: *** JOB 9433987 ON atl1-1-02-018-33-0 CANCELLED AT 2026-06-04T23:14:51 DUE to SIGNAL Terminated ***
---------------------------------------
Begin Slurm Epilog: Jun-04-2026 23:14:54
Job ID:        9433987
User ID:       hjiang420
Account:       gts-aivanova7-lab
Job name:      job5b.sh
Resources:     cpu=8,gres/gpu:a100=1,mem=64G,node=1
Rsrc Used:     cput=02:24:00,vmem=0,walltime=00:18:00,mem=5921520K,energy_used=0
Partition:     gpu-a100
QOS:           inferno
Nodes:         atl1-1-02-018-33-0
---------------------------------------
